BL51 BANKED LINKER/LOCATER V6.22                                                        05/13/2019  13:45:15  PAGE 1


BL51 BANKED LINKER/LOCATER V6.22, INVOKED BY:
C:\KEIL\C51\BIN\BL51.EXE main.obj, mmc_sd.obj, lcd.obj, tp.obj, .\USBX_F34X.LIB TO 1221_CTC24_GC9306_8并_中B RAMSIZE (25
>> 6)


MEMORY MODEL: SMALL


INPUT MODULES INCLUDED:
  main.obj (MAIN)
  mmc_sd.obj (MMC_SD)
  lcd.obj (LCD)
  tp.obj (TP)
  .\USBX_F34X.LIB (USB_API)
  .\USBX_F34X.LIB (USB_CLOCK_START)
  .\USBX_F34X.LIB (USB_SUSPEND)
  .\USBX_F34X.LIB (GET_INTERRUPT_SOURCE)
  .\USBX_F34X.LIB (BLOCK_READ)
  .\USBX_F34X.LIB (BLOCK_WRITE)
  .\USBX_F34X.LIB (USB_INT_ENABLE)
  .\USBX_F34X.LIB (USB_CLOCK_RECOVERY)
  .\USBX_F34X.LIB (USB_JUMP_ISR)
  C:\KEIL\C51\LIB\C51S.LIB (?C_STARTUP)
  C:\KEIL\C51\LIB\C51S.LIB (?C?COPY)
  C:\KEIL\C51\LIB\C51S.LIB (?C?CLDPTR)
  C:\KEIL\C51\LIB\C51S.LIB (?C?CLDOPTR)
  C:\KEIL\C51\LIB\C51S.LIB (?C?IMUL)
  C:\KEIL\C51\LIB\C51S.LIB (?C?IILDX)
  C:\KEIL\C51\LIB\C51S.LIB (?C?LMUL)
  C:\KEIL\C51\LIB\C51S.LIB (?C?ULDIV)
  C:\KEIL\C51\LIB\C51S.LIB (?C?ULCMP)
  C:\KEIL\C51\LIB\C51S.LIB (?C?ULSHR)
  C:\KEIL\C51\LIB\C51S.LIB (?C?LSHL)
  C:\KEIL\C51\LIB\C51S.LIB (?C?LLDIIDATA)
  C:\KEIL\C51\LIB\C51S.LIB (?C?LSTXDATA)
  C:\KEIL\C51\LIB\C51S.LIB (?C?LSTKXDATA)
  C:\KEIL\C51\LIB\C51S.LIB (?C?ICASE)
  C:\KEIL\C51\LIB\C51S.LIB (?C_IBP)
  C:\KEIL\C51\LIB\C51S.LIB (?C_INIT)


LINK MAP OF MODULE:  1221_CTC24_GC9306_8并_中B (MAIN)


            TYPE    BASE      LENGTH    RELOCATION   SEGMENT NAME
            -----------------------------------------------------

            * * * * * * *   D A T A   M E M O R Y   * * * * * * *
            REG     0000H     0008H     ABSOLUTE     "REG BANK 0"
            DATA    0008H     001EH     UNIT         _DATA_GROUP_
            DATA    0026H     0014H     UNIT         ?DT?MAIN
            DATA    003AH     000AH     UNIT         ?DT?_DRAWLINE?LCD
            DATA    0044H     0005H     UNIT         ?DT?_PUTPIXEL?LCD
            DATA    0049H     0004H     UNIT         ?DT?_STOPDELAY?MAIN
            DATA    004DH     0004H     UNIT         ?DT?_DRAWGIRD?LCD
            DATA    0051H     0002H     UNIT         ?DT?LCD
            DATA    0053H     0001H     UNIT         ?C?LIB_DATA
            IDATA   0054H     0001H     UNIT         ?STACK
BL51 BANKED LINKER/LOCATER V6.22                                                      05/13/2019  13:45:15  PAGE 2



            * * * * * * *  X D A T A   M E M O R Y  * * * * * * *
            XDATA   0000H     0200H     UNIT         ?XD?MMC_SD
            XDATA   0200H     0058H     UNIT         _XDATA_GROUP_
            XDATA   0258H     0040H     UNIT         ?XD?MAIN
            XDATA   0298H     001BH     UNIT         ?XD?_TP_GETPOSITION?TP
            XDATA   02B3H     0018H     UNIT         ?XD?TP_DRAWLINE?TP
            XDATA   02CBH     0005H     UNIT         ?XD?TP_READ?TP
            XDATA   02D0H     0001H     UNIT         ?XD?_TP_WRITE?TP
                    02D1H     036FH                  *** GAP ***
            XDATA   0640H     0100H     ABSOLUTE     
            XDATA   0740H     0012H     ABSOLUTE     
            XDATA   0752H     0020H     ABSOLUTE     
            XDATA   0772H     000CH     ABSOLUTE     
            XDATA   077EH     0008H     ABSOLUTE     
            XDATA   0786H     0001H     ABSOLUTE     
            XDATA   0787H     0003H     ABSOLUTE     
            XDATA   078AH     0002H     ABSOLUTE     
            XDATA   078CH     0002H     ABSOLUTE     
            XDATA   078EH     0003H     ABSOLUTE     
            XDATA   0791H     0001H     ABSOLUTE     
            XDATA   0792H     0001H     ABSOLUTE     
            XDATA   0793H     0001H     ABSOLUTE     
            XDATA   0794H     0001H     ABSOLUTE     
            XDATA   0795H     0002H     ABSOLUTE     
            XDATA   0797H     0002H     ABSOLUTE     
            XDATA   0799H     0001H     ABSOLUTE     
            XDATA   079AH     0001H     ABSOLUTE     
            XDATA   079BH     0001H     ABSOLUTE     
            XDATA   079CH     0001H     ABSOLUTE     
            XDATA   079DH     0001H     ABSOLUTE     
            XDATA   079EH     0001H     ABSOLUTE     
            XDATA   079FH     0002H     ABSOLUTE     
            XDATA   07A1H     0001H     ABSOLUTE     
            XDATA   07A2H     0001H     ABSOLUTE     
            XDATA   07A3H     000CH     ABSOLUTE     
                    07AFH     0011H                  *** GAP ***
            XDATA   07C0H     0040H     ABSOLUTE     

            * * * * * * *   C O D E   M E M O R Y   * * * * * * *
            CODE    0000H     0003H     ABSOLUTE     
            CODE    0003H     0040H     UNIT         ?PR?_DISPCOLOR?LCD
            CODE    0043H     0003H     ABSOLUTE     
            CODE    0046H     0044H     UNIT         ?PR?_PUTPIXEL?LCD
                    008AH     0001H                  *** GAP ***
            CODE    008BH     0003H     ABSOLUTE     
            CODE    008EH     0619H     UNIT         ?CO?LCD
            CODE    06A7H     05A7H     UNIT         ?PR?CONNTOUSB?MAIN
            CODE    0C4EH     0342H     UNIT         ?C?LIB_CODE
            CODE    0F90H     0233H     UNIT         ?PR?USBXCORE_HANDLE_SETUP?USB_API
            CODE    11C3H     01DBH     UNIT         ?PR?TP_DRAWLINE?TP
            CODE    139EH     0151H     UNIT         ?PR?USBXCORE_USB_ISR?USB_API
            CODE    14EFH     0150H     UNIT         ?PR?CTC24_ST7789V_P4?LCD
            CODE    163FH     0137H     UNIT         ?PR?_USB_INIT?USB_API
            CODE    1776H     012EH     UNIT         ?PR?CTC28_ST7789V_S3?LCD
            CODE    18A4H     0128H     UNIT         ?PR?CTC24_GC9306_S3?LCD
            CODE    19CCH     0124H     UNIT         ?PR?CTC28_ST7789V_P4?LCD
BL51 BANKED LINKER/LOCATER V6.22                                                      05/13/2019  13:45:15  PAGE 3


            CODE    1AF0H     011EH     UNIT         ?PR?CTC24_GC9306_P4?LCD
            CODE    1C0EH     011BH     UNIT         ?PR?_TP_GETPOSITION?TP
            CODE    1D29H     0112H     UNIT         ?PR?CTC28_GC9306_S3?LCD
            CODE    1E3BH     0111H     UNIT         ?PR?_BLOCK_WRITE?BLOCK_WRITE
            CODE    1F4CH     0110H     UNIT         ?PR?BOE24_GC9306_S3?LCD
            CODE    205CH     0110H     UNIT         ?PR?BOE28_GC9306_S3?LCD
            CODE    216CH     010EH     UNIT         ?PR?USB_API_TEST_ISR?MAIN
            CODE    227AH     0109H     UNIT         ?PR?_WRITEDATA?LCD
            CODE    2383H     0108H     UNIT         ?PR?CTC28_GC9306_P4?LCD
            CODE    248BH     0106H     UNIT         ?PR?BOE24_GC9306_P4?LCD
            CODE    2591H     0106H     UNIT         ?PR?BOE28_GC9306_P4?LCD
            CODE    2697H     00F0H     UNIT         ?PR?MAIN?MAIN
            CODE    2787H     00E0H     UNIT         ?PR?_WRITECOMM?LCD
            CODE    2867H     00CDH     UNIT         ?PR?USBXCORE_VENDOR_USB_API?USB_API
            CODE    2934H     00C9H     UNIT         ?PR?_DISPPICFROMSD?LCD
            CODE    29FDH     00B4H     UNIT         ?PR?_DISPREGVALUE?LCD
            CODE    2AB1H     00B3H     UNIT         ?PR?MMC_SD_RESET?MMC_SD
            CODE    2B64H     00B2H     UNIT         ?PR?USBXCORE_GET_DESCRIPTOR?USB_API
            CODE    2C16H     00AFH     UNIT         ?PR?_BLOCK_READ?BLOCK_READ
            CODE    2CC5H     00A5H     UNIT         ?PR?DISPBAND?LCD
            CODE    2D6AH     00A4H     UNIT         ?PR?_DISPONECHAR?LCD
            CODE    2E0EH     00A1H     UNIT         ?PR?_?BLOCKWRITE?LCD
            CODE    2EAFH     009BH     UNIT         ?PR?_DISPSTR?LCD
            CODE    2F4AH     009AH     UNIT         ?PR?_DISPINT?LCD
            CODE    2FE4H     0098H     UNIT         ?PR?LCD_INIT?LCD
            CODE    307CH     008CH     UNIT         ?C_C51STARTUP
            CODE    3108H     007FH     UNIT         ?PR?BOE24_ST7789V_S3?LCD
            CODE    3187H     007FH     UNIT         ?PR?BOE28_ST7789V_S3?LCD
            CODE    3206H     007EH     UNIT         ?PR?_MMC_SD_WRITESINGLEBLOCK?MMC_SD
            CODE    3284H     0075H     UNIT         ?PR?_DRAWGIRD?LCD
            CODE    32F9H     0075H     UNIT         ?PR?BOE24_ST7789V_P4?LCD
            CODE    336EH     0075H     UNIT         ?PR?BOE28_ST7789V_P4?LCD
            CODE    33E3H     0073H     UNIT         ?PR?TP_READ?TP
            CODE    3456H     0073H     UNIT         ?PR?USBXCORE_GET_STATUS?USB_API
            CODE    34C9H     006CH     UNIT         ?PR?DEVICES_INIT?MAIN
            CODE    3535H     0065H     UNIT         ?PR?_MMC_SD_READSINGLEBLOCK?MMC_SD
            CODE    359AH     0064H     UNIT         ?PR?_DRAWLINE?LCD
            CODE    35FEH     0061H     UNIT         ?PR?_MMC_SD_SENDCOMMAND?MMC_SD
            CODE    365FH     005BH     UNIT         ?PR?_TOORD?LCD
            CODE    36BAH     005AH     UNIT         ?PR?USBXCORE_SET_CONFIGURATION?USB_API
            CODE    3714H     0058H     UNIT         ?PR?USBXCORE_CLEAR_FEATURE?USB_API
            CODE    376CH     0057H     UNIT         ?PR?USBXCORE_SET_FEATURE?USB_API
            CODE    37C3H     0050H     UNIT         ?CO?MAIN
            CODE    3813H     0049H     UNIT         ?PR?DISPFRAME?LCD
            CODE    385CH     0048H     UNIT         ?PR?_STOPDELAY?MAIN
            CODE    38A4H     0047H     UNIT         ?PR?USBXCORE_GET_CONFIGURATION?USB_API
            CODE    38EBH     0046H     UNIT         ?PR?MCU_INIT?MAIN
            CODE    3931H     003AH     UNIT         ?CO?USB_API
            CODE    396BH     0038H     UNIT         ?PR?USB_CLOCK_START?USB_CLOCK_START
            CODE    39A3H     0031H     UNIT         ?C_INITSEG
            CODE    39D4H     002BH     UNIT         ?PR?USB_SUSPEND?USB_SUSPEND
            CODE    39FFH     0027H     UNIT         ?PR?USBXCORE_USB_RESET?USB_API
            CODE    3A26H     0027H     UNIT         ?PR?USBXCORE_GET_INTERFACE?USB_API
            CODE    3A4DH     0026H     UNIT         ?PR?_TP_WRITE?TP
            CODE    3A73H     0023H     UNIT         ?PR?_DELAY?MAIN
            CODE    3A96H     0023H     UNIT         ?PR?READDATA?LCD
            CODE    3AB9H     0022H     UNIT         ?PR?USBXCORE_JUMP_ISR?USB_JUMP_ISR
BL51 BANKED LINKER/LOCATER V6.22                                                      05/13/2019  13:45:15  PAGE 4


            CODE    3ADBH     0020H     UNIT         ?PR?USBXCORE_SET_ADDRESS?USB_API
            CODE    3AFBH     001DH     UNIT         ?PR?USBXCORE_FORCE_STALL?USB_API
            CODE    3B18H     0019H     UNIT         ?PR?_WRITEONEDOT?LCD
            CODE    3B31H     0019H     UNIT         ?PR?USB_INT_ENABLE?USB_INT_ENABLE
            CODE    3B4AH     0016H     UNIT         ?PR?_SPI_WRITEBYTE?MMC_SD
            CODE    3B60H     0014H     UNIT         ?PR?USBXCORE_SET_SOP?USB_API
            CODE    3B74H     0013H     UNIT         ?PR?WAITKEY?MAIN
            CODE    3B87H     0012H     UNIT         ?PR?SD_START?MAIN
            CODE    3B99H     0011H     UNIT         ?PR?SD_INIT?MMC_SD
            CODE    3BAAH     000EH     UNIT         ?PR?GET_INTERRUPT_SOURCE?GET_INTERRUPT_SOURCE
            CODE    3BB8H     000DH     UNIT         ?PR?_WRITEDISPDATA?LCD
            CODE    3BC5H     000CH     UNIT         ?PR?USBXCORE_CLKREC?USB_CLOCK_RECOVERY
            CODE    3BD1H     000BH     UNIT         ?PR?SPI_READBYTE?MMC_SD
            CODE    3BDCH     0008H     UNIT         ?CO?TP
            CODE    3BE4H     0003H     UNIT         ?PR?SUSPEND_DEVICE?MAIN



OVERLAY MAP OF MODULE:   1221_CTC24_GC9306_8并_中B (MAIN)


SEGMENT                                            DATA_GROUP          XDATA_GROUP
  +--> CALLED SEGMENT                            START    LENGTH     START    LENGTH
------------------------------------------------------------------------------------
?PR?USB_API_TEST_ISR?MAIN                        0008H    0001H      -----    -----
  +--> ?PR?GET_INTERRUPT_SOURCE?GET_INTERRUP...
  +--> ?PR?_BLOCK_READ?BLOCK_READ
  +--> ?PR?SUSPEND_DEVICE?MAIN
  +--> ?PR?MCU_INIT?MAIN
  +--> ?PR?_?BLOCKWRITE?LCD

?PR?SUSPEND_DEVICE?MAIN                          -----    -----      -----    -----
  +--> ?PR?USB_SUSPEND?USB_SUSPEND

?PR?USB_SUSPEND?USB_SUSPEND                      -----    -----      -----    -----
  +--> ?PR?USB_CLOCK_START?USB_CLOCK_START

?PR?_?BLOCKWRITE?LCD                             -----    -----      -----    -----
  +--> ?PR?_WRITECOMM?LCD
  +--> ?PR?_WRITEDATA?LCD

?PR?_WRITECOMM?LCD                               -----    -----      -----    -----
  +--> ?PR?_WRITEDATA?LCD

*** NEW ROOT ***************************************************

?PR?USBXCORE_USB_ISR?USB_API                     -----    -----      -----    -----
  +--> ?PR?USBXCORE_USB_RESET?USB_API
  +--> ?PR?USBXCORE_HANDLE_SETUP?USB_API
  +--> ?PR?USBXCORE_JUMP_ISR?USB_JUMP_ISR

?PR?USBXCORE_HANDLE_SETUP?USB_API                -----    -----      -----    -----
  +--> ?PR?USBXCORE_GET_STATUS?USB_API
  +--> ?PR?USBXCORE_CLEAR_FEATURE?USB_API
  +--> ?PR?USBXCORE_VENDOR_USB_API?USB_API
  +--> ?PR?USBXCORE_SET_FEATURE?USB_API
  +--> ?PR?USBXCORE_SET_ADDRESS?USB_API
BL51 BANKED LINKER/LOCATER V6.22                                                      05/13/2019  13:45:15  PAGE 5


  +--> ?PR?USBXCORE_GET_DESCRIPTOR?USB_API
  +--> ?PR?USBXCORE_GET_CONFIGURATION?USB_API
  +--> ?PR?USBXCORE_SET_CONFIGURATION?USB_API
  +--> ?PR?USBXCORE_GET_INTERFACE?USB_API
  +--> ?PR?USBXCORE_SET_SOP?USB_API
  +--> ?PR?USBXCORE_FORCE_STALL?USB_API

?PR?USBXCORE_GET_STATUS?USB_API                  -----    -----      -----    -----
  +--> ?CO?USB_API
  +--> ?PR?USBXCORE_FORCE_STALL?USB_API
  +--> ?PR?USBXCORE_SET_SOP?USB_API

?PR?USBXCORE_CLEAR_FEATURE?USB_API               -----    -----      -----    -----
  +--> ?PR?USBXCORE_FORCE_STALL?USB_API
  +--> ?PR?USBXCORE_SET_SOP?USB_API

?PR?USBXCORE_VENDOR_USB_API?USB_API              -----    -----      -----    -----
  +--> ?PR?USBXCORE_SET_SOP?USB_API

?PR?USBXCORE_SET_FEATURE?USB_API                 -----    -----      -----    -----
  +--> ?PR?USBXCORE_FORCE_STALL?USB_API
  +--> ?PR?USBXCORE_SET_SOP?USB_API

?PR?USBXCORE_SET_ADDRESS?USB_API                 -----    -----      -----    -----
  +--> ?PR?USBXCORE_SET_SOP?USB_API

?PR?USBXCORE_GET_DESCRIPTOR?USB_API              -----    -----      -----    -----
  +--> ?PR?USBXCORE_FORCE_STALL?USB_API
  +--> ?PR?USBXCORE_SET_SOP?USB_API

?PR?USBXCORE_GET_CONFIGURATION?USB_API           -----    -----      -----    -----
  +--> ?CO?USB_API
  +--> ?PR?USBXCORE_SET_SOP?USB_API

?PR?USBXCORE_SET_CONFIGURATION?USB_API           -----    -----      -----    -----
  +--> ?PR?USBXCORE_SET_SOP?USB_API

?PR?USBXCORE_GET_INTERFACE?USB_API               -----    -----      -----    -----
  +--> ?CO?USB_API
  +--> ?PR?USBXCORE_SET_SOP?USB_API

*** NEW ROOT ***************************************************

?C_C51STARTUP                                    -----    -----      -----    -----
  +--> ?PR?MAIN?MAIN
  +--> ?C_INITSEG

?PR?MAIN?MAIN                                    -----    -----      -----    -----
  +--> ?PR?DEVICES_INIT?MAIN
  +--> ?PR?_DISPCOLOR?LCD
  +--> ?PR?WAITKEY?MAIN
  +--> ?PR?DISPBAND?LCD
  +--> ?PR?DISPFRAME?LCD
  +--> ?PR?_DELAY?MAIN
  +--> ?PR?_DISPREGVALUE?LCD
  +--> ?PR?SD_INIT?MMC_SD
  +--> ?PR?_DISPPICFROMSD?LCD
BL51 BANKED LINKER/LOCATER V6.22                                                      05/13/2019  13:45:15  PAGE 6



?PR?DEVICES_INIT?MAIN                            -----    -----      -----    -----
  +--> ?PR?MCU_INIT?MAIN
  +--> ?PR?USB_CLOCK_START?USB_CLOCK_START
  +--> ?CO?MAIN
  +--> ?PR?_USB_INIT?USB_API
  +--> ?PR?USB_INT_ENABLE?USB_INT_ENABLE
  +--> ?PR?LCD_INIT?LCD

?PR?_USB_INIT?USB_API                            -----    -----      0200H    0011H
  +--> ?CO?USB_API
  +--> ?PR?USBXCORE_CLKREC?USB_CLOCK_RECOVERY

?PR?LCD_INIT?LCD                                 -----    -----      -----    -----
  +--> ?PR?_DELAY?MAIN
  +--> ?PR?BOE24_ST7789V_P4?LCD
  +--> ?PR?BOE24_ST7789V_S3?LCD
  +--> ?PR?BOE24_GC9306_P4?LCD
  +--> ?PR?BOE24_GC9306_S3?LCD
  +--> ?PR?CTC24_ST7789V_P4?LCD
  +--> ?PR?CTC24_GC9306_P4?LCD
  +--> ?PR?CTC24_GC9306_S3?LCD
  +--> ?PR?BOE28_ST7789V_P4?LCD
  +--> ?PR?BOE28_ST7789V_S3?LCD
  +--> ?PR?BOE28_GC9306_P4?LCD
  +--> ?PR?BOE28_GC9306_S3?LCD
  +--> ?PR?CTC28_ST7789V_P4?LCD
  +--> ?PR?CTC28_ST7789V_S3?LCD
  +--> ?PR?CTC28_GC9306_P4?LCD
  +--> ?PR?CTC28_GC9306_S3?LCD

?PR?BOE24_ST7789V_P4?LCD                         -----    -----      -----    -----
  +--> ?PR?_DELAY?MAIN
  +--> ?PR?_WRITECOMM?LCD
  +--> ?PR?_WRITEDATA?LCD

?PR?BOE24_ST7789V_S3?LCD                         -----    -----      -----    -----
  +--> ?PR?_DELAY?MAIN
  +--> ?PR?_WRITECOMM?LCD
  +--> ?PR?_WRITEDATA?LCD

?PR?BOE24_GC9306_P4?LCD                          -----    -----      -----    -----
  +--> ?PR?_DELAY?MAIN
  +--> ?PR?_WRITEDATA?LCD
  +--> ?PR?_WRITECOMM?LCD

?PR?BOE24_GC9306_S3?LCD                          -----    -----      -----    -----
  +--> ?PR?_DELAY?MAIN
  +--> ?PR?_WRITEDATA?LCD
  +--> ?PR?_WRITECOMM?LCD

?PR?CTC24_ST7789V_P4?LCD                         -----    -----      -----    -----
  +--> ?PR?_DELAY?MAIN
  +--> ?PR?_WRITECOMM?LCD
  +--> ?PR?_WRITEDATA?LCD

?PR?CTC24_GC9306_P4?LCD                          -----    -----      -----    -----
BL51 BANKED LINKER/LOCATER V6.22                                                      05/13/2019  13:45:15  PAGE 7


  +--> ?PR?_DELAY?MAIN
  +--> ?PR?_WRITEDATA?LCD
  +--> ?PR?_WRITECOMM?LCD

?PR?CTC24_GC9306_S3?LCD                          -----    -----      -----    -----
  +--> ?PR?_DELAY?MAIN
  +--> ?PR?_WRITEDATA?LCD
  +--> ?PR?_WRITECOMM?LCD

?PR?BOE28_ST7789V_P4?LCD                         -----    -----      -----    -----
  +--> ?PR?_DELAY?MAIN
  +--> ?PR?_WRITECOMM?LCD
  +--> ?PR?_WRITEDATA?LCD

?PR?BOE28_ST7789V_S3?LCD                         -----    -----      -----    -----
  +--> ?PR?_DELAY?MAIN
  +--> ?PR?_WRITECOMM?LCD
  +--> ?PR?_WRITEDATA?LCD

?PR?BOE28_GC9306_P4?LCD                          -----    -----      -----    -----
  +--> ?PR?_DELAY?MAIN
  +--> ?PR?_WRITEDATA?LCD
  +--> ?PR?_WRITECOMM?LCD

?PR?BOE28_GC9306_S3?LCD                          -----    -----      -----    -----
  +--> ?PR?_DELAY?MAIN
  +--> ?PR?_WRITEDATA?LCD
  +--> ?PR?_WRITECOMM?LCD

?PR?CTC28_ST7789V_P4?LCD                         -----    -----      -----    -----
  +--> ?PR?_WRITECOMM?LCD
  +--> ?PR?_DELAY?MAIN
  +--> ?PR?_WRITEDATA?LCD

?PR?CTC28_ST7789V_S3?LCD                         -----    -----      -----    -----
  +--> ?PR?_WRITECOMM?LCD
  +--> ?PR?_DELAY?MAIN
  +--> ?PR?_WRITEDATA?LCD

?PR?CTC28_GC9306_P4?LCD                          -----    -----      -----    -----
  +--> ?PR?_DELAY?MAIN
  +--> ?PR?_WRITEDATA?LCD
  +--> ?PR?_WRITECOMM?LCD

?PR?CTC28_GC9306_S3?LCD                          -----    -----      -----    -----
  +--> ?PR?_DELAY?MAIN
  +--> ?PR?_WRITEDATA?LCD
  +--> ?PR?_WRITECOMM?LCD

?PR?_DISPCOLOR?LCD                               0009H    0002H      -----    -----
  +--> ?PR?_?BLOCKWRITE?LCD

?PR?WAITKEY?MAIN                                 -----    -----      -----    -----
  +--> ?PR?CONNTOUSB?MAIN
  +--> ?PR?_DELAY?MAIN

?PR?CONNTOUSB?MAIN                               0009H    0005H      0200H    0058H
BL51 BANKED LINKER/LOCATER V6.22                                                      05/13/2019  13:45:15  PAGE 8


  +--> ?CO?MAIN
  +--> ?PR?_WRITECOMM?LCD
  +--> ?PR?_WRITEDATA?LCD
  +--> ?PR?_DISPSTR?LCD
  +--> ?PR?_DISPINT?LCD
  +--> ?PR?_WRITEDISPDATA?LCD
  +--> ?PR?SD_START?MAIN
  +--> ?PR?_MMC_SD_WRITESINGLEBLOCK?MMC_SD
  +--> ?PR?_BLOCK_WRITE?BLOCK_WRITE
  +--> ?PR?READDATA?LCD
  +--> ?PR?_DELAY?MAIN

?PR?_DISPSTR?LCD                                 000EH    000BH      -----    -----
  +--> ?PR?_TOORD?LCD
  +--> ?PR?_DISPONECHAR?LCD
  +--> ?PR?_?BLOCKWRITE?LCD

?PR?_DISPONECHAR?LCD                             0019H    000DH      -----    -----
  +--> ?PR?_?BLOCKWRITE?LCD
  +--> ?CO?LCD
  +--> ?PR?_WRITEONEDOT?LCD

?PR?_DISPINT?LCD                                 000EH    000AH      -----    -----
  +--> ?PR?_DISPONECHAR?LCD
  +--> ?PR?_?BLOCKWRITE?LCD

?PR?SD_START?MAIN                                -----    -----      -----    -----
  +--> ?PR?SD_INIT?MMC_SD
  +--> ?PR?_DELAY?MAIN

?PR?SD_INIT?MMC_SD                               0016H    0001H      -----    -----
  +--> ?PR?MMC_SD_RESET?MMC_SD

?PR?MMC_SD_RESET?MMC_SD                          -----    -----      -----    -----
  +--> ?PR?_SPI_WRITEBYTE?MMC_SD
  +--> ?PR?_MMC_SD_SENDCOMMAND?MMC_SD

?PR?_MMC_SD_SENDCOMMAND?MMC_SD                   001AH    0005H      -----    -----
  +--> ?PR?_SPI_WRITEBYTE?MMC_SD

?PR?_MMC_SD_WRITESINGLEBLOCK?MMC_SD              000EH    0004H      -----    -----
  +--> ?PR?_MMC_SD_SENDCOMMAND?MMC_SD
  +--> ?PR?_SPI_WRITEBYTE?MMC_SD

?PR?DISPBAND?LCD                                 0009H    0014H      -----    -----
  +--> ?CO?LCD
  +--> ?PR?_?BLOCKWRITE?LCD

?PR?DISPFRAME?LCD                                -----    -----      -----    -----
  +--> ?PR?_?BLOCKWRITE?LCD
  +--> ?PR?_WRITEDATA?LCD

?PR?_DISPREGVALUE?LCD                            0009H    0004H      0200H    0028H
  +--> ?PR?_WRITECOMM?LCD
  +--> ?PR?READDATA?LCD
  +--> ?CO?LCD
  +--> ?PR?_DISPSTR?LCD
BL51 BANKED LINKER/LOCATER V6.22                                                      05/13/2019  13:45:15  PAGE 9


  +--> ?PR?_DISPINT?LCD

?PR?_DISPPICFROMSD?LCD                           0009H    000DH      -----    -----
  +--> ?PR?SD_START?MAIN
  +--> ?PR?_?BLOCKWRITE?LCD
  +--> ?PR?_MMC_SD_READSINGLEBLOCK?MMC_SD
  +--> ?PR?_WRITEDISPDATA?LCD

?PR?_MMC_SD_READSINGLEBLOCK?MMC_SD               0016H    0004H      -----    -----
  +--> ?PR?_MMC_SD_SENDCOMMAND?MMC_SD
  +--> ?PR?SPI_READBYTE?MMC_SD
  +--> ?PR?_SPI_WRITEBYTE?MMC_SD



UNRESOLVED EXTERNAL SYMBOLS:
   CTC24_ST7789V_S3



SYMBOL TABLE OF MODULE:  1221_CTC24_GC9306_8并_中B (MAIN)

  VALUE           TYPE          NAME
  ----------------------------------

  -------         MODULE        MAIN
  C:0000H         SYMBOL        _ICE_DUMMY_
  D:0080H         PUBLIC        P0
  D:0027H         PUBLIC        f_down
  D:0090H         PUBLIC        P1
  D:00B0H         PUBLIC        P3
  C:380EH         PUBLIC        USB_MaxPower
  B:00B0H.6       PUBLIC        KEY_STEP
  C:3B87H         PUBLIC        SD_Start
  D:00A4H         PUBLIC        P0MDOUT
  D:00A5H         PUBLIC        P1MDOUT
  D:00A6H         PUBLIC        P2MDOUT
  D:00A7H         PUBLIC        P3MDOUT
  D:00AEH         PUBLIC        P4MDOUT
  B:0080H.6       PUBLIC        OE
  D:00D9H         PUBLIC        PCA0MD
  C:216CH         PUBLIC        USB_API_TEST_ISR
  C:3BE4H         PUBLIC        Suspend_Device
  C:385CH         PUBLIC        _StopDelay
  D:00E1H         PUBLIC        XBR0
  D:00E2H         PUBLIC        XBR1
  B:00B0H.1       PUBLIC        RS
  C:2697H         PUBLIC        main
  D:0028H         PUBLIC        VerifyCode0
  D:0029H         PUBLIC        VerifyCode1
  C:37D8H         PUBLIC        USB_PID
  D:002AH         PUBLIC        VerifyCode2
  D:00F1H         PUBLIC        P0MDIN
  D:00F2H         PUBLIC        P1MDIN
  C:37DAH         PUBLIC        USB_MfrStr
  D:00F4H         PUBLIC        P3MDIN
  C:37D6H         PUBLIC        USB_VID
BL51 BANKED LINKER/LOCATER V6.22                                                      05/13/2019  13:45:15  PAGE 10


  D:00F8H         PUBLIC        SPI0CN
  D:002BH         PUBLIC        pic
  C:34C9H         PUBLIC        Devices_Init
  C:06A7H         PUBLIC        ConnToUSB
  D:00A9H         PUBLIC        CLKSEL
  D:00B2H         PUBLIC        OSCICN
  C:380FH         PUBLIC        USB_PwAttributes
  C:3B74H         PUBLIC        WaitKey
  B:00B0H.3       PUBLIC        TP_DOUT
  C:3812H         SYMBOL        _?ix1000
  B:00B0H.0       PUBLIC        CS0
  D:002CH         PUBLIC        bf
  C:3810H         PUBLIC        USB_bcdDevice
  D:00B9H         PUBLIC        CLKMUL
  D:002EH         PUBLIC        kmxz
  D:0030H         PUBLIC        f_debug
  B:00B0H.5       PUBLIC        TP_PENIRQ
  D:0031H         PUBLIC        sd
  X:0258H         PUBLIC        Packet
  C:38EBH         PUBLIC        MCU_Init
  B:0080H.7       PUBLIC        DIR
  D:00EFH         PUBLIC        RSTSRC
  D:0035H         PUBLIC        f_read
  C:3804H         PUBLIC        USB_SerialStr
  D:0036H         PUBLIC        f_other
  C:37F4H         PUBLIC        USB_ProductStr
  D:0037H         PUBLIC        f_para
  D:0038H         PUBLIC        n
  D:00A1H         PUBLIC        SPI0CFG
  C:3A77H         PUBLIC        _Delay
  B:00B0H.7       PUBLIC        KEY_Stop
  D:0039H         PUBLIC        f_init
  -------         PROC          MAIN
  C:2697H         LINE#         40
  C:2697H         LINE#         41
  C:269DH         LINE#         46
  C:26A0H         LINE#         48
  C:26A6H         LINE#         49
  C:26A6H         LINE#         51
  C:26BFH         LINE#         52
  C:26BFH         LINE#         53
  C:26BFH         LINE#         54
  C:26BFH         LINE#         56
  C:26C6H         LINE#         57
  C:26C9H         LINE#         60
  C:26D0H         LINE#         61
  C:26D3H         LINE#         63
  C:26DAH         LINE#         64
  C:26DDH         LINE#         67
  C:26E4H         LINE#         68
  C:26E7H         LINE#         71
  C:26EDH         LINE#         72
  C:26F0H         LINE#         75
  C:26F3H         LINE#         76
  C:26F6H         LINE#         79
  C:26F9H         LINE#         80
  C:26FCH         LINE#         82
BL51 BANKED LINKER/LOCATER V6.22                                                      05/13/2019  13:45:15  PAGE 11


  C:26FEH         LINE#         84
  C:26FEH         LINE#         85
  C:26FEH         LINE#         87
  C:2705H         LINE#         88
  C:2708H         LINE#         91
  C:270FH         LINE#         92
  C:2712H         LINE#         95
  C:2719H         LINE#         96
  C:271CH         LINE#         99
  C:2723H         LINE#         100
  C:2726H         LINE#         103
  C:272CH         LINE#         104
  C:272FH         LINE#         107
  C:2732H         LINE#         108
  C:2735H         LINE#         111
  C:2738H         LINE#         112
  C:2738H         LINE#         113
  C:273AH         LINE#         114
  C:273AH         LINE#         116
  C:273AH         LINE#         117
  C:273AH         LINE#         118
  C:273DH         LINE#         119
  C:2740H         LINE#         121
  C:2746H         LINE#         122
  C:2749H         LINE#         124
  C:2750H         LINE#         125
  C:2750H         LINE#         126
  C:2752H         LINE#         127
  C:2752H         LINE#         128
  C:2755H         LINE#         129
  C:2758H         LINE#         130
  C:2758H         LINE#         135
  C:2761H         LINE#         137
  C:2768H         LINE#         144
  C:276BH         LINE#         145
  C:2772H         LINE#         217
  C:2775H         LINE#         218
  C:2775H         LINE#         219
  C:277AH         LINE#         223
  C:277DH         LINE#         225
  C:2786H         LINE#         226
  C:2786H         LINE#         228
  C:2786H         LINE#         239
  -------         ENDPROC       MAIN
  C:3A73H         SYMBOL        L?0145
  -------         PROC          L?0144
  -------         ENDPROC       L?0144
  C:3A73H         SYMBOL        L?0145
  -------         PROC          _DELAY
  D:0006H         SYMBOL        dly
  -------         DO            
  D:0004H         SYMBOL        i
  D:0002H         SYMBOL        j
  -------         ENDDO         
  C:3A77H         LINE#         242
  C:3A77H         LINE#         243
  C:3A77H         LINE#         246
BL51 BANKED LINKER/LOCATER V6.22                                                      05/13/2019  13:45:15  PAGE 12


  C:3A81H         LINE#         247
  C:3A95H         LINE#         248
  -------         ENDPROC       _DELAY
  -------         PROC          _STOPDELAY
  D:0049H         SYMBOL        sdly
  -------         DO            
  D:0006H         SYMBOL        i
  D:0004H         SYMBOL        j
  D:004BH         SYMBOL        k
  -------         ENDDO         
  C:385CH         LINE#         251
  C:3860H         LINE#         252
  C:3860H         LINE#         254
  C:3865H         LINE#         255
  C:3865H         LINE#         256
  C:3868H         LINE#         257
  C:3868H         LINE#         258
  C:3874H         LINE#         259
  C:3888H         LINE#         260
  C:3888H         LINE#         262
  C:3888H         LINE#         263
  C:3892H         LINE#         264
  C:3892H         LINE#         265
  C:38A3H         LINE#         266
  -------         ENDPROC       _STOPDELAY
  -------         PROC          WAITKEY
  C:3B74H         LINE#         288
  C:3B74H         LINE#         289
  C:3B74H         LINE#         290
  C:3B77H         LINE#         291
  C:3B77H         LINE#         293
  C:3B7AH         LINE#         295
  C:3B7CH         LINE#         297
  C:3B83H         LINE#         298
  C:3B86H         LINE#         300
  -------         ENDPROC       WAITKEY
  -------         PROC          CONNTOUSB
  -------         DO            
  D:0009H         SYMBOL        i
  X:0200H         SYMBOL        reg_data
  X:0218H         SYMBOL        para_data
  D:0007H         SYMBOL        dat
  D:000AH         SYMBOL        reg_index
  D:000CH         SYMBOL        data_num
  D:000DH         SYMBOL        st
  -------         ENDDO         
  C:06A7H         LINE#         321
  C:06A7H         LINE#         322
  C:06A7H         LINE#         329
  C:06BAH         LINE#         332
  C:06C1H         LINE#         333
  C:06C1H         LINE#         334
  C:06C4H         LINE#         335
  C:06C4H         LINE#         336
  C:06D6H         LINE#         337
  C:06D6H         LINE#         338
  C:06FDH         LINE#         339
BL51 BANKED LINKER/LOCATER V6.22                                                      05/13/2019  13:45:15  PAGE 13


  C:06FFH         LINE#         340
  C:0713H         LINE#         341
  C:0713H         LINE#         342
  C:073AH         LINE#         344
  C:073AH         LINE#         345
  C:073AH         LINE#         346
  C:073AH         LINE#         348
  C:073AH         LINE#         349
  C:0743H         LINE#         350
  C:074DH         LINE#         351
  C:0757H         LINE#         353
  C:0772H         LINE#         355
  C:077CH         LINE#         356
  C:077CH         LINE#         357
  C:077FH         LINE#         358
  C:077FH         LINE#         359
  C:0791H         LINE#         360
  C:0791H         LINE#         361
  C:07E3H         LINE#         362
  C:07E5H         LINE#         363
  C:07F9H         LINE#         364
  C:07F9H         LINE#         365
  C:084CH         LINE#         366
  C:084CH         LINE#         367
  C:084CH         LINE#         368
  C:084CH         LINE#         370
  C:084CH         LINE#         371
  C:0858H         LINE#         372
  C:0858H         LINE#         373
  C:0862H         LINE#         374
  C:086CH         LINE#         376
  C:086FH         LINE#         377
  C:0872H         LINE#         381
  C:0879H         LINE#         382
  C:0879H         LINE#         383
  C:0886H         LINE#         384
  C:0886H         LINE#         385
  C:0888H         LINE#         387
  C:088AH         LINE#         388
  C:08A7H         LINE#         389
  C:08A9H         LINE#         391
  C:08CCH         LINE#         392
  C:08EFH         LINE#         393
  C:08F8H         LINE#         394
  C:08F8H         LINE#         395
  C:08FBH         LINE#         396
  C:0903H         LINE#         397
  C:0909H         LINE#         398
  C:0914H         LINE#         399
  C:0919H         LINE#         400
  C:0919H         LINE#         401
  C:0920H         LINE#         403
  C:0923H         LINE#         404
  C:092EH         LINE#         405
  C:0931H         LINE#         408
  C:0938H         LINE#         409
  C:0938H         LINE#         410
BL51 BANKED LINKER/LOCATER V6.22                                                      05/13/2019  13:45:15  PAGE 14


  C:0941H         LINE#         411
  C:0941H         LINE#         412
  C:094EH         LINE#         413
  C:094EH         LINE#         414
  C:0950H         LINE#         416
  C:0952H         LINE#         417
  C:096FH         LINE#         418
  C:0971H         LINE#         420
  C:0994H         LINE#         421
  C:09B7H         LINE#         423
  C:09C0H         LINE#         424
  C:09C0H         LINE#         425
  C:09C3H         LINE#         426
  C:09CBH         LINE#         427
  C:09D1H         LINE#         428
  C:09DCH         LINE#         429
  C:09E1H         LINE#         430
  C:09E1H         LINE#         432
  C:09E8H         LINE#         438
  C:09E8H         LINE#         439
  C:09F2H         LINE#         440
  C:09F2H         LINE#         441
  C:09F4H         LINE#         443
  C:09F6H         LINE#         444
  C:0A13H         LINE#         445
  C:0A15H         LINE#         447
  C:0A1BH         LINE#         448
  C:0A1EH         LINE#         449
  C:0A29H         LINE#         450
  C:0A29H         LINE#         451
  C:0A2CH         LINE#         454
  C:0A33H         LINE#         455
  C:0A33H         LINE#         456
  C:0A40H         LINE#         457
  C:0A40H         LINE#         458
  C:0A4EH         LINE#         459
  C:0A4EH         LINE#         460
  C:0A6DH         LINE#         461
  C:0A6FH         LINE#         462
  C:0A7EH         LINE#         463
  C:0A7EH         LINE#         464
  C:0A9DH         LINE#         465
  C:0A9FH         LINE#         466
  C:0AAFH         LINE#         467
  C:0AAFH         LINE#         470
  C:0AB9H         LINE#         471
  C:0AC3H         LINE#         472
  C:0AC3H         LINE#         473
  C:0AC3H         LINE#         474
  C:0AC3H         LINE#         476
  C:0AC3H         LINE#         477
  C:0ACCH         LINE#         478
  C:0ACFH         LINE#         479
  C:0ADAH         LINE#         480
  C:0ADDH         LINE#         483
  C:0AE4H         LINE#         484
  C:0AE4H         LINE#         485
BL51 BANKED LINKER/LOCATER V6.22                                                      05/13/2019  13:45:15  PAGE 15


  C:0AE7H         LINE#         486
  C:0AFBH         LINE#         488
  C:0B03H         LINE#         489
  C:0B11H         LINE#         491
  C:0B19H         LINE#         492
  C:0B19H         LINE#         493
  C:0B20H         LINE#         494
  C:0B2AH         LINE#         495
  C:0B2AH         LINE#         496
  C:0B2DH         LINE#         497
  C:0B3AH         LINE#         498
  C:0B47H         LINE#         499
  C:0B4DH         LINE#         500
  C:0B4DH         LINE#         502
  C:0B50H         LINE#         503
  C:0B5EH         LINE#         505
  C:0B65H         LINE#         506
  C:0B80H         LINE#         507
  C:0B8AH         LINE#         508
  C:0B8AH         LINE#         509
  C:0BAAH         LINE#         510
  C:0BB7H         LINE#         511
  C:0BB7H         LINE#         512
  C:0C0AH         LINE#         513
  C:0C10H         LINE#         514
  C:0C10H         LINE#         515
  C:0C10H         LINE#         518
  C:0C14H         LINE#         519
  C:0C14H         LINE#         520
  C:0C17H         LINE#         521
  C:0C2BH         LINE#         523
  C:0C31H         LINE#         524
  C:0C35H         LINE#         525
  C:0C38H         LINE#         526
  C:0C3CH         LINE#         528
  C:0C3FH         LINE#         529
  C:0C4BH         LINE#         530
  C:0C4DH         LINE#         531
  -------         ENDPROC       CONNTOUSB
  -------         PROC          MCU_INIT
  -------         DO            
  D:0007H         SYMBOL        n
  -------         ENDDO         
  C:38EBH         LINE#         534
  C:38EBH         LINE#         535
  C:38EBH         LINE#         537
  C:38EEH         LINE#         540
  C:38F1H         LINE#         541
  C:38F4H         LINE#         543
  C:38F7H         LINE#         545
  C:38FCH         LINE#         547
  C:38FFH         LINE#         548
  C:3904H         LINE#         549
  C:3907H         LINE#         551
  C:390AH         LINE#         554
  C:390DH         LINE#         555
  C:3910H         LINE#         557
BL51 BANKED LINKER/LOCATER V6.22                                                      05/13/2019  13:45:15  PAGE 16


  C:3913H         LINE#         558
  C:3916H         LINE#         560
  C:3919H         LINE#         561
  C:391CH         LINE#         563
  C:391FH         LINE#         564
  C:3922H         LINE#         566
  C:3924H         LINE#         567
  C:3926H         LINE#         569
  C:3928H         LINE#         570
  C:392AH         LINE#         572
  C:392DH         LINE#         573
  C:3930H         LINE#         575
  -------         ENDPROC       MCU_INIT
  -------         PROC          SD_START
  -------         DO            
  D:0026H         SYMBOL        f
  -------         ENDDO         
  C:3B87H         LINE#         577
  C:3B87H         LINE#         578
  C:3B87H         LINE#         581
  C:3B8BH         LINE#         582
  C:3B8BH         LINE#         584
  C:3B8EH         LINE#         585
  C:3B95H         LINE#         587
  C:3B98H         LINE#         588
  C:3B98H         LINE#         589
  -------         ENDPROC       SD_START
  -------         PROC          DEVICES_INIT
  C:34C9H         LINE#         591
  C:34C9H         LINE#         592
  C:34C9H         LINE#         594
  C:34CCH         LINE#         597
  C:34CFH         LINE#         598
  C:3529H         LINE#         599
  C:352CH         LINE#         602
  C:352FH         LINE#         603
  C:3532H         LINE#         606
  -------         ENDPROC       DEVICES_INIT
  -------         PROC          SUSPEND_DEVICE
  C:3BE4H         LINE#         616
  C:3BE4H         LINE#         617
  C:3BE4H         LINE#         618
  -------         ENDPROC       SUSPEND_DEVICE
  -------         PROC          USB_API_TEST_ISR
  -------         DO            
  D:0008H         SYMBOL        INTVAL
  -------         ENDDO         
  C:216CH         LINE#         622
  C:2189H         LINE#         624
  C:218EH         LINE#         626
  C:2193H         LINE#         627
  C:2193H         LINE#         628
  C:219EH         LINE#         630
  C:21B0H         LINE#         631
  C:21B0H         LINE#         632
  C:21B3H         LINE#         633
  C:21B5H         LINE#         634
BL51 BANKED LINKER/LOCATER V6.22                                                      05/13/2019  13:45:15  PAGE 17


  C:21C5H         LINE#         635
  C:21C5H         LINE#         636
  C:21C8H         LINE#         637
  C:21CAH         LINE#         638
  C:21DBH         LINE#         639
  C:21DBH         LINE#         640
  C:21DEH         LINE#         641
  C:21E0H         LINE#         642
  C:21F2H         LINE#         643
  C:21F2H         LINE#         644
  C:21F5H         LINE#         645
  C:21F7H         LINE#         646
  C:2207H         LINE#         647
  C:2207H         LINE#         648
  C:220AH         LINE#         649
  C:220CH         LINE#         651
  C:220CH         LINE#         652
  C:220FH         LINE#         653
  C:220FH         LINE#         654
  C:220FH         LINE#         656
  C:220FH         LINE#         657
  C:220FH         LINE#         659
  C:220FH         LINE#         661
  C:2214H         LINE#         662
  C:2214H         LINE#         663
  C:2217H         LINE#         664
  C:2217H         LINE#         666
  C:221CH         LINE#         667
  C:221CH         LINE#         668
  C:221FH         LINE#         669
  C:221FH         LINE#         671
  C:2224H         LINE#         672
  C:2224H         LINE#         673
  C:223EH         LINE#         674
  C:223EH         LINE#         676
  C:2243H         LINE#         677
  C:2243H         LINE#         678
  C:2245H         LINE#         679
  C:225FH         LINE#         680
  C:225FH         LINE#         681
  -------         ENDPROC       USB_API_TEST_ISR
  -------         ENDMOD        MAIN

  -------         MODULE        MMC_SD
  C:0000H         SYMBOL        _ICE_DUMMY_
  D:00A2H         PUBLIC        SPI0CKR
  D:0080H         PUBLIC        P0
  D:0090H         PUBLIC        P1
  D:00B0H         PUBLIC        P3
  C:35FEH         PUBLIC        _MMC_SD_SendCommand
  C:3535H         PUBLIC        _MMC_SD_ReadSingleBlock
  C:3B99H         PUBLIC        SD_Init
  C:3206H         PUBLIC        _MMC_SD_WriteSingleBlock
  B:00F8H.7       PUBLIC        SPIF
  B:00F8H.2       PUBLIC        NSSMD0
  C:2AB1H         PUBLIC        MMC_SD_Reset
  D:00A9H         PUBLIC        CLKSEL
BL51 BANKED LINKER/LOCATER V6.22                                                      05/13/2019  13:45:15  PAGE 18


  C:3BD1H         PUBLIC        SPI_ReadByte
  C:3B56H         PUBLIC        _SPI_WriteByte
  D:00A3H         PUBLIC        SPI0DAT
  X:0000H         PUBLIC        buffer
  C:3B4AH         SYMBOL        L?0062
  C:3B4FH         SYMBOL        L?0063
  -------         PROC          L?0061
  -------         ENDPROC       L?0061
  C:3B4AH         SYMBOL        L?0062
  C:3B4FH         SYMBOL        L?0063
  -------         PROC          _SPI_WRITEBYTE
  D:0007H         SYMBOL        val
  -------         DO            
  D:0007H         SYMBOL        ret
  -------         ENDDO         
  C:3B56H         LINE#         9
  C:3B56H         LINE#         10
  C:3B56H         LINE#         13
  C:3B58H         LINE#         14
  C:3B5BH         LINE#         15
  C:3B5DH         LINE#         16
  C:3B5FH         LINE#         17
  C:3B5FH         LINE#         18
  -------         ENDPROC       _SPI_WRITEBYTE
  -------         PROC          SPI_READBYTE
  -------         DO            
  D:0007H         SYMBOL        ret
  -------         ENDDO         
  C:3BD1H         LINE#         20
  C:3BD1H         LINE#         21
  C:3BD1H         LINE#         24
  C:3BD4H         LINE#         25
  C:3BD7H         LINE#         26
  C:3BD9H         LINE#         27
  C:3BDBH         LINE#         28
  C:3BDBH         LINE#         29
  -------         ENDPROC       SPI_READBYTE
  -------         PROC          _MMC_SD_SENDCOMMAND
  D:0006H         SYMBOL        cmd
  D:001BH         SYMBOL        arg
  -------         DO            
  D:0007H         SYMBOL        r1
  D:0003H         SYMBOL        retry
  -------         ENDDO         
  C:35FEH         LINE#         31
  C:3600H         LINE#         32
  C:3600H         LINE#         34
  C:3602H         LINE#         36
  C:3602H         LINE#         37
  C:3602H         LINE#         38
  C:3605H         LINE#         39
  C:3605H         LINE#         40
  C:3605H         LINE#         41
  C:3608H         LINE#         43
  C:360AH         LINE#         45
  C:3611H         LINE#         46
  C:3621H         LINE#         47
BL51 BANKED LINKER/LOCATER V6.22                                                      05/13/2019  13:45:15  PAGE 19


  C:3631H         LINE#         48
  C:3641H         LINE#         49
  C:3646H         LINE#         50
  C:364BH         LINE#         52
  C:3653H         LINE#         53
  C:365CH         LINE#         55
  C:365EH         LINE#         57
  C:365EH         LINE#         58
  -------         ENDPROC       _MMC_SD_SENDCOMMAND
  -------         PROC          MMC_SD_RESET
  -------         DO            
  D:0005H         SYMBOL        i
  D:0002H         SYMBOL        retry
  D:0006H         SYMBOL        r1
  -------         ENDDO         
  C:2AB1H         LINE#         60
  C:2AB1H         LINE#         61
  C:2AB1H         LINE#         64
  C:2AB3H         LINE#         66
  C:2AB4H         LINE#         67
  C:2AB7H         LINE#         69
  C:2ABAH         LINE#         71
  C:2ABAH         LINE#         72
  C:2AC5H         LINE#         73
  C:2AD4H         LINE#         74
  C:2AD5H         LINE#         75
  C:2ADBH         LINE#         76
  C:2ADEH         LINE#         78
  C:2AE0H         LINE#         80
  C:2AE0H         LINE#         82
  C:2AE0H         LINE#         83
  C:2AF0H         LINE#         84
  C:2AF1H         LINE#         85
  C:2AFAH         LINE#         86
  C:2AFDH         LINE#         88
  C:2AFFH         LINE#         89
  C:2B0EH         LINE#         90
  C:2B0FH         LINE#         91
  C:2B18H         LINE#         92
  C:2B1BH         LINE#         94
  C:2B1EH         LINE#         95
  C:2B1EH         LINE#         96
  C:2B20H         LINE#         98
  C:2B20H         LINE#         99
  C:2B30H         LINE#         100
  C:2B31H         LINE#         101
  C:2B3AH         LINE#         102
  C:2B3DH         LINE#         103
  C:2B3DH         LINE#         104
  C:2B4DH         LINE#         106
  C:2B5CH         LINE#         107
  C:2B5FH         LINE#         108
  C:2B62H         LINE#         109
  C:2B63H         LINE#         110
  -------         ENDPROC       MMC_SD_RESET
  -------         PROC          _MMC_SD_WRITESINGLEBLOCK
  D:000EH         SYMBOL        sector
BL51 BANKED LINKER/LOCATER V6.22                                                      05/13/2019  13:45:15  PAGE 20


  -------         DO            
  D:0006H         SYMBOL        r1
  D:0004H         SYMBOL        i
  D:0002H         SYMBOL        retry
  -------         ENDDO         
  C:3206H         LINE#         112
  C:320EH         LINE#         113
  C:320EH         LINE#         116
  C:3210H         LINE#         118
  C:3213H         LINE#         120
  C:3213H         LINE#         121
  C:322FH         LINE#         122
  C:3230H         LINE#         123
  C:3239H         LINE#         124
  C:323CH         LINE#         128
  C:323EH         LINE#         130
  C:3243H         LINE#         132
  C:3248H         LINE#         134
  C:324AH         LINE#         135
  C:324AH         LINE#         136
  C:3259H         LINE#         137
  C:3266H         LINE#         139
  C:3266H         LINE#         140
  C:3266H         LINE#         142
  C:326BH         LINE#         144
  C:3272H         LINE#         145
  C:3272H         LINE#         146
  C:3274H         LINE#         147
  C:3275H         LINE#         148
  C:3275H         LINE#         150
  C:327DH         LINE#         152
  C:327FH         LINE#         153
  C:3282H         LINE#         154
  C:3283H         LINE#         155
  -------         ENDPROC       _MMC_SD_WRITESINGLEBLOCK
  -------         PROC          _MMC_SD_READSINGLEBLOCK
  D:0016H         SYMBOL        sector
  -------         DO            
  D:0007H         SYMBOL        r1
  D:0004H         SYMBOL        i
  D:0002H         SYMBOL        retry
  -------         ENDDO         
  C:3535H         LINE#         157
  C:353DH         LINE#         158
  C:353DH         LINE#         161
  C:353FH         LINE#         163
  C:3542H         LINE#         165
  C:3542H         LINE#         166
  C:355CH         LINE#         167
  C:355DH         LINE#         168
  C:3566H         LINE#         169
  C:3569H         LINE#         172
  C:356BH         LINE#         174
  C:3571H         LINE#         176
  C:3574H         LINE#         177
  C:3574H         LINE#         178
  C:3583H         LINE#         179
BL51 BANKED LINKER/LOCATER V6.22                                                      05/13/2019  13:45:15  PAGE 21


  C:3590H         LINE#         181
  C:3590H         LINE#         182
  C:3593H         LINE#         184
  C:3595H         LINE#         185
  C:3598H         LINE#         186
  C:3599H         LINE#         187
  -------         ENDPROC       _MMC_SD_READSINGLEBLOCK
  -------         PROC          SD_INIT
  -------         DO            
  D:0016H         SYMBOL        n
  -------         ENDDO         
  C:3B99H         LINE#         190
  C:3B99H         LINE#         191
  C:3B99H         LINE#         194
  C:3B9FH         LINE#         195
  C:3B9FH         LINE#         196
  C:3BA1H         LINE#         197
  C:3BA9H         LINE#         199
  -------         ENDPROC       SD_INIT
  -------         ENDMOD        MMC_SD

  -------         MODULE        LCD
  C:0000H         SYMBOL        _ICE_DUMMY_
  D:0080H         PUBLIC        P0
  C:3813H         PUBLIC        DispFrame
  D:0090H         PUBLIC        P1
  D:00A0H         PUBLIC        P2
  D:00B0H         PUBLIC        P3
  C:2CC5H         PUBLIC        DispBand
  C:2374H         PUBLIC        _WriteData
  C:00A7H         PUBLIC        ascii
  D:00AEH         PUBLIC        P4MDOUT
  C:0003H         PUBLIC        _DispColor
  C:3284H         PUBLIC        _DrawGird
  C:359AH         PUBLIC        _DrawLine
  C:2858H         PUBLIC        _WriteComm
  C:3BB8H         PUBLIC        _WriteDispData
  B:00B0H.1       PUBLIC        RS
  D:0051H         PUBLIC        mode
  C:29FDH         PUBLIC        _DispRegValue
  C:2D7FH         PUBLIC        _DispOneChar
  C:2F4AH         PUBLIC        _DispInt
  C:0046H         PUBLIC        _PutPixel
  D:00A9H         PUBLIC        CLKSEL
  C:0097H         SYMBOL        _?ix1000
  B:0090H.6       PUBLIC        RD0
  B:00B0H.0       PUBLIC        CS0
  C:2FE4H         PUBLIC        LCD_Init
  C:2EAFH         PUBLIC        _DispStr
  B:0090H.7       PUBLIC        WR0
  C:3B18H         PUBLIC        _WriteOneDot
  C:2934H         PUBLIC        _DispPicFromSD
  B:0080H.7       PUBLIC        DIR
  C:248BH         PUBLIC        BOE24_GC9306_P4
  C:32F9H         PUBLIC        BOE24_ST7789V_P4
  C:1F4CH         PUBLIC        BOE24_GC9306_S3
  C:3108H         PUBLIC        BOE24_ST7789V_S3
BL51 BANKED LINKER/LOCATER V6.22                                                      05/13/2019  13:45:15  PAGE 22


  C:2591H         PUBLIC        BOE28_GC9306_P4
  C:1AF0H         PUBLIC        CTC24_GC9306_P4
  C:336EH         PUBLIC        BOE28_ST7789V_P4
  C:14EFH         PUBLIC        CTC24_ST7789V_P4
  C:205CH         PUBLIC        BOE28_GC9306_S3
  C:18A4H         PUBLIC        CTC24_GC9306_S3
  C:3187H         PUBLIC        BOE28_ST7789V_S3
  C:2383H         PUBLIC        CTC28_GC9306_P4
  C:19CCH         PUBLIC        CTC28_ST7789V_P4
  C:1D29H         PUBLIC        CTC28_GC9306_S3
  C:365FH         PUBLIC        _ToOrd
  C:1776H         PUBLIC        CTC28_ST7789V_S3
  B:0080H.5       PUBLIC        RST
  C:3A96H         PUBLIC        ReadData
  C:2E28H         PUBLIC        _?BlockWrite
  C:2787H         SYMBOL        L?0160
  C:2853H         SYMBOL        L?0161
  -------         PROC          L?0159
  -------         ENDPROC       L?0159
  C:2787H         SYMBOL        L?0160
  C:2853H         SYMBOL        L?0161
  -------         PROC          _WRITECOMM
  D:0006H         SYMBOL        i
  C:2858H         LINE#         40
  C:2858H         LINE#         41
  C:2858H         LINE#         42
  C:285AH         LINE#         43
  C:285CH         LINE#         44
  C:285EH         LINE#         50
  C:2860H         LINE#         51
  C:2862H         LINE#         52
  C:2864H         LINE#         54
  C:2866H         LINE#         55
  -------         ENDPROC       _WRITECOMM
  C:227AH         SYMBOL        L?0157
  C:2370H         SYMBOL        L?0158
  -------         PROC          L?0156
  -------         ENDPROC       L?0156
  C:227AH         SYMBOL        L?0157
  C:2370H         SYMBOL        L?0158
  -------         PROC          _WRITEDATA
  D:0006H         SYMBOL        i
  C:2374H         LINE#         57
  C:2374H         LINE#         58
  C:2374H         LINE#         59
  C:2376H         LINE#         60
  C:2378H         LINE#         61
  C:237AH         LINE#         67
  C:237CH         LINE#         68
  C:237EH         LINE#         69
  C:2380H         LINE#         71
  C:2382H         LINE#         72
  -------         ENDPROC       _WRITEDATA
  -------         PROC          _WRITEDISPDATA
  D:0007H         SYMBOL        DataH
  D:0005H         SYMBOL        DataL
  C:3BB8H         LINE#         74
BL51 BANKED LINKER/LOCATER V6.22                                                      05/13/2019  13:45:15  PAGE 23


  C:3BB8H         LINE#         75
  C:3BB8H         LINE#         80
  C:3BBAH         LINE#         81
  C:3BBCH         LINE#         82
  C:3BBEH         LINE#         84
  C:3BC0H         LINE#         85
  C:3BC2H         LINE#         86
  C:3BC4H         LINE#         90
  -------         ENDPROC       _WRITEDISPDATA
  -------         PROC          _WRITEONEDOT
  D:0004H         SYMBOL        color
  C:3B18H         LINE#         92
  C:3B1CH         LINE#         93
  C:3B1CH         LINE#         95
  C:3B1EH         LINE#         96
  C:3B20H         LINE#         97
  C:3B22H         LINE#         99
  C:3B24H         LINE#         100
  C:3B26H         LINE#         101
  C:3B28H         LINE#         103
  C:3B2AH         LINE#         104
  C:3B2CH         LINE#         105
  C:3B2EH         LINE#         107
  C:3B30H         LINE#         108
  -------         ENDPROC       _WRITEONEDOT
  -------         PROC          LCD_INIT
  C:2FE4H         LINE#         110
  C:2FE4H         LINE#         111
  C:2FE4H         LINE#         115
  C:2FE6H         LINE#         116
  C:2FEDH         LINE#         118
  C:2FEFH         LINE#         119
  C:2FF6H         LINE#         121
  C:2FF8H         LINE#         122
  C:2FFFH         LINE#         125
  C:304BH         LINE#         126
  C:304BH         LINE#         127
  C:304BH         LINE#         129
  C:304EH         LINE#         130
  C:304EH         LINE#         131
  C:304EH         LINE#         132
  C:3051H         LINE#         133
  C:3051H         LINE#         134
  C:3051H         LINE#         135
  C:3054H         LINE#         136
  C:3054H         LINE#         137
  C:3054H         LINE#         138
  C:3057H         LINE#         139
  C:3057H         LINE#         141
  C:3057H         LINE#         142
  C:305AH         LINE#         143
  C:305AH         LINE#         144
  C:305AH         LINE#         145
  C:305DH         LINE#         146
  C:305DH         LINE#         147
  C:305DH         LINE#         148
  C:3060H         LINE#         149
BL51 BANKED LINKER/LOCATER V6.22                                                      05/13/2019  13:45:15  PAGE 24


  C:3060H         LINE#         150
  C:3060H         LINE#         151
  C:3063H         LINE#         152
  C:3063H         LINE#         154
  C:3063H         LINE#         155
  C:3066H         LINE#         156
  C:3066H         LINE#         157
  C:3066H         LINE#         158
  C:3069H         LINE#         159
  C:3069H         LINE#         160
  C:3069H         LINE#         161
  C:306CH         LINE#         162
  C:306CH         LINE#         163
  C:306CH         LINE#         164
  C:306FH         LINE#         165
  C:306FH         LINE#         167
  C:306FH         LINE#         168
  C:3072H         LINE#         169
  C:3072H         LINE#         170
  C:3072H         LINE#         171
  C:3075H         LINE#         172
  C:3075H         LINE#         173
  C:3075H         LINE#         174
  C:3078H         LINE#         175
  C:3078H         LINE#         176
  C:3078H         LINE#         177
  C:307BH         LINE#         178
  C:307BH         LINE#         179
  C:307BH         LINE#         185
  -------         ENDPROC       LCD_INIT
  C:2E0EH         SYMBOL        L?0163
  C:2E11H         SYMBOL        L?0164
  -------         PROC          L?0162
  -------         ENDPROC       L?0162
  C:2E0EH         SYMBOL        L?0163
  C:2E11H         SYMBOL        L?0164
  -------         PROC          _?BLOCKWRITE
  i:0000H         SYMBOL        Xstart
  i:0002H         SYMBOL        Xend
  i:0004H         SYMBOL        Ystart
  i:0006H         SYMBOL        Yend
  C:2E28H         LINE#         187
  C:2E49H         LINE#         191
  C:2E50H         LINE#         192
  C:2E57H         LINE#         193
  C:2E5FH         LINE#         194
  C:2E6AH         LINE#         195
  C:2E74H         LINE#         197
  C:2E79H         LINE#         198
  C:2E83H         LINE#         199
  C:2E8EH         LINE#         200
  C:2E98H         LINE#         201
  C:2EA3H         LINE#         203
  C:2EA8H         LINE#         204
  -------         ENDPROC       _?BLOCKWRITE
  -------         PROC          _DISPCOLOR
  D:0009H         SYMBOL        color
BL51 BANKED LINKER/LOCATER V6.22                                                      05/13/2019  13:45:15  PAGE 25


  -------         DO            
  D:0004H         SYMBOL        i
  D:0002H         SYMBOL        j
  -------         ENDDO         
  C:0003H         LINE#         206
  C:0007H         LINE#         207
  C:0007H         LINE#         210
  C:000AH         LINE#         211
  C:000DH         LINE#         212
  C:000FH         LINE#         213
  C:0011H         LINE#         214
  C:0013H         LINE#         216
  C:0015H         LINE#         217
  C:0015H         LINE#         218
  C:0018H         LINE#         219
  C:0018H         LINE#         220
  C:001CH         LINE#         221
  C:001EH         LINE#         222
  C:0020H         LINE#         224
  C:0023H         LINE#         225
  C:0025H         LINE#         226
  C:0027H         LINE#         227
  C:0032H         LINE#         228
  C:003DH         LINE#         229
  C:0040H         LINE#         230
  C:0042H         LINE#         231
  -------         ENDPROC       _DISPCOLOR
  -------         PROC          DISPBAND
  -------         DO            
  D:0004H         SYMBOL        i
  D:0009H         SYMBOL        j
  D:000BH         SYMBOL        k
  D:000DH         SYMBOL        color
  -------         ENDDO         
  C:2CC5H         LINE#         233
  C:2CC5H         LINE#         234
  C:2CC5H         LINE#         237
  C:2CD8H         LINE#         239
  C:2CD8H         LINE#         240
  C:2CDBH         LINE#         242
  C:2CDDH         LINE#         243
  C:2CDFH         LINE#         244
  C:2CE1H         LINE#         246
  C:2CE3H         LINE#         247
  C:2CE3H         LINE#         248
  C:2CE8H         LINE#         249
  C:2CE8H         LINE#         250
  C:2CEDH         LINE#         251
  C:2CEDH         LINE#         252
  C:2CFBH         LINE#         253
  C:2CFDH         LINE#         254
  C:2CFFH         LINE#         256
  C:2D01H         LINE#         257
  C:2D03H         LINE#         258
  C:2D05H         LINE#         259
  C:2D13H         LINE#         260
  C:2D21H         LINE#         261
BL51 BANKED LINKER/LOCATER V6.22                                                      05/13/2019  13:45:15  PAGE 26


  C:2D2CH         LINE#         262
  C:2D38H         LINE#         263
  C:2D38H         LINE#         264
  C:2D3DH         LINE#         265
  C:2D3DH         LINE#         266
  C:2D41H         LINE#         267
  C:2D43H         LINE#         268
  C:2D45H         LINE#         270
  C:2D48H         LINE#         271
  C:2D4AH         LINE#         272
  C:2D4CH         LINE#         273
  C:2D5AH         LINE#         274
  C:2D64H         LINE#         275
  C:2D67H         LINE#         276
  C:2D69H         LINE#         277
  -------         ENDPROC       DISPBAND
  -------         PROC          DISPFRAME
  -------         DO            
  D:0004H         SYMBOL        i
  D:0002H         SYMBOL        j
  -------         ENDDO         
  C:3813H         LINE#         280
  C:3813H         LINE#         281
  C:3813H         LINE#         283
  C:3813H         LINE#         284
  C:3816H         LINE#         287
  C:3818H         LINE#         288
  C:3818H         LINE#         289
  C:381BH         LINE#         291
  C:3833H         LINE#         292
  C:3839H         LINE#         294
  C:384DH         LINE#         295
  C:3858H         LINE#         296
  C:385BH         LINE#         297
  -------         ENDPROC       DISPFRAME
  -------         PROC          _DISPPICFROMSD
  D:0009H         SYMBOL        PicNum
  -------         DO            
  D:000AH         SYMBOL        page_s
  D:000EH         SYMBOL        page_e
  D:0002H         SYMBOL        i
  D:0012H         SYMBOL        page_num
  -------         ENDDO         
  C:2934H         LINE#         383
  C:2936H         LINE#         384
  C:2936H         LINE#         389
  C:2939H         LINE#         391
  C:2939H         LINE#         393
  C:293CH         LINE#         395
  C:293EH         LINE#         397
  C:2940H         LINE#         399
  C:294BH         LINE#         400
  C:296BH         LINE#         401
  C:2992H         LINE#         402
  C:29A8H         LINE#         403
  C:29A8H         LINE#         404
  C:29B3H         LINE#         406
BL51 BANKED LINKER/LOCATER V6.22                                                      05/13/2019  13:45:15  PAGE 27


  C:29BCH         LINE#         407
  C:29BCH         LINE#         408
  C:29D7H         LINE#         409
  C:29E0H         LINE#         411
  C:29F7H         LINE#         413
  C:29F9H         LINE#         414
  C:29FCH         LINE#         415
  -------         ENDPROC       _DISPPICFROMSD
  -------         PROC          _TOORD
  D:0007H         SYMBOL        ch
  C:365FH         LINE#         1144
  C:365FH         LINE#         1145
  C:365FH         LINE#         1146
  C:3665H         LINE#         1147
  C:3665H         LINE#         1148
  C:3667H         LINE#         1149
  C:3669H         LINE#         1150
  C:3675H         LINE#         1151
  C:3675H         LINE#         1152
  C:3679H         LINE#         1153
  C:367BH         LINE#         1154
  C:3687H         LINE#         1155
  C:3687H         LINE#         1156
  C:368BH         LINE#         1157
  C:368DH         LINE#         1158
  C:3699H         LINE#         1159
  C:3699H         LINE#         1160
  C:369DH         LINE#         1161
  C:369FH         LINE#         1162
  C:36ABH         LINE#         1163
  C:36ABH         LINE#         1164
  C:36AFH         LINE#         1165
  C:36B1H         LINE#         1166
  C:36B7H         LINE#         1167
  C:36B7H         LINE#         1168
  C:36B9H         LINE#         1169
  C:36B9H         LINE#         1171
  C:36B9H         LINE#         1172
  -------         ENDPROC       _TOORD
  C:2D6AH         SYMBOL        L?0166
  -------         PROC          L?0165
  -------         ENDPROC       L?0165
  C:2D6AH         SYMBOL        L?0166
  -------         PROC          _DISPONECHAR
  D:0019H         SYMBOL        ord
  D:0006H         SYMBOL        Xstart
  D:0002H         SYMBOL        Ystart
  D:001EH         SYMBOL        TextColor
  D:0020H         SYMBOL        BackColor
  -------         DO            
  D:0022H         SYMBOL        i
  D:0002H         SYMBOL        j
  D:0023H         SYMBOL        p
  D:0003H         SYMBOL        dat
  D:0006H         SYMBOL        index
  -------         ENDDO         
  C:2D7FH         LINE#         1174
BL51 BANKED LINKER/LOCATER V6.22                                                      05/13/2019  13:45:15  PAGE 28


  C:2D85H         LINE#         1175
  C:2D85H         LINE#         1181
  C:2D9FH         LINE#         1183
  C:2DA3H         LINE#         1185
  C:2DACH         LINE#         1186
  C:2DAEH         LINE#         1188
  C:2DBCH         LINE#         1190
  C:2DC5H         LINE#         1191
  C:2DCFH         LINE#         1193
  C:2DD2H         LINE#         1194
  C:2DD2H         LINE#         1195
  C:2DE4H         LINE#         1196
  C:2DE6H         LINE#         1197
  C:2DE6H         LINE#         1198
  C:2DF3H         LINE#         1199
  C:2DF3H         LINE#         1200
  C:2DF7H         LINE#         1201
  C:2DF9H         LINE#         1203
  C:2DF9H         LINE#         1204
  C:2E00H         LINE#         1205
  C:2E00H         LINE#         1206
  C:2E04H         LINE#         1207
  C:2E0DH         LINE#         1208
  -------         ENDPROC       _DISPONECHAR
  -------         PROC          _DISPSTR
  D:000EH         SYMBOL        str
  D:0011H         SYMBOL        Xstart
  D:0013H         SYMBOL        Ystart
  D:0015H         SYMBOL        TextColor
  D:0017H         SYMBOL        BackColor
  C:2EAFH         LINE#         1211
  C:2EB9H         LINE#         1212
  C:2EB9H         LINE#         1214
  C:2ECAH         LINE#         1215
  C:2ECAH         LINE#         1216
  C:2EF6H         LINE#         1218
  C:2F01H         LINE#         1219
  C:2F01H         LINE#         1220
  C:2F06H         LINE#         1221
  C:2F11H         LINE#         1222
  C:2F13H         LINE#         1224
  C:2F13H         LINE#         1225
  C:2F1EH         LINE#         1226
  C:2F1EH         LINE#         1228
  C:2F29H         LINE#         1229
  C:2F29H         LINE#         1230
  C:2F2EH         LINE#         1231
  C:2F2EH         LINE#         1232
  C:2F30H         LINE#         1233
  -------         ENDPROC       _DISPSTR
  -------         PROC          _DISPINT
  D:000EH         SYMBOL        i
  D:0010H         SYMBOL        Xstart
  D:0012H         SYMBOL        Ystart
  D:0014H         SYMBOL        TextColor
  D:0016H         SYMBOL        BackColor
  C:2F4AH         LINE#         1239
BL51 BANKED LINKER/LOCATER V6.22                                                      05/13/2019  13:45:15  PAGE 29


  C:2F56H         LINE#         1240
  C:2F56H         LINE#         1241
  C:2F61H         LINE#         1242
  C:2F61H         LINE#         1243
  C:2F67H         LINE#         1244
  C:2F67H         LINE#         1245
  C:2F72H         LINE#         1246
  C:2F72H         LINE#         1247
  C:2F7EH         LINE#         1248
  C:2F7EH         LINE#         1250
  C:2F9BH         LINE#         1251
  C:2FA7H         LINE#         1252
  C:2FBEH         LINE#         1253
  C:2FCAH         LINE#         1255
  -------         ENDPROC       _DISPINT
  -------         PROC          READDATA
  -------         DO            
  D:0006H         SYMBOL        temp
  -------         ENDDO         
  C:3A96H         LINE#         1265
  C:3A96H         LINE#         1266
  C:3A96H         LINE#         1269
  C:3A99H         LINE#         1272
  C:3A9BH         LINE#         1274
  C:3A9DH         LINE#         1276
  C:3A9FH         LINE#         1278
  C:3AA1H         LINE#         1280
  C:3AA3H         LINE#         1283
  C:3AA5H         LINE#         1286
  C:3AA7H         LINE#         1289
  C:3AA9H         LINE#         1290
  C:3AABH         LINE#         1291
  C:3AAFH         LINE#         1293
  C:3AB1H         LINE#         1296
  C:3AB4H         LINE#         1300
  C:3AB6H         LINE#         1303
  C:3AB8H         LINE#         1306
  C:3AB8H         LINE#         1309
  -------         ENDPROC       READDATA
  -------         PROC          _DISPREGVALUE
  D:0009H         SYMBOL        RegIndex
  D:000BH         SYMBOL        ParNum
  -------         DO            
  D:000CH         SYMBOL        i
  X:0200H         SYMBOL        reg_data
  -------         ENDDO         
  C:29FDH         LINE#         1318
  C:2A03H         LINE#         1319
  C:2A03H         LINE#         1324
  C:2A06H         LINE#         1326
  C:2A0DH         LINE#         1327
  C:2A10H         LINE#         1329
  C:2A1AH         LINE#         1330
  C:2A1AH         LINE#         1331
  C:2A2FH         LINE#         1332
  C:2A33H         LINE#         1336
  C:2A4EH         LINE#         1340
BL51 BANKED LINKER/LOCATER V6.22                                                      05/13/2019  13:45:15  PAGE 30


  C:2A65H         LINE#         1342
  C:2A6FH         LINE#         1343
  C:2A6FH         LINE#         1347
  C:2AACH         LINE#         1349
  C:2AB0H         LINE#         1350
  -------         ENDPROC       _DISPREGVALUE
  -------         PROC          _PUTPIXEL
  D:0044H         SYMBOL        x
  D:0046H         SYMBOL        y
  D:0082H         SYMBOL        color
  -------         DO            
  D:0048H         SYMBOL        i
  -------         ENDDO         
  C:0046H         LINE#         1470
  C:0052H         LINE#         1471
  C:0052H         LINE#         1520
  C:0055H         LINE#         1521
  C:0055H         LINE#         1522
  C:0076H         LINE#         1523
  C:007DH         LINE#         1524
  C:0080H         LINE#         1525
  C:0089H         LINE#         1528
  -------         ENDPROC       _PUTPIXEL
  -------         PROC          _DRAWLINE
  D:003AH         SYMBOL        Xstart
  D:003CH         SYMBOL        Xend
  D:003EH         SYMBOL        Ystart
  D:0040H         SYMBOL        Yend
  D:0042H         SYMBOL        color
  -------         DO            
  D:0002H         SYMBOL        i
  D:0082H         SYMBOL        j
  -------         ENDDO         
  C:359AH         LINE#         1530
  C:35A6H         LINE#         1531
  C:35A6H         LINE#         1534
  C:35C0H         LINE#         1536
  C:35D4H         LINE#         1537
  C:35D4H         LINE#         1538
  C:35ECH         LINE#         1539
  C:35ECH         LINE#         1540
  C:35F3H         LINE#         1541
  C:35F6H         LINE#         1542
  C:35FDH         LINE#         1543
  -------         ENDPROC       _DRAWLINE
  -------         PROC          _DRAWGIRD
  D:004DH         SYMBOL        color
  -------         DO            
  D:004FH         SYMBOL        i
  -------         ENDDO         
  C:3284H         LINE#         1545
  C:3288H         LINE#         1546
  C:3288H         LINE#         1549
  C:3299H         LINE#         1550
  C:3299H         LINE#         1551
  C:32B3H         LINE#         1553
  C:32C0H         LINE#         1555
BL51 BANKED LINKER/LOCATER V6.22                                                      05/13/2019  13:45:15  PAGE 31


  C:32D1H         LINE#         1556
  C:32D1H         LINE#         1557
  C:32EBH         LINE#         1558
  C:32F8H         LINE#         1560
  -------         ENDPROC       _DRAWGIRD
  -------         PROC          BOE24_ST7789V_P4
  C:32F9H         LINE#         5582
  C:32F9H         LINE#         5583
  C:32F9H         LINE#         5589
  C:32FBH         LINE#         5590
  C:3302H         LINE#         5591
  C:3304H         LINE#         5592
  C:330BH         LINE#         5593
  C:330DH         LINE#         5594
  C:3314H         LINE#         5596
  C:331BH         LINE#         5597
  C:3320H         LINE#         5599
  C:3320H         LINE#         5600
  C:3320H         LINE#         5601
  C:3320H         LINE#         5602
  C:3320H         LINE#         5604
  C:3320H         LINE#         5605
  C:3320H         LINE#         5606
  C:3320H         LINE#         5607
  C:3320H         LINE#         5608
  C:3320H         LINE#         5609
  C:3320H         LINE#         5610
  C:3320H         LINE#         5611
  C:3320H         LINE#         5613
  C:3320H         LINE#         5614
  C:3320H         LINE#         5615
  C:3320H         LINE#         5616
  C:3320H         LINE#         5617
  C:3320H         LINE#         5618
  C:3320H         LINE#         5619
  C:3320H         LINE#         5620
  C:3320H         LINE#         5621
  C:3320H         LINE#         5623
  C:3320H         LINE#         5624
  C:3320H         LINE#         5625
  C:3320H         LINE#         5626
  C:3320H         LINE#         5627
  C:3320H         LINE#         5628
  C:3320H         LINE#         5630
  C:3320H         LINE#         5631
  C:3320H         LINE#         5632
  C:3320H         LINE#         5633
  C:3320H         LINE#         5634
  C:3320H         LINE#         5635
  C:3320H         LINE#         5636
  C:3320H         LINE#         5637
  C:3320H         LINE#         5638
  C:3320H         LINE#         5639
  C:3320H         LINE#         5640
  C:3320H         LINE#         5641
  C:3320H         LINE#         5642
  C:3320H         LINE#         5643
BL51 BANKED LINKER/LOCATER V6.22                                                      05/13/2019  13:45:15  PAGE 32


  C:3320H         LINE#         5644
  C:3320H         LINE#         5645
  C:3323H         LINE#         5646
  C:3328H         LINE#         5647
  C:332DH         LINE#         5648
  C:3332H         LINE#         5649
  C:3337H         LINE#         5650
  C:333CH         LINE#         5651
  C:3341H         LINE#         5652
  C:3346H         LINE#         5653
  C:334BH         LINE#         5654
  C:3350H         LINE#         5655
  C:3355H         LINE#         5656
  C:335AH         LINE#         5657
  C:335FH         LINE#         5658
  C:3364H         LINE#         5659
  C:3369H         LINE#         5660
  -------         ENDPROC       BOE24_ST7789V_P4
  -------         PROC          BOE24_ST7789V_S3
  C:3108H         LINE#         5664
  C:3108H         LINE#         5665
  C:3108H         LINE#         5670
  C:310AH         LINE#         5671
  C:3111H         LINE#         5672
  C:3113H         LINE#         5673
  C:311AH         LINE#         5674
  C:311CH         LINE#         5675
  C:3123H         LINE#         5677
  C:312AH         LINE#         5678
  C:312FH         LINE#         5680
  C:312FH         LINE#         5681
  C:312FH         LINE#         5682
  C:312FH         LINE#         5683
  C:312FH         LINE#         5685
  C:312FH         LINE#         5686
  C:312FH         LINE#         5687
  C:312FH         LINE#         5688
  C:312FH         LINE#         5689
  C:312FH         LINE#         5690
  C:312FH         LINE#         5691
  C:312FH         LINE#         5692
  C:312FH         LINE#         5694
  C:312FH         LINE#         5695
  C:312FH         LINE#         5696
  C:312FH         LINE#         5697
  C:312FH         LINE#         5698
  C:312FH         LINE#         5699
  C:312FH         LINE#         5700
  C:312FH         LINE#         5701
  C:312FH         LINE#         5702
  C:312FH         LINE#         5704
  C:312FH         LINE#         5705
  C:312FH         LINE#         5706
  C:312FH         LINE#         5707
  C:312FH         LINE#         5708
  C:312FH         LINE#         5709
  C:312FH         LINE#         5711
BL51 BANKED LINKER/LOCATER V6.22                                                      05/13/2019  13:45:15  PAGE 33


  C:312FH         LINE#         5712
  C:312FH         LINE#         5713
  C:312FH         LINE#         5714
  C:312FH         LINE#         5715
  C:312FH         LINE#         5716
  C:312FH         LINE#         5717
  C:312FH         LINE#         5718
  C:312FH         LINE#         5719
  C:312FH         LINE#         5720
  C:312FH         LINE#         5721
  C:312FH         LINE#         5722
  C:312FH         LINE#         5723
  C:312FH         LINE#         5724
  C:312FH         LINE#         5725
  C:312FH         LINE#         5726
  C:3132H         LINE#         5727
  C:3137H         LINE#         5728
  C:313CH         LINE#         5729
  C:3141H         LINE#         5730
  C:3146H         LINE#         5731
  C:314BH         LINE#         5732
  C:3150H         LINE#         5733
  C:3155H         LINE#         5734
  C:315AH         LINE#         5735
  C:315FH         LINE#         5736
  C:3164H         LINE#         5737
  C:3169H         LINE#         5738
  C:316EH         LINE#         5739
  C:3173H         LINE#         5740
  C:3178H         LINE#         5742
  C:317DH         LINE#         5743
  C:3182H         LINE#         5746
  -------         ENDPROC       BOE24_ST7789V_S3
  -------         PROC          BOE24_GC9306_P4
  C:248BH         LINE#         5750
  C:248BH         LINE#         5751
  C:248BH         LINE#         5758
  C:248DH         LINE#         5759
  C:2494H         LINE#         5760
  C:2496H         LINE#         5761
  C:249DH         LINE#         5762
  C:249FH         LINE#         5763
  C:24A6H         LINE#         5766
  C:24A6H         LINE#         5767
  C:24A6H         LINE#         5768
  C:24A6H         LINE#         5769
  C:24A6H         LINE#         5770
  C:24A6H         LINE#         5771
  C:24A6H         LINE#         5772
  C:24A6H         LINE#         5773
  C:24A6H         LINE#         5774
  C:24A6H         LINE#         5775
  C:24A6H         LINE#         5776
  C:24A6H         LINE#         5777
  C:24A6H         LINE#         5780
  C:24A6H         LINE#         5781
  C:24A6H         LINE#         5782
BL51 BANKED LINKER/LOCATER V6.22                                                      05/13/2019  13:45:15  PAGE 34


  C:24A6H         LINE#         5783
  C:24A6H         LINE#         5784
  C:24A6H         LINE#         5785
  C:24A6H         LINE#         5786
  C:24A6H         LINE#         5787
  C:24A6H         LINE#         5788
  C:24A6H         LINE#         5790
  C:24A6H         LINE#         5791
  C:24A6H         LINE#         5793
  C:24A6H         LINE#         5794
  C:24A6H         LINE#         5795
  C:24A6H         LINE#         5796
  C:24A6H         LINE#         5797
  C:24A6H         LINE#         5798
  C:24A6H         LINE#         5799
  C:24A6H         LINE#         5800
  C:24A6H         LINE#         5801
  C:24A6H         LINE#         5802
  C:24A6H         LINE#         5803
  C:24A6H         LINE#         5804
  C:24A6H         LINE#         5805
  C:24A6H         LINE#         5806
  C:24A6H         LINE#         5807
  C:24A6H         LINE#         5808
  C:24A6H         LINE#         5809
  C:24A6H         LINE#         5810
  C:24A6H         LINE#         5811
  C:24A6H         LINE#         5812
  C:24A6H         LINE#         5813
  C:24A6H         LINE#         5814
  C:24A6H         LINE#         5815
  C:24A6H         LINE#         5816
  C:24A6H         LINE#         5818
  C:24A6H         LINE#         5819
  C:24A6H         LINE#         5820
  C:24A6H         LINE#         5821
  C:24A6H         LINE#         5822
  C:24A6H         LINE#         5823
  C:24A6H         LINE#         5824
  C:24A6H         LINE#         5825
  C:24A9H         LINE#         5826
  C:24ADH         LINE#         5827
  C:24B2H         LINE#         5828
  C:24B7H         LINE#         5831
  C:24BCH         LINE#         5832
  C:24C1H         LINE#         5833
  C:24C5H         LINE#         5834
  C:24C9H         LINE#         5835
  C:24CEH         LINE#         5836
  C:24D3H         LINE#         5837
  C:24D8H         LINE#         5838
  C:24DDH         LINE#         5839
  C:24E2H         LINE#         5840
  C:24E6H         LINE#         5841
  C:24E9H         LINE#         5842
  C:24EEH         LINE#         5843
  C:24F3H         LINE#         5844
BL51 BANKED LINKER/LOCATER V6.22                                                      05/13/2019  13:45:15  PAGE 35


  C:24F8H         LINE#         5845
  C:24FDH         LINE#         5846
  C:2502H         LINE#         5847
  C:2507H         LINE#         5848
  C:250CH         LINE#         5849
  C:2511H         LINE#         5850
  C:2514H         LINE#         5851
  C:2519H         LINE#         5852
  C:251EH         LINE#         5853
  C:2523H         LINE#         5854
  C:2528H         LINE#         5855
  C:252DH         LINE#         5856
  C:2532H         LINE#         5857
  C:2536H         LINE#         5858
  C:253BH         LINE#         5859
  C:2540H         LINE#         5860
  C:2545H         LINE#         5861
  C:254AH         LINE#         5862
  C:254EH         LINE#         5863
  C:2553H         LINE#         5864
  C:2556H         LINE#         5865
[...]
  C:0FBEH         LINE#         249
  C:0FC3H         LINE#         251
  C:0FC3H         LINE#         252
  C:0FC7H         LINE#         253
  C:0FC7H         LINE#         254
  C:0FD2H         LINE#         255
  C:0FD7H         LINE#         256
  C:0FD7H         LINE#         257
  C:0FE0H         LINE#         258
  C:0FE0H         LINE#         259
  C:0FEAH         LINE#         260
  C:0FEAH         LINE#         261
  C:0FEDH         LINE#         262
  C:0FF0H         LINE#         263
  C:0FF5H         LINE#         264
  C:0FF5H         LINE#         265
  C:0FFAH         LINE#         266
  C:100AH         LINE#         267
  C:1014H         LINE#         269
  C:1019H         LINE#         270
  C:101CH         LINE#         271
  C:102CH         LINE#         273
  C:1043H         LINE#         275
BL51 BANKED LINKER/LOCATER V6.22                                                      05/13/2019  13:45:15  PAGE 61


  C:1058H         LINE#         276
  C:108CH         LINE#         277
  C:108CH         LINE#         278
  C:108CH         LINE#         279
  C:108FH         LINE#         280
  C:1091H         LINE#         281
  C:1091H         LINE#         282
  C:1094H         LINE#         283
  C:1096H         LINE#         284
  C:1096H         LINE#         285
  C:1099H         LINE#         286
  C:109BH         LINE#         287
  C:109BH         LINE#         288
  C:109EH         LINE#         289
  C:10A0H         LINE#         290
  C:10A0H         LINE#         291
  C:10A3H         LINE#         292
  C:10A5H         LINE#         293
  C:10A5H         LINE#         294
  C:10A8H         LINE#         295
  C:10AAH         LINE#         296
  C:10AAH         LINE#         297
  C:10ADH         LINE#         298
  C:10AFH         LINE#         299
  C:10AFH         LINE#         300
  C:10B2H         LINE#         301
  C:10B4H         LINE#         302
  C:10B4H         LINE#         303
  C:10B7H         LINE#         304
  C:10B9H         LINE#         305
  C:10B9H         LINE#         306
  C:10BCH         LINE#         307
  C:10BEH         LINE#         308
  C:10BEH         LINE#         309
  C:10C1H         LINE#         310
  C:10C1H         LINE#         311
  C:10C1H         LINE#         312
  C:10C1H         LINE#         313
  C:10C1H         LINE#         314
  C:10CCH         LINE#         315
  C:10CCH         LINE#         316
  C:10D2H         LINE#         317
  C:10E1H         LINE#         318
  C:10E1H         LINE#         319
  C:10E6H         LINE#         320
  C:10E9H         LINE#         321
  C:10F8H         LINE#         322
  C:10F8H         LINE#         323
  C:110DH         LINE#         324
  C:1112H         LINE#         325
  C:111AH         LINE#         326
  C:1124H         LINE#         327
  C:1132H         LINE#         328
  C:1140H         LINE#         329
  C:1142H         LINE#         331
  C:1142H         LINE#         332
  C:1147H         LINE#         333
BL51 BANKED LINKER/LOCATER V6.22                                                      05/13/2019  13:45:15  PAGE 62


  C:114AH         LINE#         334
  C:1162H         LINE#         335
  C:1162H         LINE#         336
  C:117BH         LINE#         337
  C:1180H         LINE#         338
  C:1188H         LINE#         339
  C:118FH         LINE#         340
  C:1194H         LINE#         341
  C:1194H         LINE#         342
  C:11A8H         LINE#         343
  C:11A8H         LINE#         344
  C:11AFH         LINE#         345
  C:11B4H         LINE#         346
  C:11B4H         LINE#         347
  C:11C2H         LINE#         348
  C:11C2H         LINE#         349
  -------         ENDPROC       USBXCORE_HANDLE_SETUP
  -------         PROC          USBXCORE_FORCE_STALL
  C:3AFBH         LINE#         356
  C:3AFBH         LINE#         358
  C:3B06H         LINE#         359
  C:3B11H         LINE#         360
  C:3B17H         LINE#         361
  -------         ENDPROC       USBXCORE_FORCE_STALL
  -------         PROC          USBXCORE_GET_STATUS
  C:3456H         LINE#         367
  C:3456H         LINE#         369
  C:3465H         LINE#         370
  C:3465H         LINE#         371
  C:3465H         LINE#         372
  C:3465H         LINE#         373
  C:3465H         LINE#         374
  C:3467H         LINE#         375
  C:3467H         LINE#         379
  C:3467H         LINE#         381
  C:3475H         LINE#         385
  C:3475H         LINE#         386
  C:3475H         LINE#         387
  C:3475H         LINE#         388
  C:3477H         LINE#         390
  C:3477H         LINE#         392
  C:3485H         LINE#         396
  C:3485H         LINE#         397
  C:3492H         LINE#         398
  C:3492H         LINE#         399
  C:3494H         LINE#         401
  C:3494H         LINE#         402
  C:34A2H         LINE#         403
  C:34ABH         LINE#         404
  C:34ABH         LINE#         405
  C:34ABH         LINE#         406
  C:34ADH         LINE#         407
  C:34ADH         LINE#         408
  C:34B0H         LINE#         409
  C:34B0H         LINE#         410
  C:34B0H         LINE#         411
  C:34B8H         LINE#         412
BL51 BANKED LINKER/LOCATER V6.22                                                      05/13/2019  13:45:15  PAGE 63


  C:34B8H         LINE#         413
  C:34BBH         LINE#         414
  C:34C1H         LINE#         415
  C:34C8H         LINE#         416
  C:34C8H         LINE#         417
  -------         ENDPROC       USBXCORE_GET_STATUS
  -------         PROC          USBXCORE_CLEAR_FEATURE
  C:3714H         LINE#         423
  C:3714H         LINE#         425
  C:371AH         LINE#         426
  C:371AH         LINE#         428
  C:3721H         LINE#         429
  C:3721H         LINE#         430
  C:372CH         LINE#         436
  C:3737H         LINE#         437
  C:373CH         LINE#         438
  C:373EH         LINE#         440
  C:373EH         LINE#         442
  C:3749H         LINE#         446
  C:3754H         LINE#         447
  C:3759H         LINE#         448
  C:3759H         LINE#         449
  C:375BH         LINE#         451
  C:375BH         LINE#         452
  C:375EH         LINE#         453
  C:375EH         LINE#         454
  C:3769H         LINE#         455
  -------         ENDPROC       USBXCORE_CLEAR_FEATURE
  -------         PROC          USBXCORE_VENDOR_USB_API
  C:2867H         LINE#         462
  C:2867H         LINE#         464
  C:2871H         LINE#         465
  C:2871H         LINE#         466
  C:2878H         LINE#         467
  C:2878H         LINE#         468
  C:287BH         LINE#         469
  C:287EH         LINE#         470
  C:2880H         LINE#         472
  C:2880H         LINE#         473
  C:2887H         LINE#         474
  C:2887H         LINE#         477
  C:2892H         LINE#         482
  C:289DH         LINE#         483
  C:28A8H         LINE#         485
  C:28A8H         LINE#         486
  C:28BBH         LINE#         487
  C:28BBH         LINE#         488
  C:28BFH         LINE#         489
  C:28CAH         LINE#         491
  C:28CAH         LINE#         492
  C:28DDH         LINE#         493
  C:28DDH         LINE#         494
  C:28E1H         LINE#         495
  C:28ECH         LINE#         497
  C:28F2H         LINE#         498
  C:28FAH         LINE#         499
  C:28FAH         LINE#         500
BL51 BANKED LINKER/LOCATER V6.22                                                      05/13/2019  13:45:15  PAGE 64


  C:28FDH         LINE#         501
  C:28FDH         LINE#         502
  C:28FDH         LINE#         503
  C:2908H         LINE#         504
  C:2908H         LINE#         505
  C:290EH         LINE#         506
  C:2915H         LINE#         507
  C:2915H         LINE#         508
  C:2919H         LINE#         509
  C:2919H         LINE#         510
  C:291FH         LINE#         511
  C:2926H         LINE#         512
  C:2926H         LINE#         513
  C:2931H         LINE#         514
  -------         ENDPROC       USBXCORE_VENDOR_USB_API
  -------         PROC          USBXCORE_SET_FEATURE
  C:376CH         LINE#         521
  C:376CH         LINE#         523
  C:3772H         LINE#         524
  C:3772H         LINE#         526
  C:3779H         LINE#         527
  C:3779H         LINE#         528
  C:3784H         LINE#         534
  C:378FH         LINE#         535
  C:3792H         LINE#         536
  C:3794H         LINE#         538
  C:3794H         LINE#         540
  C:379FH         LINE#         544
  C:37AAH         LINE#         545
  C:37B0H         LINE#         546
  C:37B0H         LINE#         548
  C:37B2H         LINE#         550
  C:37B2H         LINE#         551
  C:37B5H         LINE#         552
  C:37B5H         LINE#         553
  C:37C0H         LINE#         554
  -------         ENDPROC       USBXCORE_SET_FEATURE
  -------         PROC          USBXCORE_SET_ADDRESS
  C:3ADBH         LINE#         561
  C:3ADBH         LINE#         563
  C:3AEAH         LINE#         564
  C:3AF0H         LINE#         565
  C:3AF0H         LINE#         566
  C:3AF3H         LINE#         567
  C:3AF5H         LINE#         569
  C:3AF5H         LINE#         570
  C:3AF8H         LINE#         571
  C:3AF8H         LINE#         572
  -------         ENDPROC       USBXCORE_SET_ADDRESS
  -------         PROC          USBXCORE_GET_DESCRIPTOR
  C:2B64H         LINE#         579
  C:2B64H         LINE#         580
  C:2B73H         LINE#         581
  C:2B73H         LINE#         582
  C:2B73H         LINE#         583
  C:2B81H         LINE#         584
  C:2B85H         LINE#         585
BL51 BANKED LINKER/LOCATER V6.22                                                      05/13/2019  13:45:15  PAGE 65


  C:2B87H         LINE#         586
  C:2B87H         LINE#         587
  C:2B95H         LINE#         588
  C:2BA8H         LINE#         589
  C:2BAAH         LINE#         590
  C:2BAAH         LINE#         591
  C:2BCEH         LINE#         592
  C:2BDAH         LINE#         593
  C:2BDCH         LINE#         594
  C:2BDCH         LINE#         595
  C:2BDFH         LINE#         596
  C:2BDFH         LINE#         597
  C:2BDFH         LINE#         598
  C:2BF5H         LINE#         599
  C:2BF5H         LINE#         600
  C:2BFDH         LINE#         601
  C:2BFDH         LINE#         602
  C:2C05H         LINE#         603
  C:2C05H         LINE#         604
  C:2C08H         LINE#         605
  C:2C0EH         LINE#         606
  C:2C15H         LINE#         607
  C:2C15H         LINE#         608
  -------         ENDPROC       USBXCORE_GET_DESCRIPTOR
  -------         PROC          USBXCORE_GET_CONFIGURATION
  C:38A4H         LINE#         614
  C:38A4H         LINE#         616
  C:38ACH         LINE#         617
  C:38ACH         LINE#         618
  C:38B8H         LINE#         619
  C:38C0H         LINE#         620
  C:38C0H         LINE#         621
  C:38C4H         LINE#         622
  C:38C4H         LINE#         623
  C:38D2H         LINE#         624
  C:38DAH         LINE#         625
  C:38DAH         LINE#         626
  C:38DDH         LINE#         627
  C:38E3H         LINE#         628
  C:38EAH         LINE#         629
  -------         ENDPROC       USBXCORE_GET_CONFIGURATION
  -------         PROC          USBXCORE_SET_CONFIGURATION
  C:36BAH         LINE#         635
  C:36BAH         LINE#         637
  C:36C3H         LINE#         638
  C:36C3H         LINE#         639
  C:36CAH         LINE#         640
  C:36D0H         LINE#         641
  C:36D5H         LINE#         642
  C:36D7H         LINE#         644
  C:36E2H         LINE#         645
  C:36EDH         LINE#         646
  C:36F8H         LINE#         653
  C:3703H         LINE#         654
  C:3705H         LINE#         656
  C:3705H         LINE#         657
  C:370BH         LINE#         658
BL51 BANKED LINKER/LOCATER V6.22                                                      05/13/2019  13:45:15  PAGE 66


  C:370FH         LINE#         659
  C:3711H         LINE#         660
  C:3711H         LINE#         661
  -------         ENDPROC       USBXCORE_SET_CONFIGURATION
  -------         PROC          USBXCORE_GET_INTERFACE
  C:3A26H         LINE#         668
  C:3A26H         LINE#         670
  C:3A34H         LINE#         671
  C:3A3CH         LINE#         672
  C:3A3FH         LINE#         673
  C:3A45H         LINE#         674
  C:3A4CH         LINE#         675
  -------         ENDPROC       USBXCORE_GET_INTERFACE
  -------         PROC          USBXCORE_SET_SOP
  C:3B60H         LINE#         682
  C:3B60H         LINE#         684
  C:3B68H         LINE#         685
  C:3B68H         LINE#         686
  C:3B73H         LINE#         687
  C:3B73H         LINE#         688
  -------         ENDPROC       USBXCORE_SET_SOP
  -------         PROC          USBXCORE_USB_ISR
  C:139EH         LINE#         699
  C:13BBH         LINE#         702
  C:13C1H         LINE#         703
  C:13D4H         LINE#         706
  C:13E7H         LINE#         709
  C:13EBH         LINE#         710
  C:13EBH         LINE#         711
  C:13F6H         LINE#         712
  C:13F6H         LINE#         714
  C:13FDH         LINE#         715
  C:13FDH         LINE#         716
  C:1400H         LINE#         717
  C:1400H         LINE#         719
  C:1407H         LINE#         720
  C:1407H         LINE#         721
  C:1414H         LINE#         722
  C:1414H         LINE#         723
  C:141BH         LINE#         724
  C:141BH         LINE#         725
  C:141BH         LINE#         727
  C:141BH         LINE#         728
  C:141BH         LINE#         730
  C:141BH         LINE#         732
  C:142EH         LINE#         734
  C:1432H         LINE#         735
  C:1432H         LINE#         736
  C:1435H         LINE#         737
  C:1435H         LINE#         740
  C:143CH         LINE#         741
  C:143CH         LINE#         742
  C:1447H         LINE#         748
  C:145AH         LINE#         749
  C:145FH         LINE#         750
  C:145FH         LINE#         751
  C:1466H         LINE#         752
BL51 BANKED LINKER/LOCATER V6.22                                                      05/13/2019  13:45:15  PAGE 67


  C:1466H         LINE#         754
  C:1466H         LINE#         756
  C:1479H         LINE#         759
  C:147DH         LINE#         760
  C:147DH         LINE#         761
  C:1488H         LINE#         767
  C:149BH         LINE#         768
  C:149FH         LINE#         769
  C:149FH         LINE#         770
  C:14A6H         LINE#         771
  C:14A6H         LINE#         772
  C:14A6H         LINE#         775
  C:14B4H         LINE#         776
  C:14B9H         LINE#         777
  C:14BFH         LINE#         778
  C:14C4H         LINE#         781
  C:14D1H         LINE#         782
  C:14D1H         LINE#         783
  C:14D4H         LINE#         784
  C:14D4H         LINE#         785
  -------         ENDPROC       USBXCORE_USB_ISR
  -------         ENDMOD        USB_API

  -------         MODULE        USB_SUSPEND
  C:0000H         SYMBOL        _ICE_DUMMY_
  D:00D7H         PUBLIC        USB0XCN
  D:00C9H         PUBLIC        REG0CN
  C:39D4H         PUBLIC        USB_Suspend
  D:00A9H         PUBLIC        CLKSEL
  D:00B2H         PUBLIC        OSCICN
  D:00B9H         PUBLIC        CLKMUL
  -------         PROC          USB_SUSPEND
  C:39D4H         LINE#         70
  C:39D4H         LINE#         72
  C:39D7H         LINE#         74
  C:39DAH         LINE#         76
  C:39E2H         LINE#         79
  C:39E5H         LINE#         80
  C:39E8H         LINE#         81
  C:39EBH         LINE#         82
  C:39EEH         LINE#         84
  C:39EFH         LINE#         86
  C:39F2H         LINE#         88
  C:39F8H         LINE#         92
  C:39FBH         LINE#         94
  C:39FEH         LINE#         95
  -------         ENDPROC       USB_SUSPEND
  -------         ENDMOD        USB_SUSPEND

  -------         MODULE        USB_INT_ENABLE
  C:0000H         SYMBOL        _ICE_DUMMY_
  C:3B31H         PUBLIC        USB_Int_Enable
  D:0096H         PUBLIC        USB0ADR
  D:0097H         PUBLIC        USB0DAT
  -------         PROC          USB_INT_ENABLE
  C:3B31H         LINE#         68
  C:3B31H         LINE#         71
BL51 BANKED LINKER/LOCATER V6.22                                                      05/13/2019  13:45:15  PAGE 68


  C:3B38H         LINE#         73
  C:3B3EH         LINE#         74
  C:3B3EH         LINE#         75
  C:3B49H         LINE#         77
  C:3B49H         LINE#         78
  -------         ENDPROC       USB_INT_ENABLE
  -------         ENDMOD        USB_INT_ENABLE

  -------         MODULE        USB_CLOCK_RECOVERY
  C:0000H         SYMBOL        _ICE_DUMMY_
  C:3BC5H         PUBLIC        USBXcore_ClkRec
  D:0096H         PUBLIC        USB0ADR
  D:0097H         PUBLIC        USB0DAT
  -------         PROC          USBXCORE_CLKREC
  C:3BC5H         LINE#         45
  C:3BC5H         LINE#         47
  C:3BD0H         LINE#         48
  -------         ENDPROC       USBXCORE_CLKREC
  -------         ENDMOD        USB_CLOCK_RECOVERY

  -------         MODULE        ?C?COPY
  C:0D1EH         PUBLIC        ?C?COPY
  -------         ENDMOD        ?C?COPY

  -------         MODULE        ?C?CLDPTR
  C:0D44H         PUBLIC        ?C?CLDPTR
  -------         ENDMOD        ?C?CLDPTR

  -------         MODULE        ?C?CLDOPTR
  C:0D5DH         PUBLIC        ?C?CLDOPTR
  -------         ENDMOD        ?C?CLDOPTR

  -------         MODULE        ?C?IMUL
  C:0D8AH         PUBLIC        ?C?IMUL
  -------         ENDMOD        ?C?IMUL

  -------         MODULE        ?C?IILDX
  C:0D9CH         PUBLIC        ?C?IILDX
  -------         ENDMOD        ?C?IILDX

  -------         MODULE        ?C?LMUL
  C:0DB2H         PUBLIC        ?C?LMUL
  -------         ENDMOD        ?C?LMUL

  -------         MODULE        ?C?ULDIV
  C:0E3DH         PUBLIC        ?C?ULDIV
  -------         ENDMOD        ?C?ULDIV

  -------         MODULE        ?C?ULCMP
  C:0ECFH         PUBLIC        ?C?ULCMP
  -------         ENDMOD        ?C?ULCMP

  -------         MODULE        ?C?ULSHR
  C:0EE0H         PUBLIC        ?C?ULSHR
  -------         ENDMOD        ?C?ULSHR

  -------         MODULE        ?C?LSHL
BL51 BANKED LINKER/LOCATER V6.22                                                      05/13/2019  13:45:15  PAGE 69


  C:0EF3H         PUBLIC        ?C?LSHL
  -------         ENDMOD        ?C?LSHL

  -------         MODULE        ?C?LLDIIDATA
  C:0F0FH         PUBLIC        ?C?LLDIIDATA
  C:0F06H         PUBLIC        ?C?LLDIIDATA1
  C:0F08H         PUBLIC        ?C?LLDIIDATA8
  -------         ENDMOD        ?C?LLDIIDATA

  -------         MODULE        ?C?LSTXDATA
  C:0F26H         PUBLIC        ?C?LSTXDATA
  -------         ENDMOD        ?C?LSTXDATA

  -------         MODULE        ?C?LSTKXDATA
  C:0F32H         PUBLIC        ?C?LSTKXDATA
  -------         ENDMOD        ?C?LSTKXDATA

  -------         MODULE        ?C?ICASE
  C:0F63H         PUBLIC        ?C?ICASE
  -------         ENDMOD        ?C?ICASE

  -------         MODULE        ?C_IBP
  D:0053H         PUBLIC        ?C_IBP
  -------         ENDMOD        ?C_IBP

*** WARNING L16: UNCALLED SEGMENT, IGNORED FOR OVERLAY PROCESS
    SEGMENT: ?PR?_STOPDELAY?MAIN

*** WARNING L16: UNCALLED SEGMENT, IGNORED FOR OVERLAY PROCESS
    SEGMENT: ?PR?TP_DRAWLINE?TP

*** WARNING L1: UNRESOLVED EXTERNAL SYMBOL
    SYMBOL:  CTC24_ST7789V_S3
    MODULE:  lcd.obj (LCD)

*** WARNING L2: REFERENCE MADE TO UNRESOLVED EXTERNAL
    SYMBOL:  CTC24_ST7789V_S3
    MODULE:  lcd.obj (LCD)
    ADDRESS: 305BH

Program Size: data=85.0 xdata=1152 code=15334
LINK/LOCATE RUN COMPLETE.  4 WARNING(S),  0 ERROR(S)
