Component: ARM Compiler 5.06 update 6 (build 750) Tool: armlink [4d35ed]

==============================================================================

Section Cross References

    startup_stm32f10x_hd.o(STACK) refers (Special) to heapauxi.o(.text) for __use_two_region_memory
    startup_stm32f10x_hd.o(HEAP) refers (Special) to heapauxi.o(.text) for __use_two_region_memory
    startup_stm32f10x_hd.o(RESET) refers (Special) to heapauxi.o(.text) for __use_two_region_memory
    startup_stm32f10x_hd.o(RESET) refers to startup_stm32f10x_hd.o(STACK) for __initial_sp
    startup_stm32f10x_hd.o(RESET) refers to startup_stm32f10x_hd.o(.text) for Reset_Handler
    startup_stm32f10x_hd.o(RESET) refers to stm32f10x_it.o(i.NMI_Handler) for NMI_Handler
    startup_stm32f10x_hd.o(RESET) refers to stm32f10x_it.o(i.HardFault_Handler) for HardFault_Handler
    startup_stm32f10x_hd.o(RESET) refers to stm32f10x_it.o(i.MemManage_Handler) for MemManage_Handler
    startup_stm32f10x_hd.o(RESET) refers to stm32f10x_it.o(i.BusFault_Handler) for BusFault_Handler
    startup_stm32f10x_hd.o(RESET) refers to stm32f10x_it.o(i.UsageFault_Handler) for UsageFault_Handler
    startup_stm32f10x_hd.o(RESET) refers to stm32f10x_it.o(i.SVC_Handler) for SVC_Handler
    startup_stm32f10x_hd.o(RESET) refers to stm32f10x_it.o(i.DebugMon_Handler) for DebugMon_Handler
    startup_stm32f10x_hd.o(RESET) refers to stm32f10x_it.o(i.PendSV_Handler) for PendSV_Handler
    startup_stm32f10x_hd.o(RESET) refers to delay.o(i.SysTick_Handler) for SysTick_Handler
    startup_stm32f10x_hd.o(RESET) refers to timer.o(i.TIM1_UP_IRQHandler) for TIM1_UP_IRQHandler
    startup_stm32f10x_hd.o(RESET) refers to timer.o(i.TIM1_CC_IRQHandler) for TIM1_CC_IRQHandler
    startup_stm32f10x_hd.o(RESET) refers to timer.o(i.TIM3_IRQHandler) for TIM3_IRQHandler
    startup_stm32f10x_hd.o(RESET) refers to usart.o(i.USART1_IRQHandler) for USART1_IRQHandler
    startup_stm32f10x_hd.o(RESET) refers to uart2.o(i.USART2_IRQHandler) for USART2_IRQHandler
    startup_stm32f10x_hd.o(RESET) refers to uart3.o(i.USART3_IRQHandler) for USART3_IRQHandler
    startup_stm32f10x_hd.o(RESET) refers to sdio_sdcard.o(i.SDIO_IRQHandler) for SDIO_IRQHandler
    startup_stm32f10x_hd.o(.text) refers (Special) to heapauxi.o(.text) for __use_two_region_memory
    startup_stm32f10x_hd.o(.text) refers to system_stm32f10x.o(i.SystemInit) for SystemInit
    startup_stm32f10x_hd.o(.text) refers to __main.o(!!!main) for __main
    startup_stm32f10x_hd.o(.text) refers to startup_stm32f10x_hd.o(HEAP) for Heap_Mem
    startup_stm32f10x_hd.o(.text) refers to startup_stm32f10x_hd.o(STACK) for Stack_Mem
    wdg.o(i.IWDG_Feed) refers to stm32f10x_iwdg.o(i.IWDG_ReloadCounter) for IWDG_ReloadCounter
    wdg.o(i.IWDG_Init) refers to stm32f10x_iwdg.o(i.IWDG_WriteAccessCmd) for IWDG_WriteAccessCmd
    wdg.o(i.IWDG_Init) refers to stm32f10x_iwdg.o(i.IWDG_SetPrescaler) for IWDG_SetPrescaler
    wdg.o(i.IWDG_Init) refers to stm32f10x_iwdg.o(i.IWDG_SetReload) for IWDG_SetReload
    wdg.o(i.IWDG_Init) refers to stm32f10x_iwdg.o(i.IWDG_ReloadCounter) for IWDG_ReloadCounter
    wdg.o(i.IWDG_Init) refers to stm32f10x_iwdg.o(i.IWDG_Enable) for IWDG_Enable
    uart3.o(i.USART3_IRQHandler) refers to stm32f10x_usart.o(i.USART_GetITStatus) for USART_GetITStatus
    uart3.o(i.USART3_IRQHandler) refers to stm32f10x_usart.o(i.USART_ReceiveData) for USART_ReceiveData
    uart3.o(i.USART3_Init) refers to stm32f10x_rcc.o(i.RCC_APB1PeriphClockCmd) for RCC_APB1PeriphClockCmd
    uart3.o(i.USART3_Init) refers to stm32f10x_rcc.o(i.RCC_APB2PeriphClockCmd) for RCC_APB2PeriphClockCmd
    uart3.o(i.USART3_Init) refers to stm32f10x_gpio.o(i.GPIO_Init) for GPIO_Init
    uart3.o(i.USART3_Init) refers to misc.o(i.NVIC_Init) for NVIC_Init
    uart3.o(i.USART3_Init) refers to stm32f10x_usart.o(i.USART_Init) for USART_Init
    uart3.o(i.USART3_Init) refers to stm32f10x_usart.o(i.USART_ITConfig) for USART_ITConfig
    uart3.o(i.USART3_Init) refers to stm32f10x_usart.o(i.USART_Cmd) for USART_Cmd
    uart2.o(i.USART2_IRQHandler) refers to stm32f10x_usart.o(i.USART_GetITStatus) for USART_GetITStatus
    uart2.o(i.USART2_IRQHandler) refers to stm32f10x_usart.o(i.USART_ReceiveData) for USART_ReceiveData
    uart2.o(i.USART2_IRQHandler) refers to uart2.o(i.interface_receive) for interface_receive
    uart2.o(i.USART2_Init) refers to stm32f10x_rcc.o(i.RCC_APB1PeriphClockCmd) for RCC_APB1PeriphClockCmd
    uart2.o(i.USART2_Init) refers to stm32f10x_rcc.o(i.RCC_APB2PeriphClockCmd) for RCC_APB2PeriphClockCmd
    uart2.o(i.USART2_Init) refers to stm32f10x_usart.o(i.USART_DeInit) for USART_DeInit
    uart2.o(i.USART2_Init) refers to stm32f10x_gpio.o(i.GPIO_Init) for GPIO_Init
    uart2.o(i.USART2_Init) refers to misc.o(i.NVIC_Init) for NVIC_Init
    uart2.o(i.USART2_Init) refers to stm32f10x_usart.o(i.USART_Init) for USART_Init
    uart2.o(i.USART2_Init) refers to stm32f10x_usart.o(i.USART_ITConfig) for USART_ITConfig
[...]
    LCD_Fill                                 0x08002df1   Thumb Code    66  gc9306.o(i.LCD_Fill)
    LCD_GPIOInit                             0x08002e35   Thumb Code   154  gc9306.o(i.LCD_GPIOInit)
    LCD_INIT_GC9306                          0x08002ee1   Thumb Code   704  gc9306.o(i.LCD_INIT_GC9306)
    LCD_SetCursor                            0x080031ad   Thumb Code    58  gc9306.o(i.LCD_SetCursor)
    LCD_ShowChar                             0x080031ed   Thumb Code   280  gc9306.o(i.LCD_ShowChar)
    LCD_ShowString                           0x0800330d   Thumb Code   128  gc9306.o(i.LCD_ShowString)
    LCD_ShowWord                             0x0800338d   Thumb Code   322  gc9306.o(i.LCD_ShowWord)
    LCD_WR_DATAX                             0x080034d9   Thumb Code    76  gc9306.o(i.LCD_WR_DATAX)
    LCD_WR_REG                               0x08003531   Thumb Code    76  gc9306.o(i.LCD_WR_REG)
    LCD_WrCom                                0x08003589   Thumb Code    52  gc9306.o(i.LCD_WrCom)
    LCD_WrDat                                0x080035c9   Thumb Code    52  gc9306.o(i.LCD_WrDat)
    MemManage_Handler                        0x08003609   Thumb Code     4  stm32f10x_it.o(i.MemManage_Handler)
    NMI_Handler                              0x0800360d   Thumb Code     2  stm32f10x_it.o(i.NMI_Handler)
    NVIC_Init                                0x08003611   Thumb Code   100  misc.o(i.NVIC_Init)
    NVIC_PriorityGroupConfig                 0x08003681   Thumb Code    10  misc.o(i.NVIC_PriorityGroupConfig)
    PMinterface_receive                      0x08003695   Thumb Code   722  usart.o(i.PMinterface_receive)
    PMinterface_receive_check                0x080039a5   Thumb Code    28  usart.o(i.PMinterface_receive_check)
    PMrx_data_check                          0x080039c9   Thumb Code    56  usart.o(i.PMrx_data_check)
    PendSV_Handler                           0x08003a01   Thumb Code     2  stm32f10x_it.o(i.PendSV_Handler)
    RCC_AHBPeriphClockCmd                    0x08003a05   Thumb Code    26  stm32f10x_rcc.o(i.RCC_AHBPeriphClockCmd)
    RCC_APB1PeriphClockCmd                   0x08003a25   Thumb Code    26  stm32f10x_rcc.o(i.RCC_APB1PeriphClockCmd)
    RCC_APB1PeriphResetCmd                   0x08003a45   Thumb Code    26  stm32f10x_rcc.o(i.RCC_APB1PeriphResetCmd)
    RCC_APB2PeriphClockCmd                   0x08003a65   Thumb Code    26  stm32f10x_rcc.o(i.RCC_APB2PeriphClockCmd)
    RCC_APB2PeriphResetCmd                   0x08003a85   Thumb Code    26  stm32f10x_rcc.o(i.RCC_APB2PeriphResetCmd)
    RCC_GetClocksFreq                        0x08003aa5   Thumb Code   192  stm32f10x_rcc.o(i.RCC_GetClocksFreq)
    Read_A_Key                               0x08003b79   Thumb Code    48  key.o(i.Read_A_Key)
    SDEnWideBus                              0x08003bb5   Thumb Code   158  sdio_sdcard.o(i.SDEnWideBus)
    SDIO_ClearFlag                           0x08003c61   Thumb Code     6  stm32f10x_sdio.o(i.SDIO_ClearFlag)
    SDIO_ClockCmd                            0x08003c6d   Thumb Code     6  stm32f10x_sdio.o(i.SDIO_ClockCmd)
    SDIO_Clock_Set                           0x08003c79   Thumb Code    16  sdio_sdcard.o(i.SDIO_Clock_Set)
    SDIO_DMACmd                              0x08003c8d   Thumb Code     6  stm32f10x_sdio.o(i.SDIO_DMACmd)
    SDIO_DataConfig                          0x08003c99   Thumb Code    42  stm32f10x_sdio.o(i.SDIO_DataConfig)
    SDIO_DeInit                              0x08003cc9   Thumb Code    28  stm32f10x_sdio.o(i.SDIO_DeInit)
    SDIO_GetFlagStatus                       0x08003ced   Thumb Code    20  stm32f10x_sdio.o(i.SDIO_GetFlagStatus)
    SDIO_GetPowerState                       0x08003d05   Thumb Code    10  stm32f10x_sdio.o(i.SDIO_GetPowerState)
    SDIO_IRQHandler                          0x08003d15   Thumb Code     8  sdio_sdcard.o(i.SDIO_IRQHandler)
    SDIO_Init                                0x08003d1d   Thumb Code    42  stm32f10x_sdio.o(i.SDIO_Init)
    SDIO_ReadData                            0x08003d4d   Thumb Code     6  stm32f10x_sdio.o(i.SDIO_ReadData)
    SDIO_SendCommand                         0x08003d59   Thumb Code    38  stm32f10x_sdio.o(i.SDIO_SendCommand)
    SDIO_SetPowerState                       0x08003d85   Thumb Code    22  stm32f10x_sdio.o(i.SDIO_SetPowerState)
    SDIO_WriteData                           0x08003da1   Thumb Code     6  stm32f10x_sdio.o(i.SDIO_WriteData)
    SD_DMA_Config                            0x08003dad   Thumb Code    94  sdio_sdcard.o(i.SD_DMA_Config)
    SD_EnableWideBusOperation                0x08003e15   Thumb Code    94  sdio_sdcard.o(i.SD_EnableWideBusOperation)
    SD_GetCardInfo                           0x08003e7d   Thumb Code   772  sdio_sdcard.o(i.SD_GetCardInfo)
    SD_Init                                  0x08004191   Thumb Code   238  sdio_sdcard.o(i.SD_Init)
    SD_InitializeCards                       0x08004291   Thumb Code   316  sdio_sdcard.o(i.SD_InitializeCards)
    SD_PowerON                               0x080043e5   Thumb Code   450  sdio_sdcard.o(i.SD_PowerON)
    SD_ProcessIRQSrc                         0x080045c1   Thumb Code   296  sdio_sdcard.o(i.SD_ProcessIRQSrc)
    SD_ReadBlock                             0x080046fd   Thumb Code   558  sdio_sdcard.o(i.SD_ReadBlock)
    SD_ReadDisk                              0x08004955   Thumb Code   148  sdio_sdcard.o(i.SD_ReadDisk)
    SD_ReadMultiBlocks                       0x080049ed   Thumb Code   698  sdio_sdcard.o(i.SD_ReadMultiBlocks)
    SD_SelectDeselect                        0x08004cd5   Thumb Code    42  sdio_sdcard.o(i.SD_SelectDeselect)
    SD_SetDeviceMode                         0x08004d05   Thumb Code    20  sdio_sdcard.o(i.SD_SetDeviceMode)
    SD_WriteBlock                            0x08004d1d   Thumb Code   844  sdio_sdcard.o(i.SD_WriteBlock)
    SD_WriteDisk                             0x08005091   Thumb Code   148  sdio_sdcard.o(i.SD_WriteDisk)
    SD_WriteMultiBlocks                      0x08005129   Thumb Code   920  sdio_sdcard.o(i.SD_WriteMultiBlocks)
    SHT2x_GetHumiPoll                        0x080054e9   Thumb Code   172  sht2x.o(i.SHT2x_GetHumiPoll)
    SHT2x_GetTempPoll                        0x0800559d   Thumb Code   172  sht2x.o(i.SHT2x_GetTempPoll)
    SHT2x_Init                               0x08005659   Thumb Code    16  sht2x.o(i.SHT2x_Init)
    SHT2x_SoftReset                          0x08005669   Thumb Code    40  sht2x.o(i.SHT2x_SoftReset)
    SPI1_Init                                0x08005691   Thumb Code   136  spi.o(i.SPI1_Init)
    SPI1_ReadWriteByte                       0x08005721   Thumb Code    78  spi.o(i.SPI1_ReadWriteByte)
    SPI1_SetSpeed                            0x08005775   Thumb Code    36  spi.o(i.SPI1_SetSpeed)
    SPI_Cmd                                  0x0800579d   Thumb Code    24  stm32f10x_spi.o(i.SPI_Cmd)
    SPI_I2S_GetFlagStatus                    0x080057b5   Thumb Code    18  stm32f10x_spi.o(i.SPI_I2S_GetFlagStatus)
    SPI_I2S_ReceiveData                      0x080057c7   Thumb Code     6  stm32f10x_spi.o(i.SPI_I2S_ReceiveData)
    SPI_I2S_SendData                         0x080057cd   Thumb Code     4  stm32f10x_spi.o(i.SPI_I2S_SendData)
    SPI_Init                                 0x080057d1   Thumb Code    60  stm32f10x_spi.o(i.SPI_Init)
    SVC_Handler                              0x0800580d   Thumb Code     2  stm32f10x_it.o(i.SVC_Handler)
    SysTick_Handler                          0x080058ad   Thumb Code    86  delay.o(i.SysTick_Handler)
    SystemInit                               0x08005911   Thumb Code    78  system_stm32f10x.o(i.SystemInit)
    TIM1_CC_IRQHandler                       0x08005bb1   Thumb Code   110  timer.o(i.TIM1_CC_IRQHandler)
    TIM1_Cap_Init                            0x08005c39   Thumb Code   198  timer.o(i.TIM1_Cap_Init)
    TIM1_UP_IRQHandler                       0x08005d09   Thumb Code   142  timer.o(i.TIM1_UP_IRQHandler)
    TIM3_IRQHandler                          0x08005db5   Thumb Code    54  timer.o(i.TIM3_IRQHandler)
    TIM3_Int_Init                            0x08005df1   Thumb Code    90  timer.o(i.TIM3_Int_Init)
    TIM_ClearITPendingBit                    0x08005e51   Thumb Code     6  stm32f10x_tim.o(i.TIM_ClearITPendingBit)
    TIM_Cmd                                  0x08005e57   Thumb Code    24  stm32f10x_tim.o(i.TIM_Cmd)
    TIM_GetITStatus                          0x08005e6f   Thumb Code    34  stm32f10x_tim.o(i.TIM_GetITStatus)
    TIM_ICInit                               0x08005e91   Thumb Code   150  stm32f10x_tim.o(i.TIM_ICInit)
    TIM_ITConfig                             0x08005f3d   Thumb Code    18  stm32f10x_tim.o(i.TIM_ITConfig)
    TIM_OC1PolarityConfig                    0x08005f4f   Thumb Code    18  stm32f10x_tim.o(i.TIM_OC1PolarityConfig)
    TIM_SetIC1Prescaler                      0x08005f61   Thumb Code    18  stm32f10x_tim.o(i.TIM_SetIC1Prescaler)
    TIM_SetIC2Prescaler                      0x08005f73   Thumb Code    26  stm32f10x_tim.o(i.TIM_SetIC2Prescaler)
    TIM_SetIC3Prescaler                      0x08005f8d   Thumb Code    18  stm32f10x_tim.o(i.TIM_SetIC3Prescaler)
    TIM_SetIC4Prescaler                      0x08005f9f   Thumb Code    26  stm32f10x_tim.o(i.TIM_SetIC4Prescaler)
    TIM_TimeBaseInit                         0x08005fb9   Thumb Code   122  stm32f10x_tim.o(i.TIM_TimeBaseInit)
    USART1_IRQHandler                        0x0800605d   Thumb Code    30  usart.o(i.USART1_IRQHandler)
    USART1_Init                              0x08006081   Thumb Code   152  usart.o(i.USART1_Init)
    USART2_IRQHandler                        0x08006121   Thumb Code    30  uart2.o(i.USART2_IRQHandler)
    USART2_Init                              0x08006145   Thumb Code   160  uart2.o(i.USART2_Init)
    USART3_IRQHandler                        0x080061ed   Thumb Code    26  uart3.o(i.USART3_IRQHandler)
    USART_Cmd                                0x0800620d   Thumb Code    24  stm32f10x_usart.o(i.USART_Cmd)
    USART_DeInit                             0x08006225   Thumb Code   134  stm32f10x_usart.o(i.USART_DeInit)
    USART_GetITStatus                        0x080062c1   Thumb Code    84  stm32f10x_usart.o(i.USART_GetITStatus)
    USART_ITConfig                           0x08006315   Thumb Code    74  stm32f10x_usart.o(i.USART_ITConfig)
    USART_Init                               0x08006361   Thumb Code   210  stm32f10x_usart.o(i.USART_Init)
    USART_ReceiveData                        0x08006439   Thumb Code    10  stm32f10x_usart.o(i.USART_ReceiveData)
    UsageFault_Handler                       0x08006443   Thumb Code     4  stm32f10x_it.o(i.UsageFault_Handler)
    W25QXX_Erase_Sector                      0x08006449   Thumb Code    70  w25qxx.o(i.W25QXX_Erase_Sector)
    W25QXX_Init                              0x080064a1   Thumb Code    90  w25qxx.o(i.W25QXX_Init)
    W25QXX_Read                              0x08006519   Thumb Code    74  w25qxx.o(i.W25QXX_Read)
    W25QXX_ReadID                            0x08006569   Thumb Code    64  w25qxx.o(i.W25QXX_ReadID)
    W25QXX_ReadSR                            0x080065b1   Thumb Code    36  w25qxx.o(i.W25QXX_ReadSR)
    W25QXX_Wait_Busy                         0x080065dd   Thumb Code    18  w25qxx.o(i.W25QXX_Wait_Busy)
    W25QXX_Write                             0x080065f1   Thumb Code   190  w25qxx.o(i.W25QXX_Write)
    W25QXX_Write_Enable                      0x080066c5   Thumb Code    24  w25qxx.o(i.W25QXX_Write_Enable)
    W25QXX_Write_NoCheck                     0x080066e5   Thumb Code    70  w25qxx.o(i.W25QXX_Write_NoCheck)
    W25QXX_Write_Page                        0x0800672d   Thumb Code    80  w25qxx.o(i.W25QXX_Write_Page)
    __ARM_fpclassify                         0x08006781   Thumb Code    40  fpclassify.o(i.__ARM_fpclassify)
    _is_digit                                0x080067a9   Thumb Code    14  __printf_wp.o(i._is_digit)
    _sys_exit                                0x080067b7   Thumb Code     6  usart.o(i._sys_exit)
    adc_check_task                           0x080067bd   Thumb Code    24  adc.o(i.adc_check_task)
    adc_check_time                           0x080067d9   Thumb Code    12  adc.o(i.adc_check_time)
    clust2sect                               0x080068bf   Thumb Code    26  ff.o(i.clust2sect)
    co2_read_time                            0x08006969   Thumb Code    12  timer.o(i.co2_read_time)
    convert_from_bytes_to_power_of_two       0x08006979   Thumb Code    18  sdio_sdcard.o(i.convert_from_bytes_to_power_of_two)
    delay_init                               0x08006cd1   Thumb Code    22  delay.o(i.delay_init)
    delay_ms                                 0x08006ce7   Thumb Code    18  delay.o(i.delay_ms)
    delay_us                                 0x08006cf9   Thumb Code   106  delay.o(i.delay_us)
    dir_sdi                                  0x080070ff   Thumb Code   158  ff.o(i.dir_sdi)
    disk_initialize                          0x0800719d   Thumb Code    52  diskio.o(i.disk_initialize)
    disk_ioctl                               0x080071d5   Thumb Code   170  diskio.o(i.disk_ioctl)
    disk_read                                0x08007289   Thumb Code   122  diskio.o(i.disk_read)
    disk_status                              0x08007303   Thumb Code     6  diskio.o(i.disk_status)
    disk_write                               0x08007309   Thumb Code   122  diskio.o(i.disk_write)
    exfuns_init                              0x08007385   Thumb Code   106  exfuns.o(i.exfuns_init)
    f_close                                  0x08007401   Thumb Code    32  ff.o(i.f_close)
    f_mount                                  0x08007421   Thumb Code    86  ff.o(i.f_mount)
    f_open                                   0x0800747d   Thumb Code   384  ff.o(i.f_open)
    f_read                                   0x080075fd   Thumb Code   432  ff.o(i.f_read)
    f_sync                                   0x080077ad   Thumb Code   176  ff.o(i.f_sync)
    ff_convert                               0x0800785d   Thumb Code   146  mycc936.o(i.ff_convert)
    ff_memalloc                              0x080078f5   Thumb Code    12  diskio.o(i.ff_memalloc)
    ff_memfree                               0x08007901   Thumb Code    12  diskio.o(i.ff_memfree)
    ff_wtoupper                              0x0800790d   Thumb Code    46  mycc936.o(i.ff_wtoupper)
    font_init                                0x08007de9   Thumb Code    72  fontupd.o(i.font_init)
    fputc                                    0x08007e45   Thumb Code    24  usart.o(i.fputc)
    fupd_prog                                0x08007e61   Thumb Code    92  fontupd.o(i.fupd_prog)
    get_fat                                  0x08007f9d   Thumb Code   242  ff.o(i.get_fat)
    get_fattime                              0x0800808f   Thumb Code     4  diskio.o(i.get_fattime)
    interface_receive                        0x080080dd   Thumb Code   228  uart2.o(i.interface_receive)
    interface_receive_check                  0x080081e1   Thumb Code    28  uart2.o(i.interface_receive_check)
    key1_short_event                         0x08008205   Thumb Code   110  key_task.o(i.key1_short_event)
    key2_short_event                         0x0800827d   Thumb Code     2  key_task.o(i.key2_short_event)
    key3_short_event                         0x08008281   Thumb Code   110  key_task.o(i.key3_short_event)
    key_run_main_task                        0x080082f9   Thumb Code    76  key.o(i.key_run_main_task)
    key_show_klw                             0x08008345   Thumb Code   334  lcd_task.o(i.key_show_klw)
    key_up_long_event                        0x08008575   Thumb Code    66  key_task.o(i.key_up_long_event)
    key_up_short_event                       0x080085cd   Thumb Code     2  key_task.o(i.key_up_short_event)
    lcd_clear_curve                          0x080085d1   Thumb Code   148  lcd_task.o(i.lcd_clear_curve)
    lcd_curve_task                           0x08008679   Thumb Code   258  lcd_task.o(i.lcd_curve_task)
    lcd_curve_time                           0x080087a9   Thumb Code    12  lcd_task.o(i.lcd_curve_time)
    lcd_get_co2_back_color                   0x080087b9   Thumb Code   126  lcd_task.o(i.lcd_get_co2_back_color)
    lcd_get_hcho_back_color                  0x08008845   Thumb Code   236  lcd_task.o(i.lcd_get_hcho_back_color)
    lcd_get_pm25_back_color                  0x08008955   Thumb Code   136  lcd_task.o(i.lcd_get_pm25_back_color)
    lcd_get_voc_back_color                   0x080089e9   Thumb Code   186  lcd_task.o(i.lcd_get_voc_back_color)
    lcd_show_curve                           0x08008ab9   Thumb Code   248  lcd_task.o(i.lcd_show_curve)
    lcd_show_curve_data                      0x08008bc9   Thumb Code   916  lcd_task.o(i.lcd_show_curve_data)
    lcd_show_main                            0x08008f61   Thumb Code    72  lcd_task.o(i.lcd_show_main)
    lcd_show_zuobiao                         0x08008fb1   Thumb Code   408  lcd_task.o(i.lcd_show_zuobiao)
    lcd_show_zuobiao_point                   0x0800915d   Thumb Code    48  lcd_task.o(i.lcd_show_zuobiao_point)
    lcd_updata_co2bmp                        0x0800918d   Thumb Code    62  lcd_task.o(i.lcd_updata_co2bmp)
    lcd_updata_hchobmp                       0x080091d9   Thumb Code    62  lcd_task.o(i.lcd_updata_hchobmp)
    lcd_updata_pm25bmp                       0x0800922d   Thumb Code    62  lcd_task.o(i.lcd_updata_pm25bmp)
    lcd_updata_task                          0x08009281   Thumb Code  1352  lcd_task.o(i.lcd_updata_task)
    lcd_updata_time                          0x080097d5   Thumb Code    12  lcd_task.o(i.lcd_updata_time)
    lcd_updata_vocbmp                        0x080097e5   Thumb Code    62  lcd_task.o(i.lcd_updata_vocbmp)
    main                                     0x08009859   Thumb Code   332  main.o(i.main)
    mem_free                                 0x08009a71   Thumb Code    66  malloc.o(i.mem_free)
    mem_init                                 0x08009ab9   Thumb Code    38  malloc.o(i.mem_init)
    mem_malloc                               0x08009ae5   Thumb Code   116  malloc.o(i.mem_malloc)
    mem_perused                              0x08009b5d   Thumb Code    42  malloc.o(i.mem_perused)
    myfree                                   0x08009bd5   Thumb Code    24  malloc.o(i.myfree)
    mymalloc                                 0x08009bf1   Thumb Code    28  malloc.o(i.mymalloc)
    mymemset                                 0x08009c11   Thumb Code    20  malloc.o(i.mymemset)
    power_Read_Input                         0x08009c25   Thumb Code    22  adc.o(i.power_Read_Input)
    power_check_task                         0x08009c41   Thumb Code   482  adc.o(i.power_check_task)
    power_check_time                         0x08009e6d   Thumb Code    12  adc.o(i.power_check_time)
    power_key_floating                       0x08009e7d   Thumb Code    40  key.o(i.power_key_floating)
    power_vcc_en_init                        0x08009ea9   Thumb Code    46  key.o(i.power_vcc_en_init)
    put_fat                                  0x08009ee1   Thumb Code   322  ff.o(i.put_fat)
    read_sht20_task                          0x0800a025   Thumb Code    54  sht2x.o(i.read_sht20_task)
    read_sht20_time                          0x0800a069   Thumb Code    12  sht2x.o(i.read_sht20_time)
    tim1_pwm_co2_task                        0x0800a231   Thumb Code   180  timer.o(i.tim1_pwm_co2_task)
    updata_fontx                             0x0800a30d   Thumb Code   340  fontupd.o(i.updata_fontx)
    update_font                              0x0800a469   Thumb Code   720  fontupd.o(i.update_font)
    usb_power_init                           0x0800a815   Thumb Code    40  adc.o(i.usb_power_init)
    _get_lc_numeric                          0x0800a879   Thumb Code    44  lc_numeric_c.o(locale$$code)
    __aeabi_d2f                              0x0800a8a5   Thumb Code     0  d2f.o(x$fpl$d2f)
    _d2f                                     0x0800a8a5   Thumb Code    98  d2f.o(x$fpl$d2f)
    __aeabi_dadd                             0x0800a909   Thumb Code     0  daddsub_clz.o(x$fpl$dadd)
    _dadd                                    0x0800a909   Thumb Code   332  daddsub_clz.o(x$fpl$dadd)
    __fpl_dcmp_Inf                           0x0800aa59   Thumb Code    24  dcmpi.o(x$fpl$dcmpinf)
    __aeabi_cdcmple                          0x0800aa71   Thumb Code     0  dleqf.o(x$fpl$dleqf)
    _dcmple                                  0x0800aa71   Thumb Code   120  dleqf.o(x$fpl$dleqf)
    __fpl_dcmple_InfNaN                      0x0800aad3   Thumb Code     0  dleqf.o(x$fpl$dleqf)
    __aeabi_dmul                             0x0800aae9   Thumb Code     0  dmul.o(x$fpl$dmul)
    _dmul                                    0x0800aae9   Thumb Code   332  dmul.o(x$fpl$dmul)
    __fpl_dnaninf                            0x0800ac3d   Thumb Code   156  dnaninf.o(x$fpl$dnaninf)
    __fpl_dretinf                            0x0800acd9   Thumb Code    12  dretinf.o(x$fpl$dretinf)
    __aeabi_cdrcmple                         0x0800ace5   Thumb Code     0  drleqf.o(x$fpl$drleqf)
    _drcmple                                 0x0800ace5   Thumb Code   108  drleqf.o(x$fpl$drleqf)
    __aeabi_dsub                             0x0800ad51   Thumb Code     0  daddsub_clz.o(x$fpl$dsub)
    _dsub                                    0x0800ad51   Thumb Code   464  daddsub_clz.o(x$fpl$dsub)
    __aeabi_f2d                              0x0800af25   Thumb Code     0  f2d.o(x$fpl$f2d)
    _f2d                                     0x0800af25   Thumb Code    86  f2d.o(x$fpl$f2d)
    __aeabi_fadd                             0x0800af7d   Thumb Code     0  faddsub_clz.o(x$fpl$fadd)
    _fadd                                    0x0800af7d   Thumb Code   196  faddsub_clz.o(x$fpl$fadd)
    __fpl_fcmp_Inf                           0x0800b041   Thumb Code    24  fcmpi.o(x$fpl$fcmpinf)
    __aeabi_fdiv                             0x0800b059   Thumb Code     0  fdiv.o(x$fpl$fdiv)
    _fdiv                                    0x0800b059   Thumb Code   384  fdiv.o(x$fpl$fdiv)
    __aeabi_cfcmpeq                          0x0800b1dd   Thumb Code     0  feqf.o(x$fpl$feqf)
    _fcmpeq                                  0x0800b1dd   Thumb Code   104  feqf.o(x$fpl$feqf)
    __aeabi_f2iz                             0x0800b245   Thumb Code     0  ffix.o(x$fpl$ffix)
    _ffix                                    0x0800b245   Thumb Code    54  ffix.o(x$fpl$ffix)
    __aeabi_f2uiz                            0x0800b27d   Thumb Code     0  ffixu.o(x$fpl$ffixu)
    _ffixu                                   0x0800b27d   Thumb Code    62  ffixu.o(x$fpl$ffixu)
    __aeabi_i2f                              0x0800b2bd   Thumb Code     0  fflt_clz.o(x$fpl$fflt)
    _fflt                                    0x0800b2bd   Thumb Code    48  fflt_clz.o(x$fpl$fflt)
    __aeabi_ui2f                             0x0800b2ed   Thumb Code     0  fflt_clz.o(x$fpl$ffltu)
    _ffltu                                   0x0800b2ed   Thumb Code    38  fflt_clz.o(x$fpl$ffltu)
    __aeabi_fmul                             0x0800b315   Thumb Code     0  fmul.o(x$fpl$fmul)
    _fmul                                    0x0800b315   Thumb Code   258  fmul.o(x$fpl$fmul)
    __fpl_fnaninf                            0x0800b417   Thumb Code   140  fnaninf.o(x$fpl$fnaninf)
    __fpl_fretinf                            0x0800b4a3   Thumb Code    10  fretinf.o(x$fpl$fretinf)
    __aeabi_fsub                             0x0800b4ad   Thumb Code     0  faddsub_clz.o(x$fpl$fsub)
    _fsub                                    0x0800b4ad   Thumb Code   234  faddsub_clz.o(x$fpl$fsub)
    _printf_fp_dec                           0x0800b597   Thumb Code     4  printf1.o(x$fpl$printf1)
    __I$use$fp                               0x0800b59a   Number         0  usenofp.o(x$fpl$usenofp)
    interface_head3_byte                     0x0800b59a   Data           2  uart2.o(.constdata)
    HzLib16                                  0x0800b59c   Data        1326  gc9306.o(.constdata)
    HzLib24                                  0x0800baca   Data         296  gc9306.o(.constdata)
    asc2_1608                                0x0800bbf2   Data        1520  gc9306.o(.constdata)
    asc2_2412                                0x0800c1e2   Data        3420  gc9306.o(.constdata)
    AsciiLib3                                0x0800cf3e   Data        4536  gc9306.o(.constdata)
    AsciiLib4                                0x0800e0f6   Data        2016  gc9306.o(.constdata)
    AsciiLib5                                0x0800e8d6   Data        1380  gc9306.o(.constdata)
    AsciiLib6                                0x0800ee3a   Data         864  gc9306.o(.constdata)
    BAT0                                     0x0800f19a   Data          96  gc9306.o(.constdata)
    BAT1                                     0x0800f1fa   Data          96  gc9306.o(.constdata)
    BAT2                                     0x0800f25a   Data          96  gc9306.o(.constdata)
    BAT3                                     0x0800f2ba   Data          96  gc9306.o(.constdata)
    BAT4                                     0x0800f31a   Data          96  gc9306.o(.constdata)
    BAT5                                     0x0800f37a   Data          96  gc9306.o(.constdata)
    WIFI                                     0x0800f3da   Data          72  gc9306.o(.constdata)
    wendu_ico                                0x0800f422   Data         120  gc9306.o(.constdata)
    shidu_ico                                0x0800f49a   Data         120  gc9306.o(.constdata)
    PMinterface_head_byte                    0x0800f512   Data           2  usart.o(.constdata)
    GBK24_PATH                               0x0800f910   Data           4  fontupd.o(.constdata)
    GBK16_PATH                               0x0800f914   Data           4  fontupd.o(.constdata)
    GBK12_PATH                               0x0800f918   Data           4  fontupd.o(.constdata)
    UNIGBK_PATH                              0x0800f91c   Data           4  fontupd.o(.constdata)
    Region$$Table$$Base                      0x0800fa50   Number         0  anon$$obj.o(Region$$Table)
    Region$$Table$$Limit                     0x0800fa70   Number         0  anon$$obj.o(Region$$Table)
    HCHO_data                                0x20000000   Data           2  uart2.o(.data)
    hcho_fdata                               0x20000004   Data           4  uart2.o(.data)
    hcho_jizhun                              0x20000008   Data           2  uart2.o(.data)
    interface_rx_index                       0x2000000a   Data           1  uart2.o(.data)
    interface_rx_clear_count                 0x2000000b   Data           1  uart2.o(.data)
    interface_receive_rx_length              0x2000000c   Data           1  uart2.o(.data)
    tim1_cap_up_h                            0x2000000e   Data           1  timer.o(.data)
    tim1_cap_up_hl                           0x2000000f   Data           1  timer.o(.data)
    tim1_cap_sta                             0x20000010   Data           1  timer.o(.data)
    tim1_cap_h                               0x20000012   Data           2  timer.o(.data)
    tim1_cap_hl                              0x20000014   Data           2  timer.o(.data)
    co2_read_ct                              0x20000016   Data           2  timer.o(.data)
    CO2_data                                 0x20000018   Data           2  timer.o(.data)
    co2_sensor_type                          0x2000001a   Data           1  timer.o(.data)
    ack_cnt_SHT20                            0x2000001c   Data           1  sht2x.o(.data)
    XINHAO_SHT20                             0x2000001d   Data           1  sht2x.o(.data)
    OK_SHT20                                 0x2000001e   Data           1  sht2x.o(.data)
    SHT20                                    0x20000020   Data           8  sht2x.o(.data)
    sht20_time                               0x20000028   Data           2  sht2x.o(.data)
    tem_t                                    0x2000002c   Data           4  sht2x.o(.data)
    tem_h                                    0x20000030   Data           4  sht2x.o(.data)
    Trg                                      0x20000036   Data           2  key.o(.data)
    Cont                                     0x20000038   Data           2  key.o(.data)
    KeyTime                                  0x2000003a   Data           2  key.o(.data)
    pNewKey                                  0x2000003c   Data           1  key.o(.data)
    Flag300ms                                0x2000003d   Data           1  key.o(.data)
    lcd_curve_while_ct                       0x2000004c   Data           2  lcd_task.o(.data)
    lcd_curve_while_flag                     0x2000004e   Data           1  lcd_task.o(.data)
    lcdcolor24_table                         0x20000050   Data          20  lcd_task.o(.data)
    pm25_back_color                          0x20000064   Data           2  lcd_task.o(.data)
    co2_back_color                           0x20000066   Data           2  lcd_task.o(.data)
    hcho_back_color                          0x20000068   Data           2  lcd_task.o(.data)
    voc_back_color                           0x2000006a   Data           2  lcd_task.o(.data)
    last_pm25_back_color                     0x2000006c   Data           2  lcd_task.o(.data)
    last_co2_back_color                      0x2000006e   Data           2  lcd_task.o(.data)
    last_hcho_back_color                     0x20000070   Data           2  lcd_task.o(.data)
    last_voc_back_color                      0x20000072   Data           2  lcd_task.o(.data)
    lcd_yemian_flag                          0x20000074   Data           1  lcd_task.o(.data)
    lcd_curve_ct                             0x20000076   Data           2  lcd_task.o(.data)
    lcd_updata_ct                            0x20000078   Data           2  lcd_task.o(.data)
    VOC_AD                                   0x2000007c   Data           2  adc.o(.data)
    VOC_data                                 0x2000007e   Data           2  adc.o(.data)
    VOC_ZERO                                 0x20000080   Data           2  adc.o(.data)
    VOC_fdata                                0x20000084   Data           4  adc.o(.data)
    adc_voc_time                             0x20000088   Data           2  adc.o(.data)
    power_get_ct                             0x2000008a   Data           2  adc.o(.data)
    powerbuf                                 0x2000008c   Data          80  adc.o(.data)
    mallco_dev                               0x200000e0   Data          20  malloc.o(.data)
    TransferError                            0x200000fe   Data           1  sdio_sdcard.o(.data)
    TransferEnd                              0x200000ff   Data           1  sdio_sdcard.o(.data)
    tempbuff                                 0x20000100   Data           4  sdio_sdcard.o(.data)
    W25QXX_TYPE                              0x20000104   Data           2  w25qxx.o(.data)
    yemian1_sensor_type                      0x20000106   Data           1  key_task.o(.data)
    PM2_5_data                               0x2000013c   Data           2  usart.o(.data)
    PM1_0_data                               0x2000013e   Data           2  usart.o(.data)
    PM10_data                                0x20000140   Data           2  usart.o(.data)
    klw_03_data                              0x20000142   Data           2  usart.o(.data)
    klw_05_data                              0x20000144   Data           2  usart.o(.data)
    klw_10_data                              0x20000146   Data           2  usart.o(.data)
    klw_25_data                              0x20000148   Data           2  usart.o(.data)
    klw_50_data                              0x2000014a   Data           2  usart.o(.data)
    klw_100_data                             0x2000014c   Data           2  usart.o(.data)
    pmsensor_xishu                           0x20000150   Data           4  usart.o(.data)
    __stdout                                 0x20000154   Data           4  usart.o(.data)
    PMinterface_rx_index                     0x20000158   Data           1  usart.o(.data)
    PMinterface_rx_clear_count               0x20000159   Data           1  usart.o(.data)
    PMinterface_receive_rx_length            0x2000015a   Data           1  usart.o(.data)
    Lock_Code                                0x2000015c   Data           4  main.o(.data)
    main_init_ok                             0x20000160   Data           1  main.o(.data)
    fs                                       0x20000164   Data           8  exfuns.o(.data)
    file                                     0x2000016c   Data           4  exfuns.o(.data)
    ftemp                                    0x20000170   Data           4  exfuns.o(.data)
    br                                       0x20000174   Data           4  exfuns.o(.data)
    bw                                       0x20000178   Data           4  exfuns.o(.data)
    fatbuf                                   0x2000017c   Data           4  exfuns.o(.data)
    FLASH_SECTOR_COUNT                       0x20000180   Data           2  diskio.o(.data)
    interface_rx_buffer                      0x20000190   Data          50  uart2.o(.bss)
    New_KeyBuff                              0x200001c2   Data          16  key.o(.bss)
    pm25_curve_buf                           0x200001d2   Data         640  lcd_task.o(.bss)
    co2_curve_buf                            0x20000452   Data         640  lcd_task.o(.bss)
    hcho_curve_buf                           0x200006d2   Data         640  lcd_task.o(.bss)
    membase                                  0x2000097c   Data       30720  malloc.o(.bss)
    memmapbase                               0x2000817c   Data        1920  malloc.o(.bss)
    SDIO_InitStructure                       0x20008900   Data          24  sdio_sdcard.o(.bss)
    SDIO_CmdInitStructure                    0x20008918   Data          20  sdio_sdcard.o(.bss)
    SDIO_DataInitStructure                   0x2000892c   Data          24  sdio_sdcard.o(.bss)
    SDCardInfo                               0x20008968   Data          88  sdio_sdcard.o(.bss)
    SDIO_DATA_BUFFER                         0x200089c0   Data         512  sdio_sdcard.o(.bss)
    W25QXX_BUFFER                            0x20008bc0   Data        4096  w25qxx.o(.bss)
    lcddev                                   0x20009bc0   Data          12  gc9306.o(.bss)
    PMinterface_rx_buffer                    0x20009bcc   Data          50  usart.o(.bss)
    ftinfo                                   0x20009bfe   Data          33  fontupd.o(.bss)
    __libspace_start                         0x20009c20   Data          96  libspace.o(.bss)
    __temporary_stack_top$libspace           0x20009c80   Data           0  libspace.o(.bss)



==============================================================================

Memory Map of the image

  Image Entry point : 0x08000131

  Load Region LR_IROM1 (Base: 0x08000000, Size: 0x0000fc1c, Max: 0x00040000, ABSOLUTE, COMPRESSED[0x0000fae4])

    Execution Region ER_IROM1 (Exec base: 0x08000000, Load base: 0x08000000, Size: 0x0000fa8c, Max: 0x00040000, ABSOLUTE)

    Exec Addr    Load Addr    Size         Type   Attr      Idx    E Section Name        Object

    0x08000000   0x08000000   0x00000130   Data   RO           19    RESET               startup_stm32f10x_hd.o
    0x08000130   0x08000130   0x00000008   Code   RO         4532  * !!!main             c_w.l(__main.o)
    0x08000138   0x08000138   0x00000034   Code   RO         4826    !!!scatter          c_w.l(__scatter.o)
    0x0800016c   0x0800016c   0x0000005a   Code   RO         4824    !!dczerorl2         c_w.l(__dczerorl2.o)
    0x080001c6   0x080001c6   0x00000002   PAD
    0x080001c8   0x080001c8   0x0000001c   Code   RO         4828    !!handler_zi        c_w.l(__scatter_zi.o)
    0x080001e4   0x080001e4   0x00000000   Code   RO         4519    .ARM.Collect$$_printf_percent$$00000000  c_w.l(_printf_percent.o)
    0x080001e4   0x080001e4   0x00000006   Code   RO         4518    .ARM.Collect$$_printf_percent$$00000003  c_w.l(_printf_f.o)
    0x080001ea   0x080001ea   0x00000006   Code   RO         4517    .ARM.Collect$$_printf_percent$$00000009  c_w.l(_printf_d.o)
    0x080001f0   0x080001f0   0x00000006   Code   RO         4516    .ARM.Collect$$_printf_percent$$0000000C  c_w.l(_printf_x.o)
    0x080001f6   0x080001f6   0x00000006   Code   RO         4515    .ARM.Collect$$_printf_percent$$00000014  c_w.l(_printf_s.o)
    0x080001fc   0x080001fc   0x00000004   Code   RO         4601    .ARM.Collect$$_printf_percent$$00000017  c_w.l(_printf_percent_end.o)
    0x08000200   0x08000200   0x00000002   Code   RO         4697    .ARM.Collect$$libinit$$00000000  c_w.l(libinit.o)
    0x08000202   0x08000202   0x00000000   Code   RO         4699    .ARM.Collect$$libinit$$00000002  c_w.l(libinit2.o)
    0x08000202   0x08000202   0x00000000   Code   RO         4701    .ARM.Collect$$libinit$$00000004  c_w.l(libinit2.o)
    0x08000202   0x08000202   0x00000000   Code   RO         4704    .ARM.Collect$$libinit$$0000000A  c_w.l(libinit2.o)
    0x08000202   0x08000202   0x00000000   Code   RO         4706    .ARM.Collect$$libinit$$0000000C  c_w.l(libinit2.o)
    0x08000202   0x08000202   0x00000000   Code   RO         4708    .ARM.Collect$$libinit$$0000000E  c_w.l(libinit2.o)
    0x08000202   0x08000202   0x00000006   Code   RO         4709    .ARM.Collect$$libinit$$0000000F  c_w.l(libinit2.o)
    0x08000208   0x08000208   0x00000000   Code   RO         4711    .ARM.Collect$$libinit$$00000011  c_w.l(libinit2.o)
    0x08000208   0x08000208   0x00000000   Code   RO         4713    .ARM.Collect$$libinit$$00000013  c_w.l(libinit2.o)
    0x08000208   0x08000208   0x00000000   Code   RO         4715    .ARM.Collect$$libinit$$00000015  c_w.l(libinit2.o)
    0x08000208   0x08000208   0x0000000a   Code   RO         4716    .ARM.Collect$$libinit$$00000016  c_w.l(libinit2.o)
    0x08000212   0x08000212   0x00000000   Code   RO         4717    .ARM.Collect$$libinit$$00000017  c_w.l(libinit2.o)
    0x08000212   0x08000212   0x00000000   Code   RO         4719    .ARM.Collect$$libinit$$00000019  c_w.l(libinit2.o)
    0x08000212   0x08000212   0x00000000   Code   RO         4721    .ARM.Collect$$libinit$$0000001B  c_w.l(libinit2.o)
    0x08000212   0x08000212   0x00000000   Code   RO         4723    .ARM.Collect$$libinit$$0000001D  c_w.l(libinit2.o)
    0x08000212   0x08000212   0x00000000   Code   RO         4725    .ARM.Collect$$libinit$$0000001F  c_w.l(libinit2.o)
    0x08000212   0x08000212   0x00000000   Code   RO         4727    .ARM.Collect$$libinit$$00000021  c_w.l(libinit2.o)
    0x08000212   0x08000212   0x00000000   Code   RO         4729    .ARM.Collect$$libinit$$00000023  c_w.l(libinit2.o)
    0x08000212   0x08000212   0x00000000   Code   RO         4731    .ARM.Collect$$libinit$$00000025  c_w.l(libinit2.o)
    0x08000212   0x08000212   0x00000000   Code   RO         4735    .ARM.Collect$$libinit$$0000002C  c_w.l(libinit2.o)
    0x08000212   0x08000212   0x00000000   Code   RO         4737    .ARM.Collect$$libinit$$0000002E  c_w.l(libinit2.o)
    0x08000212   0x08000212   0x00000000   Code   RO         4739    .ARM.Collect$$libinit$$00000030  c_w.l(libinit2.o)
    0x08000212   0x08000212   0x00000000   Code   RO         4741    .ARM.Collect$$libinit$$00000032  c_w.l(libinit2.o)
    0x08000212   0x08000212   0x00000002   Code   RO         4742    .ARM.Collect$$libinit$$00000033  c_w.l(libinit2.o)
    0x08000214   0x08000214   0x00000002   Code   RO         4784    .ARM.Collect$$libshutdown$$00000000  c_w.l(libshutdown.o)
    0x08000216   0x08000216   0x00000000   Code   RO         4793    .ARM.Collect$$libshutdown$$00000002  c_w.l(libshutdown2.o)
    0x08000216   0x08000216   0x00000000   Code   RO         4795    .ARM.Collect$$libshutdown$$00000004  c_w.l(libshutdown2.o)
    0x08000216   0x08000216   0x00000000   Code   RO         4798    .ARM.Collect$$libshutdown$$00000007  c_w.l(libshutdown2.o)
    0x08000216   0x08000216   0x00000000   Code   RO         4801    .ARM.Collect$$libshutdown$$0000000A  c_w.l(libshutdown2.o)
    0x08000216   0x08000216   0x00000000   Code   RO         4803    .ARM.Collect$$libshutdown$$0000000C  c_w.l(libshutdown2.o)
    0x08000216   0x08000216   0x00000000   Code   RO         4806    .ARM.Collect$$libshutdown$$0000000F  c_w.l(libshutdown2.o)
    0x08000216   0x08000216   0x00000002   Code   RO         4807    .ARM.Collect$$libshutdown$$00000010  c_w.l(libshutdown2.o)
    0x08000218   0x08000218   0x00000000   Code   RO         4586    .ARM.Collect$$rtentry$$00000000  c_w.l(__rtentry.o)
    0x08000218   0x08000218   0x00000000   Code   RO         4618    .ARM.Collect$$rtentry$$00000002  c_w.l(__rtentry2.o)
    0x08000218   0x08000218   0x00000006   Code   RO         4630    .ARM.Collect$$rtentry$$00000004  c_w.l(__rtentry4.o)
    0x0800021e   0x0800021e   0x00000000   Code   RO         4620    .ARM.Collect$$rtentry$$00000009  c_w.l(__rtentry2.o)
    0x0800021e   0x0800021e   0x00000004   Code   RO         4621    .ARM.Collect$$rtentry$$0000000A  c_w.l(__rtentry2.o)
    0x08000222   0x08000222   0x00000000   Code   RO         4623    .ARM.Collect$$rtentry$$0000000C  c_w.l(__rtentry2.o)
    0x08000222   0x08000222   0x00000008   Code   RO         4624    .ARM.Collect$$rtentry$$0000000D  c_w.l(__rtentry2.o)
    0x0800022a   0x0800022a   0x00000002   Code   RO         4743    .ARM.Collect$$rtexit$$00000000  c_w.l(rtexit.o)
    0x0800022c   0x0800022c   0x00000000   Code   RO         4754    .ARM.Collect$$rtexit$$00000002  c_w.l(rtexit2.o)
    0x0800022c   0x0800022c   0x00000004   Code   RO         4755    .ARM.Collect$$rtexit$$00000003  c_w.l(rtexit2.o)
    0x08000230   0x08000230   0x00000006   Code   RO         4756    .ARM.Collect$$rtexit$$00000004  c_w.l(rtexit2.o)
    0x08000236   0x08000236   0x00000002   PAD
    0x08000238   0x08000238   0x00000040   Code   RO           20    .text               startup_stm32f10x_hd.o
    0x08000278   0x08000278   0x00000002   Code   RO         4453    .text               c_w.l(use_no_semi_2.o)
    0x0800027a   0x0800027a   0x00000048   Code   RO         4455    .text               c_w.l(llsdiv.o)
    0x080002c2   0x080002c2   0x00000002   PAD
    0x080002c4   0x080002c4   0x00000018   Code   RO         4461    .text               c_w.l(noretval__2printf.o)
    0x080002dc   0x080002dc   0x00000028   Code   RO         4463    .text               c_w.l(noretval__2sprintf.o)
    0x08000304   0x08000304   0x0000004e   Code   RO         4467    .text               c_w.l(_printf_pad.o)
    0x08000352   0x08000352   0x00000052   Code   RO         4469    .text               c_w.l(_printf_str.o)
    0x080003a4   0x080003a4   0x00000078   Code   RO         4471    .text               c_w.l(_printf_dec.o)
    0x0800041c   0x0800041c   0x00000058   Code   RO         4476    .text               c_w.l(_printf_hex_int.o)
    0x08000474   0x08000474   0x00000138   Code   RO         4506    .text               c_w.l(__printf_flags_wp.o)
    0x080005ac   0x080005ac   0x00000048   Code   RO         4520    .text               c_w.l(strcpy.o)
    0x080005f4   0x080005f4   0x00000018   Code   RO         4524    .text               c_w.l(strcat.o)
    0x0800060c   0x0800060c   0x0000008a   Code   RO         4526    .text               c_w.l(rt_memcpy_v6.o)
    0x08000696   0x08000696   0x00000002   PAD
    0x08000698   0x08000698   0x00000080   Code   RO         4528    .text               c_w.l(strcmpv7m.o)
    0x08000718   0x08000718   0x00000006   Code   RO         4530    .text               c_w.l(heapauxi.o)
    0x0800071e   0x0800071e   0x00000002   Code   RO         4584    .text               c_w.l(use_no_semi.o)
    0x08000720   0x08000720   0x000000ee   Code   RO         4587    .text               c_w.l(lludivv7m.o)
    0x0800080e   0x0800080e   0x000000b2   Code   RO         4589    .text               c_w.l(_printf_intcommon.o)
    0x080008c0   0x080008c0   0x0000041e   Code   RO         4591    .text               c_w.l(_printf_fp_dec.o)
    0x08000cde   0x08000cde   0x00000002   PAD
    0x08000ce0   0x08000ce0   0x00000030   Code   RO         4593    .text               c_w.l(_printf_char_common.o)
    0x08000d10   0x08000d10   0x0000000a   Code   RO         4595    .text               c_w.l(_sputc.o)
    0x08000d1a   0x08000d1a   0x0000002c   Code   RO         4597    .text               c_w.l(_printf_char.o)
    0x08000d46   0x08000d46   0x00000002   PAD
    0x08000d48   0x08000d48   0x00000024   Code   RO         4599    .text               c_w.l(_printf_char_file.o)
    0x08000d6c   0x08000d6c   0x00000064   Code   RO         4602    .text               c_w.l(rt_memcpy_w.o)
    0x08000dd0   0x08000dd0   0x00000008   Code   RO         4639    .text               c_w.l(rt_locale_intlibspace.o)
    0x08000dd8   0x08000dd8   0x0000008a   Code   RO         4641    .text               c_w.l(lludiv10.o)
    0x08000e62   0x08000e62   0x00000002   PAD
    0x08000e64   0x08000e64   0x00000080   Code   RO         4643    .text               c_w.l(_printf_fp_infnan.o)
    0x08000ee4   0x08000ee4   0x000000e4   Code   RO         4647    .text               c_w.l(bigflt0.o)
    0x08000fc8   0x08000fc8   0x00000008   Code   RO         4672    .text               c_w.l(ferror.o)
    0x08000fd0   0x08000fd0   0x00000008   Code   RO         4683    .text               c_w.l(libspace.o)
    0x08000fd8   0x08000fd8   0x0000004a   Code   RO         4686    .text               c_w.l(sys_stackheap_outer.o)
    0x08001022   0x08001022   0x00000012   Code   RO         4690    .text               c_w.l(exit.o)
    0x08001034   0x08001034   0x0000003e   Code   RO         4650    CL$$btod_d2e        c_w.l(btod.o)
    0x08001072   0x08001072   0x00000046   Code   RO         4652    CL$$btod_d2e_denorm_low  c_w.l(btod.o)
    0x080010b8   0x080010b8   0x00000060   Code   RO         4651    CL$$btod_d2e_norm_op1  c_w.l(btod.o)
    0x08001118   0x08001118   0x00000338   Code   RO         4660    CL$$btod_div_common  c_w.l(btod.o)
    0x08001450   0x08001450   0x000000dc   Code   RO         4657    CL$$btod_e2e        c_w.l(btod.o)
    0x0800152c   0x0800152c   0x0000002a   Code   RO         4654    CL$$btod_ediv       c_w.l(btod.o)
    0x08001556   0x08001556   0x0000002a   Code   RO         4653    CL$$btod_emul       c_w.l(btod.o)
    0x08001580   0x08001580   0x00000244   Code   RO         4659    CL$$btod_mult_common  c_w.l(btod.o)
    0x080017c4   0x080017c4   0x00000008   Code   RO         1483    i.ADC_GetConversionValue  stm32f10x_adc.o
    0x080017cc   0x080017cc   0x00000012   Code   RO         1485    i.ADC_GetFlagStatus  stm32f10x_adc.o
    0x080017de   0x080017de   0x000000b8   Code   RO         1496    i.ADC_RegularChannelConfig  stm32f10x_adc.o
    0x08001896   0x08001896   0x00000016   Code   RO         1499    i.ADC_SoftwareStartConvCmd  stm32f10x_adc.o
    0x080018ac   0x080018ac   0x0000013c   Code   RO          730    i.Adc_Init          adc.o
    0x080019e8   0x080019e8   0x00000004   Code   RO         3655    i.BusFault_Handler  stm32f10x_it.o
    0x080019ec   0x080019ec   0x0000001a   Code   RO          588    i.C24to16           lcd_task.o
    0x08001a06   0x08001a06   0x00000030   Code   RO          872    i.CmdError          sdio_sdcard.o
    0x08001a36   0x08001a36   0x00000002   PAD
    0x08001a38   0x08001a38   0x00000060   Code   RO          873    i.CmdResp1Error     sdio_sdcard.o
    0x08001a98   0x08001a98   0x00000054   Code   RO          874    i.CmdResp2Error     sdio_sdcard.o
    0x08001aec   0x08001aec   0x00000038   Code   RO          875    i.CmdResp3Error     sdio_sdcard.o
    0x08001b24   0x08001b24   0x00000090   Code   RO          876    i.CmdResp6Error     sdio_sdcard.o
    0x08001bb4   0x08001bb4   0x0000004c   Code   RO          877    i.CmdResp7Error     sdio_sdcard.o
    0x08001c00   0x08001c00   0x00000018   Code   RO         3040    i.DMA_Cmd           stm32f10x_dma.o
    0x08001c18   0x08001c18   0x0000014c   Code   RO         3041    i.DMA_DeInit        stm32f10x_dma.o
    0x08001d64   0x08001d64   0x0000003c   Code   RO         3046    i.DMA_Init          stm32f10x_dma.o
    0x08001da0   0x08001da0   0x00000002   Code   RO         3656    i.DebugMon_Handler  stm32f10x_it.o
    0x08001da2   0x08001da2   0x00000002   PAD
    0x08001da4   0x08001da4   0x00000090   Code   RO         1204    i.DrawSingleAscii_big4  gc9306.o
    0x08001e34   0x08001e34   0x00000082   Code   RO         1205    i.DrawSingleAscii_big4_s  gc9306.o
    0x08001eb6   0x08001eb6   0x00000002   PAD
    0x08001eb8   0x08001eb8   0x00000090   Code   RO         1208    i.DrawSingleAscii_big6  gc9306.o
    0x08001f48   0x08001f48   0x00000082   Code   RO         1209    i.DrawSingleAscii_big6_s  gc9306.o
    0x08001fca   0x08001fca   0x00000088   Code   RO         1210    i.Draw_pic          gc9306.o
    0x08002052   0x08002052   0x00000088   Code   RO         1211    i.Draw_pic1         gc9306.o
    0x080020da   0x080020da   0x00000002   PAD
    0x080020dc   0x080020dc   0x00000194   Code   RO          878    i.FindSCR           sdio_sdcard.o
    0x08002270   0x08002270   0x00000026   Code   RO          165    i.FucCheckSum       uart2.o
    0x08002296   0x08002296   0x0000001c   Code   RO         1212    i.GC9306_DrawPoint  gc9306.o
    0x080022b2   0x080022b2   0x00000116   Code   RO         1924    i.GPIO_Init         stm32f10x_gpio.o
    0x080023c8   0x080023c8   0x00000090   Code   RO         1926    i.GPIO_PinRemapConfig  stm32f10x_gpio.o
    0x08002458   0x08002458   0x00000012   Code   RO         1928    i.GPIO_ReadInputDataBit  stm32f10x_gpio.o
    0x0800246a   0x0800246a   0x00000004   Code   RO         1931    i.GPIO_ResetBits    stm32f10x_gpio.o
    0x0800246e   0x0800246e   0x00000004   Code   RO         1932    i.GPIO_SetBits      stm32f10x_gpio.o
    0x08002472   0x08002472   0x00000002   PAD
    0x08002474   0x08002474   0x00000074   Code   RO          501    i.GetAndSaveKey     key.o
    0x080024e8   0x080024e8   0x00000038   Code   RO          502    i.GetHalKeyCode     key.o
    0x08002520   0x08002520   0x0000000c   Code   RO         3440    i.GetTicks          delay.o
    0x0800252c   0x0800252c   0x00000034   Code   RO          731    i.Get_Adc           adc.o
    0x08002560   0x08002560   0x0000002e   Code   RO          732    i.Get_Adc_Average   adc.o
    0x0800258e   0x0800258e   0x00000002   PAD
    0x08002590   0x08002590   0x00000124   Code   RO          733    i.Get_Adc_voc       adc.o
    0x080026b4   0x080026b4   0x00000044   Code   RO          503    i.Get_Key           key.o
    0x080026f8   0x080026f8   0x00000124   Code   RO          504    i.Get_Key_State     key.o
    0x0800281c   0x0800281c   0x00000004   Code   RO         3657    i.HardFault_Handler  stm32f10x_it.o
    0x08002820   0x08002820   0x00000050   Code   RO          405    i.IIC_Ack_SHT20     sht2x.o
    0x08002870   0x08002870   0x00000050   Code   RO          406    i.IIC_Init_SHT20    sht2x.o
    0x080028c0   0x080028c0   0x00000050   Code   RO          407    i.IIC_NAck_SHT20    sht2x.o
    0x08002910   0x08002910   0x00000070   Code   RO          408    i.IIC_Read_Byte_SHT20  sht2x.o
    0x08002980   0x08002980   0x00000068   Code   RO          409    i.IIC_Send_Byte_SHT20  sht2x.o
    0x080029e8   0x080029e8   0x00000054   Code   RO          410    i.IIC_Start_SHT20   sht2x.o
    0x08002a3c   0x08002a3c   0x00000050   Code   RO          411    i.IIC_Stop_SHT20    sht2x.o
    0x08002a8c   0x08002a8c   0x00000064   Code   RO          412    i.IIC_Wait_Ack_SHT20  sht2x.o
    0x08002af0   0x08002af0   0x00000004   Code   RO         3498    i.INTX_DISABLE      sys.o
    0x08002af4   0x08002af4   0x00000004   Code   RO         3499    i.INTX_ENABLE       sys.o
    0x08002af8   0x08002af8   0x0000009c   Code   RO          879    i.IsCardProgramming  sdio_sdcard.o
    0x08002b94   0x08002b94   0x0000003c   Code   RO          505    i.KEY_Init          key.o
    0x08002bd0   0x08002bd0   0x0000001a   Code   RO          506    i.Key_PrePro        key.o
    0x08002bea   0x08002bea   0x00000002   PAD
    0x08002bec   0x08002bec   0x00000094   Code   RO          507    i.Key_Scan_Stick    key.o
    0x08002c80   0x08002c80   0x00000034   Code   RO         1215    i.LCD_Clear         gc9306.o
    0x08002cb4   0x08002cb4   0x00000038   Code   RO         1216    i.LCD_Clear1        gc9306.o
    0x08002cec   0x08002cec   0x00000058   Code   RO         1217    i.LCD_DrawFullCircle  gc9306.o
    0x08002d44   0x08002d44   0x000000ac   Code   RO         1220    i.LCD_DrawLine      gc9306.o
    0x08002df0   0x08002df0   0x00000042   Code   RO         1222    i.LCD_Fill          gc9306.o
    0x08002e32   0x08002e32   0x00000002   PAD
    0x08002e34   0x08002e34   0x000000ac   Code   RO         1223    i.LCD_GPIOInit      gc9306.o
    0x08002ee0   0x08002ee0   0x000002cc   Code   RO         1224    i.LCD_INIT_GC9306   gc9306.o
    0x080031ac   0x080031ac   0x00000040   Code   RO         1225    i.LCD_SetCursor     gc9306.o
    0x080031ec   0x080031ec   0x00000120   Code   RO         1226    i.LCD_ShowChar      gc9306.o
    0x0800330c   0x0800330c   0x00000080   Code   RO         1227    i.LCD_ShowString    gc9306.o
    0x0800338c   0x0800338c   0x0000014c   Code   RO         1228    i.LCD_ShowWord      gc9306.o
    0x080034d8   0x080034d8   0x00000058   Code   RO         1229    i.LCD_WR_DATAX      gc9306.o
    0x08003530   0x08003530   0x00000058   Code   RO         1230    i.LCD_WR_REG        gc9306.o
    0x08003588   0x08003588   0x00000040   Code   RO         1231    i.LCD_WrCom         gc9306.o
    0x080035c8   0x080035c8   0x00000040   Code   RO         1232    i.LCD_WrDat         gc9306.o
    0x08003608   0x08003608   0x00000004   Code   RO         3658    i.MemManage_Handler  stm32f10x_it.o
    0x0800360c   0x0800360c   0x00000002   Code   RO         3659    i.NMI_Handler       stm32f10x_it.o
    0x0800360e   0x0800360e   0x00000002   PAD
    0x08003610   0x08003610   0x00000070   Code   RO         3002    i.NVIC_Init         misc.o
    0x08003680   0x08003680   0x00000014   Code   RO         3003    i.NVIC_PriorityGroupConfig  misc.o
    0x08003694   0x08003694   0x00000310   Code   RO         3525    i.PMinterface_receive  usart.o
    0x080039a4   0x080039a4   0x00000024   Code   RO         3526    i.PMinterface_receive_check  usart.o
    0x080039c8   0x080039c8   0x00000038   Code   RO         3527    i.PMrx_data_check   usart.o
    0x08003a00   0x08003a00   0x00000002   Code   RO         3660    i.PendSV_Handler    stm32f10x_it.o
    0x08003a02   0x08003a02   0x00000002   PAD
    0x08003a04   0x08003a04   0x00000020   Code   RO         2803    i.RCC_AHBPeriphClockCmd  stm32f10x_rcc.o
    0x08003a24   0x08003a24   0x00000020   Code   RO         2804    i.RCC_APB1PeriphClockCmd  stm32f10x_rcc.o
    0x08003a44   0x08003a44   0x00000020   Code   RO         2805    i.RCC_APB1PeriphResetCmd  stm32f10x_rcc.o
    0x08003a64   0x08003a64   0x00000020   Code   RO         2806    i.RCC_APB2PeriphClockCmd  stm32f10x_rcc.o
    0x08003a84   0x08003a84   0x00000020   Code   RO         2807    i.RCC_APB2PeriphResetCmd  stm32f10x_rcc.o
    0x08003aa4   0x08003aa4   0x000000d4   Code   RO         2814    i.RCC_GetClocksFreq  stm32f10x_rcc.o
    0x08003b78   0x08003b78   0x0000003c   Code   RO          508    i.Read_A_Key        key.o
    0x08003bb4   0x08003bb4   0x000000ac   Code   RO          880    i.SDEnWideBus       sdio_sdcard.o
    0x08003c60   0x08003c60   0x0000000c   Code   RO         3111    i.SDIO_ClearFlag    stm32f10x_sdio.o
    0x08003c6c   0x08003c6c   0x0000000c   Code   RO         3113    i.SDIO_ClockCmd     stm32f10x_sdio.o
    0x08003c78   0x08003c78   0x00000014   Code   RO          881    i.SDIO_Clock_Set    sdio_sdcard.o
    0x08003c8c   0x08003c8c   0x0000000c   Code   RO         3116    i.SDIO_DMACmd       stm32f10x_sdio.o
    0x08003c98   0x08003c98   0x00000030   Code   RO         3117    i.SDIO_DataConfig   stm32f10x_sdio.o
    0x08003cc8   0x08003cc8   0x00000024   Code   RO         3119    i.SDIO_DeInit       stm32f10x_sdio.o
    0x08003cec   0x08003cec   0x00000018   Code   RO         3123    i.SDIO_GetFlagStatus  stm32f10x_sdio.o
    0x08003d04   0x08003d04   0x00000010   Code   RO         3125    i.SDIO_GetPowerState  stm32f10x_sdio.o
    0x08003d14   0x08003d14   0x00000008   Code   RO          882    i.SDIO_IRQHandler   sdio_sdcard.o
    0x08003d1c   0x08003d1c   0x00000030   Code   RO         3128    i.SDIO_Init         stm32f10x_sdio.o
    0x08003d4c   0x08003d4c   0x0000000c   Code   RO         3129    i.SDIO_ReadData     stm32f10x_sdio.o
    0x08003d58   0x08003d58   0x0000002c   Code   RO         3131    i.SDIO_SendCommand  stm32f10x_sdio.o
    0x08003d84   0x08003d84   0x0000001c   Code   RO         3133    i.SDIO_SetPowerState  stm32f10x_sdio.o
    0x08003da0   0x08003da0   0x0000000c   Code   RO         3139    i.SDIO_WriteData    stm32f10x_sdio.o
    0x08003dac   0x08003dac   0x00000068   Code   RO          883    i.SD_DMA_Config     sdio_sdcard.o
    0x08003e14   0x08003e14   0x00000068   Code   RO          884    i.SD_EnableWideBusOperation  sdio_sdcard.o
    0x08003e7c   0x08003e7c   0x00000314   Code   RO          885    i.SD_GetCardInfo    sdio_sdcard.o
    0x08004190   0x08004190   0x00000100   Code   RO          887    i.SD_Init           sdio_sdcard.o
    0x08004290   0x08004290   0x00000154   Code   RO          888    i.SD_InitializeCards  sdio_sdcard.o
    0x080043e4   0x080043e4   0x000001dc   Code   RO          890    i.SD_PowerON        sdio_sdcard.o
    0x080045c0   0x080045c0   0x0000013c   Code   RO          891    i.SD_ProcessIRQSrc  sdio_sdcard.o
    0x080046fc   0x080046fc   0x00000258   Code   RO          892    i.SD_ReadBlock      sdio_sdcard.o
    0x08004954   0x08004954   0x00000098   Code   RO          893    i.SD_ReadDisk       sdio_sdcard.o
    0x080049ec   0x080049ec   0x000002e8   Code   RO          894    i.SD_ReadMultiBlocks  sdio_sdcard.o
    0x08004cd4   0x08004cd4   0x00000030   Code   RO          895    i.SD_SelectDeselect  sdio_sdcard.o
    0x08004d04   0x08004d04   0x00000018   Code   RO          897    i.SD_SetDeviceMode  sdio_sdcard.o
    0x08004d1c   0x08004d1c   0x00000374   Code   RO          898    i.SD_WriteBlock     sdio_sdcard.o
    0x08005090   0x08005090   0x00000098   Code   RO          899    i.SD_WriteDisk      sdio_sdcard.o
    0x08005128   0x08005128   0x000003c0   Code   RO          900    i.SD_WriteMultiBlocks  sdio_sdcard.o
    0x080054e8   0x080054e8   0x000000b4   Code   RO          413    i.SHT2x_GetHumiPoll  sht2x.o
    0x0800559c   0x0800559c   0x000000bc   Code   RO          414    i.SHT2x_GetTempPoll  sht2x.o
    0x08005658   0x08005658   0x00000010   Code   RO          415    i.SHT2x_Init        sht2x.o
    0x08005668   0x08005668   0x00000028   Code   RO          416    i.SHT2x_SoftReset   sht2x.o
    0x08005690   0x08005690   0x00000090   Code   RO         1072    i.SPI1_Init         spi.o
    0x08005720   0x08005720   0x00000054   Code   RO         1073    i.SPI1_ReadWriteByte  spi.o
    0x08005774   0x08005774   0x00000028   Code   RO         1074    i.SPI1_SetSpeed     spi.o
    0x0800579c   0x0800579c   0x00000018   Code   RO         3301    i.SPI_Cmd           stm32f10x_spi.o
    0x080057b4   0x080057b4   0x00000012   Code   RO         3309    i.SPI_I2S_GetFlagStatus  stm32f10x_spi.o
    0x080057c6   0x080057c6   0x00000006   Code   RO         3312    i.SPI_I2S_ReceiveData  stm32f10x_spi.o
    0x080057cc   0x080057cc   0x00000004   Code   RO         3313    i.SPI_I2S_SendData  stm32f10x_spi.o
    0x080057d0   0x080057d0   0x0000003c   Code   RO         3314    i.SPI_Init          stm32f10x_spi.o
    0x0800580c   0x0800580c   0x00000002   Code   RO         3661    i.SVC_Handler       stm32f10x_it.o
    0x0800580e   0x0800580e   0x00000008   Code   RO         3738    i.SetSysClock       system_stm32f10x.o
    0x08005816   0x08005816   0x00000002   PAD
    0x08005818   0x08005818   0x00000094   Code   RO         3739    i.SetSysClockHSITo64  system_stm32f10x.o
    0x080058ac   0x080058ac   0x00000064   Code   RO         3444    i.SysTick_Handler   delay.o
    0x08005910   0x08005910   0x00000060   Code   RO         3741    i.SystemInit        system_stm32f10x.o
    0x08005970   0x08005970   0x00000080   Code   RO         2074    i.TI1_Config        stm32f10x_tim.o
    0x080059f0   0x080059f0   0x00000098   Code   RO         2075    i.TI2_Config        stm32f10x_tim.o
    0x08005a88   0x08005a88   0x00000090   Code   RO         2076    i.TI3_Config        stm32f10x_tim.o
    0x08005b18   0x08005b18   0x00000098   Code   RO         2077    i.TI4_Config        stm32f10x_tim.o
    0x08005bb0   0x08005bb0   0x00000088   Code   RO          226    i.TIM1_CC_IRQHandler  timer.o
    0x08005c38   0x08005c38   0x000000d0   Code   RO          227    i.TIM1_Cap_Init     timer.o
    0x08005d08   0x08005d08   0x000000ac   Code   RO          228    i.TIM1_UP_IRQHandler  timer.o
    0x08005db4   0x08005db4   0x0000003c   Code   RO          229    i.TIM3_IRQHandler   timer.o
    0x08005df0   0x08005df0   0x00000060   Code   RO          230    i.TIM3_Int_Init     timer.o
    0x08005e50   0x08005e50   0x00000006   Code   RO         2085    i.TIM_ClearITPendingBit  stm32f10x_tim.o
    0x08005e56   0x08005e56   0x00000018   Code   RO         2090    i.TIM_Cmd           stm32f10x_tim.o
    0x08005e6e   0x08005e6e   0x00000022   Code   RO         2111    i.TIM_GetITStatus   stm32f10x_tim.o
    0x08005e90   0x08005e90   0x000000ac   Code   RO         2113    i.TIM_ICInit        stm32f10x_tim.o
    0x08005f3c   0x08005f3c   0x00000012   Code   RO         2115    i.TIM_ITConfig      stm32f10x_tim.o
    0x08005f4e   0x08005f4e   0x00000012   Code   RO         2121    i.TIM_OC1PolarityConfig  stm32f10x_tim.o
    0x08005f60   0x08005f60   0x00000012   Code   RO         2156    i.TIM_SetIC1Prescaler  stm32f10x_tim.o
    0x08005f72   0x08005f72   0x0000001a   Code   RO         2157    i.TIM_SetIC2Prescaler  stm32f10x_tim.o
    0x08005f8c   0x08005f8c   0x00000012   Code   RO         2158    i.TIM_SetIC3Prescaler  stm32f10x_tim.o
    0x08005f9e   0x08005f9e   0x0000001a   Code   RO         2159    i.TIM_SetIC4Prescaler  stm32f10x_tim.o
    0x08005fb8   0x08005fb8   0x000000a4   Code   RO         2161    i.TIM_TimeBaseInit  stm32f10x_tim.o
    0x0800605c   0x0800605c   0x00000024   Code   RO         3528    i.USART1_IRQHandler  usart.o
    0x08006080   0x08006080   0x000000a0   Code   RO         3529    i.USART1_Init       usart.o
    0x08006120   0x08006120   0x00000024   Code   RO          166    i.USART2_IRQHandler  uart2.o
    0x08006144   0x08006144   0x000000a8   Code   RO          167    i.USART2_Init       uart2.o
    0x080061ec   0x080061ec   0x00000020   Code   RO          131    i.USART3_IRQHandler  uart3.o
    0x0800620c   0x0800620c   0x00000018   Code   RO         2626    i.USART_Cmd         stm32f10x_usart.o
    0x08006224   0x08006224   0x0000009c   Code   RO         2628    i.USART_DeInit      stm32f10x_usart.o
    0x080062c0   0x080062c0   0x00000054   Code   RO         2630    i.USART_GetITStatus  stm32f10x_usart.o
    0x08006314   0x08006314   0x0000004a   Code   RO         2632    i.USART_ITConfig    stm32f10x_usart.o
    0x0800635e   0x0800635e   0x00000002   PAD
    0x08006360   0x08006360   0x000000d8   Code   RO         2633    i.USART_Init        stm32f10x_usart.o
    0x08006438   0x08006438   0x0000000a   Code   RO         2640    i.USART_ReceiveData  stm32f10x_usart.o
    0x08006442   0x08006442   0x00000004   Code   RO         3662    i.UsageFault_Handler  stm32f10x_it.o
    0x08006446   0x08006446   0x00000002   PAD
    0x08006448   0x08006448   0x00000058   Code   RO         1100    i.W25QXX_Erase_Sector  w25qxx.o
    0x080064a0   0x080064a0   0x00000078   Code   RO         1101    i.W25QXX_Init       w25qxx.o
    0x08006518   0x08006518   0x00000050   Code   RO         1103    i.W25QXX_Read       w25qxx.o
    0x08006568   0x08006568   0x00000048   Code   RO         1104    i.W25QXX_ReadID     w25qxx.o
    0x080065b0   0x080065b0   0x0000002c   Code   RO         1105    i.W25QXX_ReadSR     w25qxx.o
    0x080065dc   0x080065dc   0x00000012   Code   RO         1107    i.W25QXX_Wait_Busy  w25qxx.o
    0x080065ee   0x080065ee   0x00000002   PAD
    0x080065f0   0x080065f0   0x000000d4   Code   RO         1108    i.W25QXX_Write      w25qxx.o
    0x080066c4   0x080066c4   0x00000020   Code   RO         1110    i.W25QXX_Write_Enable  w25qxx.o
    0x080066e4   0x080066e4   0x00000046   Code   RO         1111    i.W25QXX_Write_NoCheck  w25qxx.o
    0x0800672a   0x0800672a   0x00000002   PAD
    0x0800672c   0x0800672c   0x00000054   Code   RO         1112    i.W25QXX_Write_Page  w25qxx.o
    0x08006780   0x08006780   0x00000028   Code   RO         4681    i.__ARM_fpclassify  m_ws.l(fpclassify.o)
    0x080067a8   0x080067a8   0x0000000e   Code   RO         4504    i._is_digit         c_w.l(__printf_wp.o)
    0x080067b6   0x080067b6   0x00000006   Code   RO         3530    i._sys_exit         usart.o
    0x080067bc   0x080067bc   0x0000001c   Code   RO          734    i.adc_check_task    adc.o
    0x080067d8   0x080067d8   0x00000010   Code   RO          735    i.adc_check_time    adc.o
    0x080067e8   0x080067e8   0x00000090   Code   RO         4038    i.check_fs          ff.o
    0x08006878   0x08006878   0x00000014   Code   RO         4039    i.chk_chr           ff.o
    0x0800688c   0x0800688c   0x00000032   Code   RO         4040    i.clmt_clust        ff.o
    0x080068be   0x080068be   0x0000001a   Code   RO         4041    i.clust2sect        ff.o
    0x080068d8   0x080068d8   0x00000090   Code   RO         4042    i.cmp_lfn           ff.o
    0x08006968   0x08006968   0x00000010   Code   RO          231    i.co2_read_time     timer.o
    0x08006978   0x08006978   0x00000012   Code   RO          901    i.convert_from_bytes_to_power_of_two  sdio_sdcard.o
    0x0800698a   0x0800698a   0x000000d6   Code   RO         4043    i.create_chain      ff.o
    0x08006a60   0x08006a60   0x00000270   Code   RO         4044    i.create_name       ff.o
    0x08006cd0   0x08006cd0   0x00000016   Code   RO         3445    i.delay_init        delay.o
    0x08006ce6   0x08006ce6   0x00000012   Code   RO         3446    i.delay_ms          delay.o
    0x08006cf8   0x08006cf8   0x00000088   Code   RO         3447    i.delay_us          delay.o
    0x08006d80   0x08006d80   0x0000005c   Code   RO         4045    i.dir_alloc         ff.o
    0x08006ddc   0x08006ddc   0x000000ea   Code   RO         4046    i.dir_find          ff.o
    0x08006ec6   0x08006ec6   0x0000010e   Code   RO         4047    i.dir_next          ff.o
    0x08006fd4   0x08006fd4   0x0000012a   Code   RO         4049    i.dir_register      ff.o
    0x080070fe   0x080070fe   0x0000009e   Code   RO         4051    i.dir_sdi           ff.o
    0x0800719c   0x0800719c   0x00000038   Code   RO         3978    i.disk_initialize   diskio.o
    0x080071d4   0x080071d4   0x000000b4   Code   RO         3979    i.disk_ioctl        diskio.o
    0x08007288   0x08007288   0x0000007a   Code   RO         3980    i.disk_read         diskio.o
    0x08007302   0x08007302   0x00000006   Code   RO         3981    i.disk_status       diskio.o
    0x08007308   0x08007308   0x0000007a   Code   RO         3982    i.disk_write        diskio.o
    0x08007382   0x08007382   0x00000002   PAD
    0x08007384   0x08007384   0x0000007c   Code   RO         3774    i.exfuns_init       exfuns.o
    0x08007400   0x08007400   0x00000020   Code   RO         4053    i.f_close           ff.o
    0x08007420   0x08007420   0x0000005c   Code   RO         4061    i.f_mount           ff.o
    0x0800747c   0x0800747c   0x00000180   Code   RO         4062    i.f_open            ff.o
    0x080075fc   0x080075fc   0x000001b0   Code   RO         4067    i.f_read            ff.o
    0x080077ac   0x080077ac   0x000000b0   Code   RO         4072    i.f_sync            ff.o
    0x0800785c   0x0800785c   0x00000098   Code   RO         3959    i.ff_convert        mycc936.o
    0x080078f4   0x080078f4   0x0000000c   Code   RO         3983    i.ff_memalloc       diskio.o
    0x08007900   0x08007900   0x0000000c   Code   RO         3984    i.ff_memfree        diskio.o
    0x0800790c   0x0800790c   0x00000038   Code   RO         3960    i.ff_wtoupper       mycc936.o
    0x08007944   0x08007944   0x00000394   Code   RO         4077    i.find_volume       ff.o
    0x08007cd8   0x08007cd8   0x00000080   Code   RO         4078    i.fit_lfn           ff.o
    0x08007d58   0x08007d58   0x00000090   Code   RO         4079    i.follow_path       ff.o
    0x08007de8   0x08007de8   0x0000005c   Code   RO         4379    i.font_init         fontupd.o
    0x08007e44   0x08007e44   0x0000001c   Code   RO         3531    i.fputc             usart.o
    0x08007e60   0x08007e60   0x00000070   Code   RO         4380    i.fupd_prog         fontupd.o
    0x08007ed0   0x08007ed0   0x000000cc   Code   RO         4080    i.gen_numname       ff.o
    0x08007f9c   0x08007f9c   0x000000f2   Code   RO         4081    i.get_fat           ff.o
    0x0800808e   0x0800808e   0x00000004   Code   RO         3985    i.get_fattime       diskio.o
    0x08008092   0x08008092   0x0000004a   Code   RO         4083    i.get_ldnumber      ff.o
    0x080080dc   0x080080dc   0x00000104   Code   RO          168    i.interface_receive  uart2.o
    0x080081e0   0x080081e0   0x00000024   Code   RO          169    i.interface_receive_check  uart2.o
    0x08008204   0x08008204   0x00000078   Code   RO         1422    i.key1_short_event  key_task.o
    0x0800827c   0x0800827c   0x00000002   Code   RO         1423    i.key2_short_event  key_task.o
    0x0800827e   0x0800827e   0x00000002   PAD
    0x08008280   0x08008280   0x00000078   Code   RO         1424    i.key3_short_event  key_task.o
    0x080082f8   0x080082f8   0x0000004c   Code   RO          509    i.key_run_main_task  key.o
    0x08008344   0x08008344   0x00000230   Code   RO          589    i.key_show_klw      lcd_task.o
    0x08008574   0x08008574   0x00000058   Code   RO         1425    i.key_up_long_event  key_task.o
    0x080085cc   0x080085cc   0x00000002   Code   RO         1426    i.key_up_short_event  key_task.o
    0x080085ce   0x080085ce   0x00000002   PAD
    0x080085d0   0x080085d0   0x000000a8   Code   RO          590    i.lcd_clear_curve   lcd_task.o
    0x08008678   0x08008678   0x00000130   Code   RO          591    i.lcd_curve_task    lcd_task.o
    0x080087a8   0x080087a8   0x00000010   Code   RO          592    i.lcd_curve_time    lcd_task.o
    0x080087b8   0x080087b8   0x0000008c   Code   RO          593    i.lcd_get_co2_back_color  lcd_task.o
    0x08008844   0x08008844   0x00000110   Code   RO          594    i.lcd_get_hcho_back_color  lcd_task.o
    0x08008954   0x08008954   0x00000094   Code   RO          595    i.lcd_get_pm25_back_color  lcd_task.o
    0x080089e8   0x080089e8   0x000000d0   Code   RO          596    i.lcd_get_voc_back_color  lcd_task.o
    0x08008ab8   0x08008ab8   0x00000110   Code   RO          597    i.lcd_show_curve    lcd_task.o
    0x08008bc8   0x08008bc8   0x00000398   Code   RO          598    i.lcd_show_curve_data  lcd_task.o
    0x08008f60   0x08008f60   0x00000050   Code   RO          599    i.lcd_show_main     lcd_task.o
    0x08008fb0   0x08008fb0   0x000001ac   Code   RO          600    i.lcd_show_zuobiao  lcd_task.o
    0x0800915c   0x0800915c   0x00000030   Code   RO          601    i.lcd_show_zuobiao_point  lcd_task.o
    0x0800918c   0x0800918c   0x0000004c   Code   RO          602    i.lcd_updata_co2bmp  lcd_task.o
    0x080091d8   0x080091d8   0x00000054   Code   RO          603    i.lcd_updata_hchobmp  lcd_task.o
    0x0800922c   0x0800922c   0x00000054   Code   RO          604    i.lcd_updata_pm25bmp  lcd_task.o
    0x08009280   0x08009280   0x00000554   Code   RO          605    i.lcd_updata_task   lcd_task.o
    0x080097d4   0x080097d4   0x00000010   Code   RO          606    i.lcd_updata_time   lcd_task.o
    0x080097e4   0x080097e4   0x00000054   Code   RO          607    i.lcd_updata_vocbmp  lcd_task.o
    0x08009838   0x08009838   0x00000020   Code   RO         4084    i.ld_clust          ff.o
    0x08009858   0x08009858   0x000001d8   Code   RO         3595    i.main              main.o
    0x08009a30   0x08009a30   0x00000026   Code   RO         4085    i.mem_cmp           ff.o
    0x08009a56   0x08009a56   0x0000001a   Code   RO         4086    i.mem_cpy           ff.o
    0x08009a70   0x08009a70   0x00000048   Code   RO          804    i.mem_free          malloc.o
    0x08009ab8   0x08009ab8   0x0000002c   Code   RO          805    i.mem_init          malloc.o
    0x08009ae4   0x08009ae4   0x00000078   Code   RO          806    i.mem_malloc        malloc.o
    0x08009b5c   0x08009b5c   0x00000030   Code   RO          807    i.mem_perused       malloc.o
    0x08009b8c   0x08009b8c   0x00000014   Code   RO         4087    i.mem_set           ff.o
    0x08009ba0   0x08009ba0   0x00000034   Code   RO         4088    i.move_window       ff.o
    0x08009bd4   0x08009bd4   0x0000001c   Code   RO          808    i.myfree            malloc.o
    0x08009bf0   0x08009bf0   0x00000020   Code   RO          809    i.mymalloc          malloc.o
    0x08009c10   0x08009c10   0x00000014   Code   RO          811    i.mymemset          malloc.o
    0x08009c24   0x08009c24   0x0000001c   Code   RO          736    i.power_Read_Input  adc.o
    0x08009c40   0x08009c40   0x0000022c   Code   RO          737    i.power_check_task  adc.o
    0x08009e6c   0x08009e6c   0x00000010   Code   RO          738    i.power_check_time  adc.o
    0x08009e7c   0x08009e7c   0x0000002c   Code   RO          510    i.power_key_floating  key.o
    0x08009ea8   0x08009ea8   0x00000038   Code   RO          511    i.power_vcc_en_init  key.o
    0x08009ee0   0x08009ee0   0x00000142   Code   RO         4090    i.put_fat           ff.o
    0x0800a022   0x0800a022   0x00000002   PAD
    0x0800a024   0x0800a024   0x00000044   Code   RO          417    i.read_sht20_task   sht2x.o
    0x0800a068   0x0800a068   0x00000010   Code   RO          418    i.read_sht20_time   sht2x.o
    0x0800a078   0x0800a078   0x0000006c   Code   RO         4092    i.remove_chain      ff.o
    0x0800a0e4   0x0800a0e4   0x00000010   Code   RO         4093    i.st_clust          ff.o
    0x0800a0f4   0x0800a0f4   0x00000020   Code   RO         4094    i.sum_sfn           ff.o
    0x0800a114   0x0800a114   0x000000c8   Code   RO         4095    i.sync_fs           ff.o
    0x0800a1dc   0x0800a1dc   0x00000052   Code   RO         4096    i.sync_window       ff.o
    0x0800a22e   0x0800a22e   0x00000002   PAD
    0x0800a230   0x0800a230   0x000000dc   Code   RO          232    i.tim1_pwm_co2_task  timer.o
    0x0800a30c   0x0800a30c   0x0000015c   Code   RO         4381    i.updata_fontx      fontupd.o
    0x0800a468   0x0800a468   0x000003ac   Code   RO         4382    i.update_font       fontupd.o
    0x0800a814   0x0800a814   0x0000002c   Code   RO          739    i.usb_power_init    adc.o
    0x0800a840   0x0800a840   0x00000036   Code   RO         4097    i.validate          ff.o
    0x0800a876   0x0800a876   0x00000002   PAD
    0x0800a878   0x0800a878   0x0000002c   Code   RO         4677    locale$$code        c_w.l(lc_numeric_c.o)
    0x0800a8a4   0x0800a8a4   0x00000062   Code   RO         4534    x$fpl$d2f           fz_ws.l(d2f.o)
    0x0800a906   0x0800a906   0x00000002   PAD
    0x0800a908   0x0800a908   0x00000150   Code   RO         4536    x$fpl$dadd          fz_ws.l(daddsub_clz.o)
    0x0800aa58   0x0800aa58   0x00000018   Code   RO         4604    x$fpl$dcmpinf       fz_ws.l(dcmpi.o)
    0x0800aa70   0x0800aa70   0x00000078   Code   RO         4542    x$fpl$dleqf         fz_ws.l(dleqf.o)
    0x0800aae8   0x0800aae8   0x00000154   Code   RO         4544    x$fpl$dmul          fz_ws.l(dmul.o)
    0x0800ac3c   0x0800ac3c   0x0000009c   Code   RO         4606    x$fpl$dnaninf       fz_ws.l(dnaninf.o)
    0x0800acd8   0x0800acd8   0x0000000c   Code   RO         4608    x$fpl$dretinf       fz_ws.l(dretinf.o)
    0x0800ace4   0x0800ace4   0x0000006c   Code   RO         4546    x$fpl$drleqf        fz_ws.l(drleqf.o)
    0x0800ad50   0x0800ad50   0x000001d4   Code   RO         4538    x$fpl$dsub          fz_ws.l(daddsub_clz.o)
    0x0800af24   0x0800af24   0x00000056   Code   RO         4548    x$fpl$f2d           fz_ws.l(f2d.o)
    0x0800af7a   0x0800af7a   0x00000002   PAD
    0x0800af7c   0x0800af7c   0x000000c4   Code   RO         4550    x$fpl$fadd          fz_ws.l(faddsub_clz.o)
    0x0800b040   0x0800b040   0x00000018   Code   RO         4610    x$fpl$fcmpinf       fz_ws.l(fcmpi.o)
    0x0800b058   0x0800b058   0x00000184   Code   RO         4557    x$fpl$fdiv          fz_ws.l(fdiv.o)
    0x0800b1dc   0x0800b1dc   0x00000068   Code   RO         4560    x$fpl$feqf          fz_ws.l(feqf.o)
    0x0800b244   0x0800b244   0x00000036   Code   RO         4562    x$fpl$ffix          fz_ws.l(ffix.o)
    0x0800b27a   0x0800b27a   0x00000002   PAD
    0x0800b27c   0x0800b27c   0x0000003e   Code   RO         4566    x$fpl$ffixu         fz_ws.l(ffixu.o)
    0x0800b2ba   0x0800b2ba   0x00000002   PAD
    0x0800b2bc   0x0800b2bc   0x00000030   Code   RO         4571    x$fpl$fflt          fz_ws.l(fflt_clz.o)
    0x0800b2ec   0x0800b2ec   0x00000026   Code   RO         4570    x$fpl$ffltu         fz_ws.l(fflt_clz.o)
    0x0800b312   0x0800b312   0x00000002   PAD
    0x0800b314   0x0800b314   0x00000102   Code   RO         4578    x$fpl$fmul          fz_ws.l(fmul.o)
    0x0800b416   0x0800b416   0x0000008c   Code   RO         4612    x$fpl$fnaninf       fz_ws.l(fnaninf.o)
    0x0800b4a2   0x0800b4a2   0x0000000a   Code   RO         4614    x$fpl$fretinf       fz_ws.l(fretinf.o)
    0x0800b4ac   0x0800b4ac   0x000000ea   Code   RO         4552    x$fpl$fsub          fz_ws.l(faddsub_clz.o)
    0x0800b596   0x0800b596   0x00000004   Code   RO         4582    x$fpl$printf1       fz_ws.l(printf1.o)
    0x0800b59a   0x0800b59a   0x00000000   Code   RO         4616    x$fpl$usenofp       fz_ws.l(usenofp.o)
    0x0800b59a   0x0800b59a   0x00000002   Data   RO          172    .constdata          uart2.o
    0x0800b59c   0x0800b59c   0x00003f76   Data   RO         1237    .constdata          gc9306.o
    0x0800f512   0x0800f512   0x00000002   Data   RO         3534    .constdata          usart.o
    0x0800f514   0x0800f514   0x000003c0   Data   RO         3961    .constdata          mycc936.o
    0x0800f8d4   0x0800f8d4   0x0000003a   Data   RO         4098    .constdata          ff.o
    0x0800f90e   0x0800f90e   0x00000002   PAD
    0x0800f910   0x0800f910   0x00000010   Data   RO         4384    .constdata          fontupd.o
    0x0800f920   0x0800f920   0x00000028   Data   RO         4477    .constdata          c_w.l(_printf_hex_int.o)
    0x0800f948   0x0800f948   0x00000011   Data   RO         4507    .constdata          c_w.l(__printf_flags_wp.o)
    0x0800f959   0x0800f959   0x00000003   PAD
    0x0800f95c   0x0800f95c   0x00000094   Data   RO         4648    .constdata          c_w.l(bigflt0.o)
    0x0800f9f0   0x0800f9f0   0x0000005f   Data   RO         4385    .conststring        fontupd.o
    0x0800fa4f   0x0800fa4f   0x00000001   PAD
    0x0800fa50   0x0800fa50   0x00000020   Data   RO         4822    Region$$Table       anon$$obj.o
    0x0800fa70   0x0800fa70   0x0000001c   Data   RO         4676    locale$$data        c_w.l(lc_numeric_c.o)


    Execution Region RW_IRAM1 (Exec base: 0x20000000, Load base: 0x0800fa8c, Size: 0x0000a280, Max: 0x0000c000, ABSOLUTE, COMPRESSED[0x00000058])

    Exec Addr    Load Addr    Size         Type   Attr      Idx    E Section Name        Object

    0x20000000   COMPRESSED   0x0000000d   Data   RW          173    .data               uart2.o
    0x2000000d   COMPRESSED   0x00000001   PAD
    0x2000000e   COMPRESSED   0x0000000e   Data   RW          233    .data               timer.o
    0x2000001c   COMPRESSED   0x00000018   Data   RW          419    .data               sht2x.o
    0x20000034   COMPRESSED   0x00000016   Data   RW          513    .data               key.o
    0x2000004a   COMPRESSED   0x00000002   PAD
    0x2000004c   COMPRESSED   0x00000030   Data   RW          609    .data               lcd_task.o
    0x2000007c   COMPRESSED   0x00000063   Data   RW          741    .data               adc.o
    0x200000df   COMPRESSED   0x00000001   PAD
    0x200000e0   COMPRESSED   0x00000014   Data   RW          815    .data               malloc.o
    0x200000f4   COMPRESSED   0x00000010   Data   RW          903    .data               sdio_sdcard.o
    0x20000104   COMPRESSED   0x00000002   Data   RW         1115    .data               w25qxx.o
    0x20000106   COMPRESSED   0x00000001   Data   RW         1427    .data               key_task.o
    0x20000107   COMPRESSED   0x00000014   Data   RW         2834    .data               stm32f10x_rcc.o
    0x2000011b   COMPRESSED   0x00000001   PAD
    0x2000011c   COMPRESSED   0x00000020   Data   RW         3448    .data               delay.o
    0x2000013c   COMPRESSED   0x0000001f   Data   RW         3535    .data               usart.o
    0x2000015b   COMPRESSED   0x00000001   PAD
    0x2000015c   COMPRESSED   0x00000005   Data   RW         3598    .data               main.o
    0x20000161   COMPRESSED   0x00000003   PAD
    0x20000164   COMPRESSED   0x0000001c   Data   RW         3779    .data               exfuns.o
    0x20000180   COMPRESSED   0x00000002   Data   RW         3986    .data               diskio.o
    0x20000182   COMPRESSED   0x00000002   PAD
    0x20000184   COMPRESSED   0x0000000a   Data   RW         4099    .data               ff.o
    0x2000018e   COMPRESSED   0x00000002   PAD
    0x20000190        -       0x00000032   Zero   RW          171    .bss                uart2.o
    0x200001c2        -       0x00000010   Zero   RW          512    .bss                key.o
    0x200001d2        -       0x00000780   Zero   RW          608    .bss                lcd_task.o
    0x20000952        -       0x00000028   Zero   RW          740    .bss                adc.o
    0x2000097a   COMPRESSED   0x00000002   PAD
    0x2000097c        -       0x00007f80   Zero   RW          813    .bss                malloc.o
    0x200088fc   COMPRESSED   0x00000004   PAD
    0x20008900        -       0x000002c0   Zero   RW          902    .bss                sdio_sdcard.o
    0x20008bc0        -       0x00001000   Zero   RW         1114    .bss                w25qxx.o
    0x20009bc0        -       0x0000000c   Zero   RW         1236    .bss                gc9306.o
    0x20009bcc        -       0x00000032   Zero   RW         3533    .bss                usart.o
    0x20009bfe        -       0x00000021   Zero   RW         4383    .bss                fontupd.o
    0x20009c1f   COMPRESSED   0x00000001   PAD
    0x20009c20        -       0x00000060   Zero   RW         4684    .bss                c_w.l(libspace.o)
    0x20009c80        -       0x00000200   Zero   RW           18    HEAP                startup_stm32f10x_hd.o
    0x20009e80        -       0x00000400   Zero   RW           17    STACK               startup_stm32f10x_hd.o


==============================================================================

Image component sizes


      Code (inc. data)   RO Data    RW Data    ZI Data      Debug   Object Name

      1394        154          0         99         40       6685   adc.o
         0          0          0          0          0       4540   core_cm3.o
       288         50          0         32          0       2684   delay.o
       514         14          0          2          0       6572   diskio.o
       124         18          0         28          0       4210   exfuns.o
      6080         64         58         10          0      32103   ff.o
      1492        268        111          0         33       5178   fontupd.o
      3286        120      16246          0         12      20210   gc9306.o
      1002        116          0         22         16       8378   key.o
       332         54          0          1          0       2696   key_task.o
      5298        716          0         48       1920      13328   lcd_task.o
       472        140          0          5          0       2285   main.o
       364         30          0         20      32640       5486   malloc.o
       132         22          0          0          0       1539   misc.o
       208         16        960          0          0       1911   mycc936.o
      7230        386          0         16        704      32822   sdio_sdcard.o
      1228        152          0         24          0       9336   sht2x.o
       268         18          0          0          0       1773   spi.o
        64         26        304          0       1536        788   startup_stm32f10x_hd.o
       232          0          0          0          0       4667   stm32f10x_adc.o
       416          8          0          0          0       3430   stm32f10x_dma.o
       448          6          0          0          0       4518   stm32f10x_gpio.o
        24          0          0          0          0       3316   stm32f10x_it.o
       372         50          0         20          0       6168   stm32f10x_rcc.o
       304         72          0          0          0       8070   stm32f10x_sdio.o
       112          0          0          0          0       3854   stm32f10x_spi.o
      1100        150          0          0          0      10163   stm32f10x_tim.o
       564         28          0          0          0       5633   stm32f10x_usart.o
         8          0          0          0          0        825   sys.o
       252         28          0          0          0       1337   system_stm32f10x.o
       908        122          0         14          0     288180   timer.o
       538         54          2         13         50       4036   uart2.o
        32          6          0          0          0        504   uart3.o
      1106         88          2         31         50       6806   usart.o
       820        104          0          2       4096       6705   w25qxx.o
         0          0          0          0          0     219256   wdg.o

    ----------------------------------------------------------------------
     37054       3080      17718        400      41104     739992   Object Totals
         0          0         32          0          0          0   (incl. Generated)
        42          0          3         13          7          0   (incl. Padding)

    ----------------------------------------------------------------------

      Code (inc. data)   RO Data    RW Data    ZI Data      Debug   Library Member Name

        90          0          0          0          0          0   __dczerorl2.o
         8          0          0          0          0         68   __main.o
       312          4         17          0          0         92   __printf_flags_wp.o
        14          0          0          0          0         68   __printf_wp.o
         0          0          0          0          0          0   __rtentry.o
        12          0          0          0          0          0   __rtentry2.o
         6          0          0          0          0          0   __rtentry4.o
        52          8          0          0          0          0   __scatter.o
        28          0          0          0          0          0   __scatter_zi.o
        44          0          0          0          0        108   _printf_char.o
        48          6          0          0          0         96   _printf_char_common.o
        36          4          0          0          0         80   _printf_char_file.o
         6          0          0          0          0          0   _printf_d.o
       120         16          0          0          0         92   _printf_dec.o
         6          0          0          0          0          0   _printf_f.o
      1054          0          0          0          0        216   _printf_fp_dec.o
       128         16          0          0          0         84   _printf_fp_infnan.o
        88          4         40          0          0         88   _printf_hex_int.o
       178          0          0          0          0         88   _printf_intcommon.o
        78          0          0          0          0        108   _printf_pad.o
         0          0          0          0          0          0   _printf_percent.o
         4          0          0          0          0          0   _printf_percent_end.o
         6          0          0          0          0          0   _printf_s.o
        82          0          0          0          0         80   _printf_str.o
         6          0          0          0          0          0   _printf_x.o
        10          0          0          0          0         68   _sputc.o
       228          4        148          0          0         96   bigflt0.o
      1936        128          0          0          0        672   btod.o
        18          0          0          0          0         80   exit.o
         8          0          0          0          0         68   ferror.o
         6          0          0          0          0        152   heapauxi.o
        44         10         28          0          0         76   lc_numeric_c.o
         2          0          0          0          0          0   libinit.o
        18          0          0          0          0          0   libinit2.o
         2          0          0          0          0          0   libshutdown.o
         2          0          0          0          0          0   libshutdown2.o
         8          4          0          0         96         68   libspace.o
        72          0          0          0          0         76   llsdiv.o
       138          0          0          0          0         80   lludiv10.o
       238          0          0          0          0        100   lludivv7m.o
        24          4          0          0          0         84   noretval__2printf.o
        40          6          0          0          0         84   noretval__2sprintf.o
         8          4          0          0          0         68   rt_locale_intlibspace.o
       138          0          0          0          0         68   rt_memcpy_v6.o
       100          0          0          0          0         80   rt_memcpy_w.o
         2          0          0          0          0          0   rtexit.o
        10          0          0          0          0          0   rtexit2.o
        24          0          0          0          0         68   strcat.o
       128          0          0          0          0         68   strcmpv7m.o
        72          0          0          0          0         80   strcpy.o
        74          0          0          0          0         80   sys_stackheap_outer.o
         2          0          0          0          0         68   use_no_semi.o
         2          0          0          0          0         68   use_no_semi_2.o
        98          4          0          0          0         92   d2f.o
       804         16          0          0          0        272   daddsub_clz.o
        24          0          0          0          0         68   dcmpi.o
       120          4          0          0          0         92   dleqf.o
       340         12          0          0          0        104   dmul.o
       156          4          0          0          0         92   dnaninf.o
        12          0          0          0          0         68   dretinf.o
       108          0          0          0          0         80   drleqf.o
        86          4          0          0          0         84   f2d.o
       430          8          0          0          0        168   faddsub_clz.o
        24          0          0          0          0         68   fcmpi.o
       388         76          0          0          0         96   fdiv.o
       104          4          0          0          0         84   feqf.o
        54          4          0          0          0         84   ffix.o
        62          4          0          0          0         84   ffixu.o
        86          0          0          0          0        136   fflt_clz.o
       258          4          0          0          0         84   fmul.o
       140          4          0          0          0         84   fnaninf.o
        10          0          0          0          0         68   fretinf.o
         4          0          0          0          0         68   printf1.o
         0          0          0          0          0          0   usenofp.o
        40          0          0          0          0         68   fpclassify.o

    ----------------------------------------------------------------------
      9132        366        236          0         96       5664   Library Totals
        24          0          3          0          0          0   (incl. Padding)

    ----------------------------------------------------------------------

      Code (inc. data)   RO Data    RW Data    ZI Data      Debug   Library Name

      5760        218        233          0         96       3620   c_w.l
      3308        148          0          0          0       1976   fz_ws.l
        40          0          0          0          0         68   m_ws.l

    ----------------------------------------------------------------------
      9132        366        236          0         96       5664   Library Totals

    ----------------------------------------------------------------------

==============================================================================


      Code (inc. data)   RO Data    RW Data    ZI Data      Debug   

     46186       3446      17954        400      41200     728284   Grand Totals
     46186       3446      17954         88      41200     728284   ELF Image Totals (compressed)
     46186       3446      17954         88          0          0   ROM Totals

==============================================================================

    Total RO  Size (Code + RO Data)                64140 (  62.64kB)
    Total RW  Size (RW Data + ZI Data)             41600 (  40.63kB)
    Total ROM Size (Code + RO Data + RW Data)      64228 (  62.72kB)

==============================================================================

